Archive member included to satisfy reference by file (symbol)

C:/devkitPro/libnds/lib\libdswifi7.a(wifi_arm7.o)
                              main.o (Wifi_Update)
C:/devkitPro/libnds/lib\libdswifi7.a(spinlock.o)
                              C:/devkitPro/libnds/lib\libdswifi7.a(wifi_arm7.o) (SLasm_Acquire)
C:/devkitPro/libnds/lib\libmm7.a(mm_main_ds.o)
                              main.o (mmInstall)
C:/devkitPro/libnds/lib\libmm7.a(mm_mas.o)
                              C:/devkitPro/libnds/lib\libmm7.a(mm_main_ds.o) (mm_achannels)
C:/devkitPro/libnds/lib\libmm7.a(mm_main.o)
                              C:/devkitPro/libnds/lib\libmm7.a(mm_mas.o) (mmCallback)
C:/devkitPro/libnds/lib\libmm7.a(mm_effect.o)
                              C:/devkitPro/libnds/lib\libmm7.a(mm_main_ds.o) (mmResetEffects)
C:/devkitPro/libnds/lib\libmm7.a(mm_mas_arm.o)
                              C:/devkitPro/libnds/lib\libmm7.a(mm_mas.o) (mmAllocChannel)
C:/devkitPro/libnds/lib\libmm7.a(mm_mixer_super.o)
                              C:/devkitPro/libnds/lib\libmm7.a(mm_main_ds.o) (mm_mix_channels)
C:/devkitPro/libnds/lib\libmm7.a(mm_comms7.o)
                              C:/devkitPro/libnds/lib\libmm7.a(mm_main_ds.o) (mmSetupComms)
C:/devkitPro/libnds/lib\libmm7.a(mm_stream.o)
                              C:/devkitPro/libnds/lib\libmm7.a(mm_comms7.o) (mmStreamBegin)
C:/devkitPro/libnds/lib\libmm7.a(mm_reverb.o)
                              C:/devkitPro/libnds/lib\libmm7.a(mm_comms7.o) (mmReverbEnable)
C:/devkitPro/libnds/lib\libnds7.a(system.o)
                              main.o (installSystemFIFO)
C:/devkitPro/libnds/lib\libnds7.a(touch.o)
                              main.o (touchInit)
C:/devkitPro/libnds/lib\libnds7.a(clock.o)
                              C:/devkitPro/libnds/lib\libnds7.a(system.o) (resyncClock)
C:/devkitPro/libnds/lib\libnds7.a(codec.twl.o)
                              C:/devkitPro/libnds/lib\libnds7.a(touch.o) (cdcTouchInit)
C:/devkitPro/libnds/lib\libnds7.a(spi.o)
                              audio.o (writePowerManagement)
C:/devkitPro/libnds/lib\libnds7.a(firmware.o)
                              C:/devkitPro/libnds/lib\libdswifi7.a(wifi_arm7.o) (readFirmware)
C:/devkitPro/libnds/lib\libnds7.a(userSettings.o)
                              main.o (readUserSettings)
C:/devkitPro/libnds/lib\libnds7.a(card.twl.o)
                              C:/devkitPro/libnds/lib\libnds7.a(system.o) (twlEnableSlot1)
C:/devkitPro/libnds/lib\libnds7.a(input.o)
                              main.o (inputGetAndSend)
C:/devkitPro/libnds/lib\libnds7.a(interrupts.o)
                              main.o (setPowerButtonCB)
C:/devkitPro/libnds/lib\libnds7.a(libnds_exit.arm.o)
                              c:/devkitpro/devkitarm/bin/../lib/gcc/arm-none-eabi/12.1.0/../../../../arm-none-eabi/lib/thumb/ds_arm7_crt0.o (__libnds_exit)
C:/devkitPro/libnds/lib\libnds7.a(fifosystem.o)
                              C:/devkitPro/libnds/lib\libdswifi7.a(wifi_arm7.o) (fifoSendValue32)
C:/devkitPro/libnds/lib\libnds7.a(intrwait.o)
                              main.o (swiWaitForVBlank)
C:/devkitPro/libnds/lib\libnds7.a(interruptDispatcher.o)
                              C:/devkitPro/libnds/lib\libnds7.a(interrupts.o) (IntrMain)
C:/devkitPro/libnds/lib\libnds7.a(biosCalls.o)
                              C:/devkitPro/libnds/lib\libdswifi7.a(wifi_arm7.o) (swiDelay)
C:/devkitPro/libnds/lib\libnds7.a(swiSoftReset.o)
                              C:/devkitPro/libnds/lib\libnds7.a(fifosystem.o) (swiSoftReset)
C:/devkitPro/libnds/lib\libnds7.a(i2c.twl.o)
                              C:/devkitPro/libnds/lib\libnds7.a(interrupts.o) (i2cWriteRegister)
C:/devkitPro/libnds/lib\libnds7.a(sdmmc.twl.o)
                              C:/devkitPro/libnds/lib\libnds7.a(system.o) (sdmmcMsgHandler)
C:/devkitPro/libnds/lib\libnds7.a(systemShutDown.o)
                              C:/devkitPro/libnds/lib\libnds7.a(libnds_exit.arm.o) (systemShutDown)
c:/devkitpro/devkitarm/bin/../lib/gcc/arm-none-eabi/12.1.0/thumb\libgcc.a(_thumb1_case_uqi.o)
                              C:/devkitPro/libnds/lib\libnds7.a(sdmmc.twl.o) (__gnu_thumb1_case_uqi)
c:/devkitpro/devkitarm/bin/../lib/gcc/arm-none-eabi/12.1.0/thumb\libgcc.a(_udivsi3.o)
                              C:/devkitPro/libnds/lib\libnds7.a(clock.o) (__aeabi_uidiv)
c:/devkitpro/devkitarm/bin/../lib/gcc/arm-none-eabi/12.1.0/thumb\libgcc.a(_divsi3.o)
                              audio.o (__aeabi_idiv)
c:/devkitpro/devkitarm/bin/../lib/gcc/arm-none-eabi/12.1.0/thumb\libgcc.a(_dvmd_tls.o)
                              c:/devkitpro/devkitarm/bin/../lib/gcc/arm-none-eabi/12.1.0/thumb\libgcc.a(_udivsi3.o) (__aeabi_idiv0)
c:/devkitpro/devkitarm/bin/../lib/gcc/arm-none-eabi/12.1.0/thumb\libgcc.a(_call_via_rX.o)
                              C:/devkitPro/libnds/lib\libmm7.a(mm_comms7.o) (_call_via_r1)
c:/devkitpro/devkitarm/bin/../lib/gcc/arm-none-eabi/12.1.0/../../../../arm-none-eabi/lib/thumb\libg.a(lib_a-init.o)
[...]
Memory Configuration

Name             Origin             Length             Attributes
ewram            0x0000000002380000 0x0000000000b80000
rom              0x0000000008000000 0x0000000002000000
iwram            0x00000000037f8000 0x0000000000018000
twl_ewram        0x0000000002e80000 0x0000000000070000
twl_iwram        0x0000000003000000 0x0000000000040000
*default*        0x0000000000000000 0xffffffffffffffff

Linker script and memory map

                0x00000000037f8000                __iwram_start = ORIGIN (iwram)
                0x0000000003810000                __iwram_top = (ORIGIN (iwram) + LENGTH (iwram))
                0x000000000380ff00                __sp_irq = (__iwram_top - 0x100)
                0x000000000380fe00                __sp_svc = (__sp_irq - 0x100)
                0x000000000380fd00                __sp_usr = (__sp_svc - 0x100)
                0x0000000003fffff8                __irq_flags = 0x3fffff8
                0x0000000003ffffc0                __irq_flagsaux = 0x3ffffc0
                0x0000000003fffffc                __irq_vector = 0x3fffffc

.twl            0x0000000003000000      0xf8c load address 0x0000000002e80000
                0x0000000002e80000                __arm7i_lma__ = LOADADDR (.twl)
                0x0000000003000000                __arm7i_start__ = .
 *(.twl)
 .twl           0x0000000003000000       0xf0 C:/devkitPro/libnds/lib\libnds7.a(interrupts.o)
                0x0000000003000000                i2cIRQHandler
                0x000000000300005a                irqSetAUX
                0x0000000003000080                irqClearAUX
                0x00000000030000a8                irqDisableAUX
                0x00000000030000cc                irqEnableAUX
 *.twl*(.text .stub .text.* .gnu.linkonce.t.*)
 .text.readTSC  0x00000000030000f0       0x50 C:/devkitPro/libnds/lib\libnds7.a(codec.twl.o)
 .text.writeTSC
                0x0000000003000140       0x3c C:/devkitPro/libnds/lib\libnds7.a(codec.twl.o)
 .text.bankSwitchTSC
                0x000000000300017c       0x28 C:/devkitPro/libnds/lib\libnds7.a(codec.twl.o)
 .text.cdcReadReg
                0x00000000030001a4       0x14 C:/devkitPro/libnds/lib\libnds7.a(codec.twl.o)
                0x00000000030001a4                cdcReadReg
 .text.cdcReadRegArray
                0x00000000030001b8       0x94 C:/devkitPro/libnds/lib\libnds7.a(codec.twl.o)
                0x00000000030001b8                cdcReadRegArray
 .text.cdcWriteReg
                0x000000000300024c       0x18 C:/devkitPro/libnds/lib\libnds7.a(codec.twl.o)
                0x000000000300024c                cdcWriteReg
 .text.cdcWriteRegMask
                0x0000000003000264       0x28 C:/devkitPro/libnds/lib\libnds7.a(codec.twl.o)
                0x0000000003000264                cdcWriteRegMask
 .text.cdcTouchInit
                0x000000000300028c       0x88 C:/devkitPro/libnds/lib\libnds7.a(codec.twl.o)
                0x000000000300028c                cdcTouchInit
 .text.cdcTouchPenDown
                0x0000000003000314       0x28 C:/devkitPro/libnds/lib\libnds7.a(codec.twl.o)
                0x0000000003000314                cdcTouchPenDown
 .text.cdcTouchRead
                0x000000000300033c       0x7e C:/devkitPro/libnds/lib\libnds7.a(codec.twl.o)
                0x000000000300033c                cdcTouchRead
 *fill*         0x00000000030003ba        0x2 
 .text.twlEnableSlot1
                0x00000000030003bc       0x58 C:/devkitPro/libnds/lib\libnds7.a(card.twl.o)
                0x00000000030003bc                twlEnableSlot1
 .text.twlDisableSlot1
                0x0000000003000414       0x4c C:/devkitPro/libnds/lib\libnds7.a(card.twl.o)
                0x0000000003000414                twlDisableSlot1
 .text.i2cWaitBusy
                0x0000000003000460       0x10 C:/devkitPro/libnds/lib\libnds7.a(i2c.twl.o)
 .text.i2cDelay
                0x0000000003000470       0x18 C:/devkitPro/libnds/lib\libnds7.a(i2c.twl.o)
                0x0000000003000470                i2cDelay
 .text.i2cStop  0x0000000003000488       0x40 C:/devkitPro/libnds/lib\libnds7.a(i2c.twl.o)
                0x0000000003000488                i2cStop
 .text.i2cGetResult
                0x00000000030004c8       0x18 C:/devkitPro/libnds/lib\libnds7.a(i2c.twl.o)
                0x00000000030004c8                i2cGetResult
 .text.i2cSetDelay
                0x00000000030004e0       0x14 C:/devkitPro/libnds/lib\libnds7.a(i2c.twl.o)
                0x00000000030004e0                i2cSetDelay
 .text.i2cSelectDevice
                0x00000000030004f4       0x24 C:/devkitPro/libnds/lib\libnds7.a(i2c.twl.o)
                0x00000000030004f4                i2cSelectDevice
 .text.i2cSelectRegister
                0x0000000003000518       0x24 C:/devkitPro/libnds/lib\libnds7.a(i2c.twl.o)
                0x0000000003000518                i2cSelectRegister
 .text.i2cWriteRegister
                0x000000000300053c       0x5c C:/devkitPro/libnds/lib\libnds7.a(i2c.twl.o)
                0x000000000300053c                i2cWriteRegister
 .text.i2cReadRegister
                0x0000000003000598       0x64 C:/devkitPro/libnds/lib\libnds7.a(i2c.twl.o)
                0x0000000003000598                i2cReadRegister
 .text.setckl   0x00000000030005fc       0x34 C:/devkitPro/libnds/lib\libnds7.a(sdmmc.twl.o)
 .text.calcSDSize
                0x0000000003000630       0x5e C:/devkitPro/libnds/lib\libnds7.a(sdmmc.twl.o)
 *fill*         0x000000000300068e        0x2 
 .text.setTarget
                0x0000000003000690       0x44 C:/devkitPro/libnds/lib\libnds7.a(sdmmc.twl.o)
                0x0000000003000690                setTarget
 .text.sdmmc_send_command
                0x00000000030006d4      0x254 C:/devkitPro/libnds/lib\libnds7.a(sdmmc.twl.o)
                0x00000000030006d4                sdmmc_send_command
 .text.sdmmc_controller_init
                0x0000000003000928      0x13c C:/devkitPro/libnds/lib\libnds7.a(sdmmc.twl.o)
                0x0000000003000928                sdmmc_controller_init
 .text.sdmmc_sdcard_init
                0x0000000003000a64      0x188 C:/devkitPro/libnds/lib\libnds7.a(sdmmc.twl.o)
                0x0000000003000a64                sdmmc_sdcard_init
 .text.sdmmc_nand_init
                0x0000000003000bec      0x12c C:/devkitPro/libnds/lib\libnds7.a(sdmmc.twl.o)
                0x0000000003000bec                sdmmc_nand_init
 .text.sdmmc_readsectors
                0x0000000003000d18       0x70 C:/devkitPro/libnds/lib\libnds7.a(sdmmc.twl.o)
                0x0000000003000d18                sdmmc_readsectors
 .text.sdmmc_writesectors
                0x0000000003000d88       0x70 C:/devkitPro/libnds/lib\libnds7.a(sdmmc.twl.o)
                0x0000000003000d88                sdmmc_writesectors
 .text.sdmmcMsgHandler
                0x0000000003000df8       0x70 C:/devkitPro/libnds/lib\libnds7.a(sdmmc.twl.o)
                0x0000000003000df8                sdmmcMsgHandler
 .text.sdmmc_nand_startup
                0x0000000003000e68       0x12 C:/devkitPro/libnds/lib\libnds7.a(sdmmc.twl.o)
                0x0000000003000e68                sdmmc_nand_startup
 .text.sdmmc_sd_startup
                0x0000000003000e7a       0x12 C:/devkitPro/libnds/lib\libnds7.a(sdmmc.twl.o)
                0x0000000003000e7a                sdmmc_sd_startup
 .text.sdmmcValueHandler
                0x0000000003000e8c       0x68 C:/devkitPro/libnds/lib\libnds7.a(sdmmc.twl.o)
                0x0000000003000e8c                sdmmcValueHandler
 *fill*         0x0000000003000ef4        0x4 
 .text.sdmmcValueHandler.__stub
                0x0000000003000ef8       0x8c linker stubs
 *.twl*(.rodata)
 *.twl*(.roda)
 *.twl*(.rodata.*)
 *.twl*(.data)
 *.twl*(.data.*)
 .data.curBank.0
                0x0000000003000f88        0x1 C:/devkitPro/libnds/lib\libnds7.a(codec.twl.o)
 *.twl*(.gnu.linkonce.d*)
                0x0000000003000f8c                . = ALIGN (0x4)
 *fill*         0x0000000003000f89        0x3 
                0x0000000003000f8c                __arm7i_end__ = .

.twl_bss        0x0000000003000f8c      0x14c
                0x0000000003000f8c                __twl_bss_start__ = .
 *(.twl_bss)
 .twl_bss       0x0000000003000f8c       0xcc C:/devkitPro/libnds/lib\libnds7.a(interrupts.o)
                0x0000000003000f90                irqTableAUX
 *.twl.*(.dynbss)
 *.twl.*(.gnu.linkonce.b*)
 *.twl.*(.bss*)
 .bss.i2cCurrentDelay
                0x0000000003001058        0x4 C:/devkitPro/libnds/lib\libnds7.a(i2c.twl.o)
 .bss.deviceNAND
                0x000000000300105c       0x3c C:/devkitPro/libnds/lib\libnds7.a(sdmmc.twl.o)
 .bss.deviceSD  0x0000000003001098       0x3c C:/devkitPro/libnds/lib\libnds7.a(sdmmc.twl.o)
 .bss.sdmmc_controller_initialised
                0x00000000030010d4        0x1 C:/devkitPro/libnds/lib\libnds7.a(sdmmc.twl.o)
 *.twl.*(COMMON)
                0x00000000030010d8                . = ALIGN (0x4)
 *fill*         0x00000000030010d5        0x3 
                0x00000000030010d8                __twl_bss_end__ = .

.crt0           0x0000000002380000      0x1c8
 *(.crt0)
 .crt0          0x0000000002380000      0x1c8 c:/devkitpro/devkitarm/bin/../lib/gcc/arm-none-eabi/12.1.0/../../../../arm-none-eabi/lib/thumb/ds_arm7_crt0.o
                0x0000000002380000                _start
                0x00000000023801c8                . = ALIGN (0x4)

.text           0x00000000037f8000     0xa1f0 load address 0x00000000023801c8
                0x00000000023801c8                __arm7_lma__ = LOADADDR (.text)
                0x00000000037f8000                __arm7_start__ = .
 *(SORT_NONE(.init))
 .init          0x00000000037f8000        0x4 c:/devkitpro/devkitarm/bin/../lib/gcc/arm-none-eabi/12.1.0/thumb/crti.o
                0x00000000037f8000                _init
 .init          0x00000000037f8004        0x8 c:/devkitpro/devkitarm/bin/../lib/gcc/arm-none-eabi/12.1.0/thumb/crtn.o
 *(.plt)
 *(.text .stub .text.* .gnu.linkonce.t.*)
 .text.__do_global_dtors_aux
                0x00000000037f800c       0x2c c:/devkitpro/devkitarm/bin/../lib/gcc/arm-none-eabi/12.1.0/thumb/crtbegin.o
 .text.frame_dummy
                0x00000000037f8038       0x24 c:/devkitpro/devkitarm/bin/../lib/gcc/arm-none-eabi/12.1.0/thumb/crtbegin.o
 .text.soundeDataHandler
                0x00000000037f805c       0x9c audio.o
                0x00000000037f805c                soundeDataHandler
 .text.enableSound
                0x00000000037f80f8       0x40 audio.o
                0x00000000037f80f8                enableSound
 .text.disableSound
                0x00000000037f8138       0x3c audio.o
                0x00000000037f8138                disableSound
 .text.soundeCommandHandler
                0x00000000037f8174      0x110 audio.o
                0x00000000037f8174                soundeCommandHandler
 .text.installSoundeFIFO
                0x00000000037f8284       0x24 audio.o
                0x00000000037f8284                installSoundeFIFO
 .text.powerButtonCB
                0x00000000037f82a8        0xc main.o
                0x00000000037f82a8                powerButtonCB
 .text.VblankHandler
                0x00000000037f82b4        0xc main.o
                0x00000000037f82b4                VblankHandler
 .text.VcountHandler
                0x00000000037f82c0        0xc main.o
                0x00000000037f82c0                VcountHandler
 .text.startup.main
                0x00000000037f82cc      0x100 main.o
                0x00000000037f82cc                main
 .text.arm7_synctoarm9
                0x00000000037f83cc       0x18 C:/devkitPro/libnds/lib\libdswifi7.a(wifi_arm7.o)
 .text.InitFlashData
                0x00000000037f83e4       0x20 C:/devkitPro/libnds/lib\libdswifi7.a(wifi_arm7.o)
                0x00000000037f83e4                InitFlashData
 .text.ReadFlashBytes
                0x00000000037f8404       0x54 C:/devkitPro/libnds/lib\libdswifi7.a(wifi_arm7.o)
                0x00000000037f8404                ReadFlashBytes
 .text.ReadFlashHWord
                0x00000000037f8458       0x1c C:/devkitPro/libnds/lib\libdswifi7.a(wifi_arm7.o)
                0x00000000037f8458                ReadFlashHWord
 .text.crc16_slow
                0x00000000037f8474       0x54 C:/devkitPro/libnds/lib\libdswifi7.a(wifi_arm7.o)
                0x00000000037f8474                crc16_slow
 .text.GetWfcSettings
                0x00000000037f84c8      0x1b4 C:/devkitPro/libnds/lib\libdswifi7.a(wifi_arm7.o)
                0x00000000037f84c8                GetWfcSettings
 .text.Wifi_BBRead
                0x00000000037f867c       0x3c C:/devkitPro/libnds/lib\libdswifi7.a(wifi_arm7.o)
                0x00000000037f867c                Wifi_BBRead
 .text.Wifi_BBWrite
                0x00000000037f86b8       0x70 C:/devkitPro/libnds/lib\libdswifi7.a(wifi_arm7.o)
                0x00000000037f86b8                Wifi_BBWrite
 .text.Wifi_RFWrite
                0x00000000037f8728       0x3c C:/devkitPro/libnds/lib\libdswifi7.a(wifi_arm7.o)
                0x00000000037f8728                Wifi_RFWrite
 .text.PowerChip_ReadWrite
                0x00000000037f8764       0x78 C:/devkitPro/libnds/lib\libdswifi7.a(wifi_arm7.o)
                0x00000000037f8764                PowerChip_ReadWrite
 .text.SetLedState
                0x00000000037f87dc       0x48 C:/devkitPro/libnds/lib\libdswifi7.a(wifi_arm7.o)
                0x00000000037f87dc                SetLedState
 .text.ProxySetLedState
                0x00000000037f8824       0x1c C:/devkitPro/libnds/lib\libdswifi7.a(wifi_arm7.o)
                0x00000000037f8824                ProxySetLedState
 .text.Wifi_RFInit
                0x00000000037f8840      0x11c C:/devkitPro/libnds/lib\libdswifi7.a(wifi_arm7.o)
                0x00000000037f8840                Wifi_RFInit
 .text.Wifi_BBInit
                0x00000000037f895c       0x40 C:/devkitPro/libnds/lib\libdswifi7.a(wifi_arm7.o)
                0x00000000037f895c                Wifi_BBInit
 .text.Wifi_MacInit
                0x00000000037f899c       0x3c C:/devkitPro/libnds/lib\libdswifi7.a(wifi_arm7.o)
                0x00000000037f899c                Wifi_MacInit
 .text.Wifi_RxSetup
                0x00000000037f89d8       0x58 C:/devkitPro/libnds/lib\libdswifi7.a(wifi_arm7.o)
                0x00000000037f89d8                Wifi_RxSetup
 .text.Wifi_WakeUp
                0x00000000037f8a30       0x64 C:/devkitPro/libnds/lib\libdswifi7.a(wifi_arm7.o)
                0x00000000037f8a30                Wifi_WakeUp
 .text.Wifi_Shutdown
                0x00000000037f8a94       0x5c C:/devkitPro/libnds/lib\libdswifi7.a(wifi_arm7.o)
                0x00000000037f8a94                Wifi_Shutdown
 .text.Wifi_CmpMacAddr
                0x00000000037f8af0       0x40 C:/devkitPro/libnds/lib\libdswifi7.a(wifi_arm7.o)
                0x00000000037f8af0                Wifi_CmpMacAddr
 .text.Wifi_MACRead
                0x00000000037f8b30       0x48 C:/devkitPro/libnds/lib\libdswifi7.a(wifi_arm7.o)
                0x00000000037f8b30                Wifi_MACRead
 .text.Wifi_MACCopy
                0x00000000037f8b78       0x84 C:/devkitPro/libnds/lib\libdswifi7.a(wifi_arm7.o)
                0x00000000037f8b78                Wifi_MACCopy
 .text.Wifi_MACWrite
                0x00000000037f8bfc       0x8c C:/devkitPro/libnds/lib\libdswifi7.a(wifi_arm7.o)
                0x00000000037f8bfc                Wifi_MACWrite
 .text.Wifi_QueueRxMacData
                0x00000000037f8c88      0x104 C:/devkitPro/libnds/lib\libdswifi7.a(wifi_arm7.o)
                0x00000000037f8c88                Wifi_QueueRxMacData
 .text.Wifi_CheckTxBuf
                0x00000000037f8d8c       0x34 C:/devkitPro/libnds/lib\libdswifi7.a(wifi_arm7.o)
                0x00000000037f8d8c                Wifi_CheckTxBuf
 .text.Wifi_CopyFirstTxData
                0x00000000037f8dc0       0xec C:/devkitPro/libnds/lib\libdswifi7.a(wifi_arm7.o)
                0x00000000037f8dc0                Wifi_CopyFirstTxData
 .text.Wifi_TxRaw
                0x00000000037f8eac       0x7c C:/devkitPro/libnds/lib\libdswifi7.a(wifi_arm7.o)
                0x00000000037f8eac                Wifi_TxRaw
 .text.Wifi_TxCheck
                0x00000000037f8f28       0x18 C:/devkitPro/libnds/lib\libdswifi7.a(wifi_arm7.o)
                0x00000000037f8f28                Wifi_TxCheck
 .text.Wifi_LoadBeacon
                0x00000000037f8f40      0x11c C:/devkitPro/libnds/lib\libdswifi7.a(wifi_arm7.o)
                0x00000000037f8f40                Wifi_LoadBeacon
 .text.Wifi_SetBeaconChannel
                0x00000000037f905c       0x6c C:/devkitPro/libnds/lib\libdswifi7.a(wifi_arm7.o)
                0x00000000037f905c                Wifi_SetBeaconChannel
 .text.Wifi_SetChannel.part.6
                0x00000000037f90c8      0x1ac C:/devkitPro/libnds/lib\libdswifi7.a(wifi_arm7.o)
 .text.Wifi_Intr_CntOverflow
                0x00000000037f9274       0x64 C:/devkitPro/libnds/lib\libdswifi7.a(wifi_arm7.o)
                0x00000000037f9274                Wifi_Intr_CntOverflow
 .text.Wifi_Intr_TxEnd
                0x00000000037f92d8      0x170 C:/devkitPro/libnds/lib\libdswifi7.a(wifi_arm7.o)
                0x00000000037f92d8                Wifi_Intr_TxEnd
 .text.Wifi_Stop
                0x00000000037f9448       0x60 C:/devkitPro/libnds/lib\libdswifi7.a(wifi_arm7.o)
                0x00000000037f9448                Wifi_Stop
 .text.Wifi_Init
                0x00000000037f94a8      0x1f0 C:/devkitPro/libnds/lib\libdswifi7.a(wifi_arm7.o)
                0x00000000037f94a8                Wifi_Init
 .text.wifiAddressHandler
                0x00000000037f9698       0x1c C:/devkitPro/libnds/lib\libdswifi7.a(wifi_arm7.o)
 .text.Wifi_SetChannel
                0x00000000037f96b4       0x10 C:/devkitPro/libnds/lib\libdswifi7.a(wifi_arm7.o)
                0x00000000037f96b4                Wifi_SetChannel
 .text.Wifi_SetWepKey
                0x00000000037f96c4       0x3c C:/devkitPro/libnds/lib\libdswifi7.a(wifi_arm7.o)
                0x00000000037f96c4                Wifi_SetWepKey
 .text.Wifi_SetWepMode
                0x00000000037f9700       0x3c C:/devkitPro/libnds/lib\libdswifi7.a(wifi_arm7.o)
                0x00000000037f9700                Wifi_SetWepMode
 .text.Wifi_DisableTempPowerSave
                0x00000000037f973c       0x28 C:/devkitPro/libnds/lib\libdswifi7.a(wifi_arm7.o)
                0x00000000037f973c                Wifi_DisableTempPowerSave
 .text.Wifi_Start
                0x00000000037f9764      0x124 C:/devkitPro/libnds/lib\libdswifi7.a(wifi_arm7.o)
                0x00000000037f9764                Wifi_Start
 .text.Wifi_TxQueue
                0x00000000037f9888       0xd8 C:/devkitPro/libnds/lib\libdswifi7.a(wifi_arm7.o)
                0x00000000037f9888                Wifi_TxQueue
 .text.Wifi_GenMgtHeader
                0x00000000037f9960       0xd0 C:/devkitPro/libnds/lib\libdswifi7.a(wifi_arm7.o)
                0x00000000037f9960                Wifi_GenMgtHeader
 .text.Wifi_SendOpenSystemAuthPacket
                0x00000000037f9a30       0x58 C:/devkitPro/libnds/lib\libdswifi7.a(wifi_arm7.o)
                0x00000000037f9a30                Wifi_SendOpenSystemAuthPacket
 .text.Wifi_SendSharedKeyAuthPacket
                0x00000000037f9a88       0x58 C:/devkitPro/libnds/lib\libdswifi7.a(wifi_arm7.o)
                0x00000000037f9a88                Wifi_SendSharedKeyAuthPacket
 .text.Wifi_SendSharedKeyAuthPacket2
                0x00000000037f9ae0       0xa0 C:/devkitPro/libnds/lib\libdswifi7.a(wifi_arm7.o)
                0x00000000037f9ae0                Wifi_SendSharedKeyAuthPacket2
 .text.Wifi_SendAssocPacket
                0x00000000037f9b80      0x1c4 C:/devkitPro/libnds/lib\libdswifi7.a(wifi_arm7.o)
                0x00000000037f9b80                Wifi_SendAssocPacket
 .text.Wifi_SendNullFrame
                0x00000000037f9d44       0x80 C:/devkitPro/libnds/lib\libdswifi7.a(wifi_arm7.o)
                0x00000000037f9d44                Wifi_SendNullFrame
 .text.Wifi_ProcessReceivedFrame
                0x00000000037f9dc4      0xd18 C:/devkitPro/libnds/lib\libdswifi7.a(wifi_arm7.o)
                0x00000000037f9dc4                Wifi_ProcessReceivedFrame
 .text.Wifi_Intr_RxEnd
                0x00000000037faadc      0x128 C:/devkitPro/libnds/lib\libdswifi7.a(wifi_arm7.o)
                0x00000000037faadc                Wifi_Intr_RxEnd
 .text.Wifi_Interrupt
                0x00000000037fac04      0x138 C:/devkitPro/libnds/lib\libdswifi7.a(wifi_arm7.o)
                0x00000000037fac04                Wifi_Interrupt
 .text.Wifi_Update
                0x00000000037fad3c      0x580 C:/devkitPro/libnds/lib\libdswifi7.a(wifi_arm7.o)
                0x00000000037fad3c                Wifi_Update
 .text.wifiValue32Handler
                0x00000000037fb2bc       0x44 C:/devkitPro/libnds/lib\libdswifi7.a(wifi_arm7.o)
 .text.installWifiFIFO
                0x00000000037fb300       0x58 C:/devkitPro/libnds/lib\libdswifi7.a(wifi_arm7.o)
                0x00000000037fb300                installWifiFIFO
 .text          0x00000000037fb358       0x5c C:/devkitPro/libnds/lib\libdswifi7.a(spinlock.o)
                0x00000000037fb358                SLasm_Acquire
                0x00000000037fb38c                SLasm_Release
 .text          0x00000000037fb3b4      0x1e4 C:/devkitPro/libnds/lib\libmm7.a(mm_main_ds.o)
                0x00000000037fb3b4                mmLockChannels
                0x00000000037fb43e                mmUnlockChannels
                0x00000000037fb450                mmSuspendIRQ_t
                0x00000000037fb46c                mmRestoreIRQ_t
                0x00000000037fb48c                mmIsInitialized
                0x00000000037fb492                mmInit7
                0x00000000037fb4f4                mmInstall
                0x00000000037fb514                mmGetSoundBank
                0x00000000037fb520                mmFrame
 .text          0x00000000037fb598     0x1b6c C:/devkitPro/libnds/lib\libmm7.a(mm_mas.o)
                0x00000000037fb5e8                mm_reset_channels
                0x00000000037fb63e                mmStart
                0x00000000037fb652                mmJingle
                0x00000000037fb658                mmPlayModule
                0x00000000037fb720                mmPause
                0x00000000037fb73c                mmResume
                0x00000000037fb74c                mmActive
                0x00000000037fb752                mmActiveSub
                0x00000000037fb758                mmSetModuleVolume
                0x00000000037fb768                mmSetJingleVolume
                0x00000000037fb7a4                mmGetPositionTick
                0x00000000037fb7aa                mmGetPositionRow
                0x00000000037fb7b0                mmGetPosition
                0x00000000037fb7b6                mmPosition
                0x00000000037fb7d0                mmSetModuleTempo
                0x00000000037fb802                mmSetModulePitch
                0x00000000037fb844                mmSetResolution
                0x00000000037fb874                mmStop
                0x00000000037fb95c                mmPulse
                0x00000000037fb9bc                mppProcessTick
                0x00000000037fbb38                mpp_Channel_NewNote
                0x00000000037fbc40                mpp_Update_ACHN_notest
                0x00000000037fc03e                mpp_Process_VolumeCommand
                0x00000000037fc276                mpp_Process_Effect
                0x00000000037fc9c4                ST3_FREQTABLE
                0x00000000037fcde4                IT_PitchTable
 .text          0x00000000037fd104       0x14 C:/devkitPro/libnds/lib\libmm7.a(mm_main.o)
                0x00000000037fd104                mpp_call_r7
                0x00000000037fd106                mpp_call_r1
                0x00000000037fd108                mpp_call_r2
                0x00000000037fd10a                mpp_call_r3
                0x00000000037fd10c                mmSetEventHandler
 .text          0x00000000037fd118      0x328 C:/devkitPro/libnds/lib\libmm7.a(mm_effect.o)
                0x00000000037fd118                mmResetEffects
                0x00000000037fd144                mmEffect
                0x00000000037fd15a                mmEffectEx
                0x00000000037fd26c                mmEffectActive
                0x00000000037fd2a0                mmEffectVolume
                0x00000000037fd2bc                mmEffectPanning
                0x00000000037fd2d0                mmEffectRate
                0x00000000037fd2e4                mmEffectCancel
                0x00000000037fd31e                mmEffectRelease
                0x00000000037fd344                mmEffectScaleRate
                0x00000000037fd358                mmSetEffectsVolume
                0x00000000037fd366                mmEffectCancelAll
                0x00000000037fd3a6                mmUpdateEffects
 .text          0x00000000037fd440      0x648 C:/devkitPro/libnds/lib\libmm7.a(mm_mas_arm.o)
                0x00000000037fd440                mmAllocChannel
                0x00000000037fd4b4                mmReadPattern
                0x00000000037fd5a0                mmUpdateChannel_T0
                0x00000000037fd7e0                mmUpdateChannel_TN
                0x00000000037fd980                mmGetPeriod
                0x00000000037fd9c4                note_table_oct
                0x00000000037fd9e2                note_table_mod
 .text          0x00000000037fda88     0x1690 C:/devkitPro/libnds/lib\libmm7.a(mm_mixer_super.o)
                0x00000000037fdb08                mmMixerPre
                0x00000000037fdbdc                mmMixerMix
                0x00000000037fe728                mmVolumeTable
                0x00000000037fee9e                mmMixerSetSource
                0x00000000037feeb4                mmMixerSetFreq
                0x00000000037feed4                mmMixerMulFreq
                0x00000000037feeee                mmMixerStopChannel
                0x00000000037feef8                mmMixerChannelActive
                0x00000000037fef02                mmMixerSetVolume
                0x00000000037fef0a                mmMixerSetPan
                0x00000000037fef1c                mmMixerInit
                0x00000000037fef1e                mmSelectMode
 .text          0x00000000037ff118      0x7ec C:/devkitPro/libnds/lib\libmm7.a(mm_comms7.o)
                0x00000000037ff118                mmSetupComms
                0x00000000037ff238                mmSendUpdateToARM9
                0x00000000037ff26c                mmARM9msg
                0x00000000037ff2ac                mmProcessComms
 .text          0x00000000037ff904      0x428 C:/devkitPro/libnds/lib\libmm7.a(mm_stream.o)
                0x00000000037ff904                mmStreamOpen
                0x00000000037ff9e4                mmStreamGetPosition
                0x00000000037ffa1e                mmStreamUpdate
                0x00000000037ffc00                mmStreamClose
                0x00000000037ffc36                mmStreamBegin
                0x00000000037ffccc                mmStreamEnd
 .text          0x00000000037ffd2c      0x280 C:/devkitPro/libnds/lib\libmm7.a(mm_reverb.o)
                0x00000000037ffd2c                mmReverbEnable
                0x00000000037ffd4a                mmReverbDisable
                0x00000000037ffd8e                mmReverbConfigure
                0x00000000037ffef0                mmReverbStart
                0x00000000037fff38                mmReverbStop
 .text.enableSlot1
                0x00000000037fffac       0x18 C:/devkitPro/libnds/lib\libnds7.a(system.o)
                0x00000000037fffac                enableSlot1
 .text.disableSlot1
                0x00000000037fffc4       0x18 C:/devkitPro/libnds/lib\libnds7.a(system.o)
                0x00000000037fffc4                disableSlot1
 .text.powerValueHandler
                0x00000000037fffdc      0x158 C:/devkitPro/libnds/lib\libnds7.a(system.o)
                0x00000000037fffdc                powerValueHandler
 .text.systemSleep
                0x0000000003800134       0x20 C:/devkitPro/libnds/lib\libnds7.a(system.o)
                0x0000000003800134                systemSleep
 .text.installSystemFIFO
                0x0000000003800154       0x4c C:/devkitPro/libnds/lib\libnds7.a(system.o)
                0x0000000003800154                installSystemFIFO
 .text.SerialWaitBusy
                0x00000000038001a0       0x10 C:/devkitPro/libnds/lib\libnds7.a(touch.o)
 .text.cdcIsAvailable
                0x00000000038001b0       0x24 C:/devkitPro/libnds/lib\libnds7.a(touch.o)
 .text.CheckStylus
                0x00000000038001d4       0x88 C:/devkitPro/libnds/lib\libnds7.a(touch.o)
 .text.readTouchValue
                0x000000000380025c      0x15c C:/devkitPro/libnds/lib\libnds7.a(touch.o)
                0x000000000380025c                readTouchValue
 .text.UpdateRange
                0x00000000038003b8       0x6c C:/devkitPro/libnds/lib\libnds7.a(touch.o)
                0x00000000038003b8                UpdateRange
 .text.touchInit
                0x0000000003800424       0xe0 C:/devkitPro/libnds/lib\libnds7.a(touch.o)
                0x0000000003800424                touchInit
 .text.touchPenDown
                0x0000000003800504       0x34 C:/devkitPro/libnds/lib\libnds7.a(touch.o)
                0x0000000003800504                touchPenDown
 .text.touchReadXY
                0x0000000003800538      0x194 C:/devkitPro/libnds/lib\libnds7.a(touch.o)
                0x0000000003800538                touchReadXY
 .text.syncRTC  0x00000000038006cc       0x20 C:/devkitPro/libnds/lib\libnds7.a(clock.o)
                0x00000000038006cc                syncRTC
 .text.BCDToInteger
                0x00000000038006ec       0x22 C:/devkitPro/libnds/lib\libnds7.a(clock.o)
                0x00000000038006ec                BCDToInteger
 *fill*         0x000000000380070e        0x2 
 .text.rtcTransaction
                0x0000000003800710       0xf4 C:/devkitPro/libnds/lib\libnds7.a(clock.o)
                0x0000000003800710                rtcTransaction
 .text.rtcReset
                0x0000000003800804       0x3e C:/devkitPro/libnds/lib\libnds7.a(clock.o)
                0x0000000003800804                rtcReset
 .text.rtcGetTimeAndDate
                0x0000000003800842       0x4a C:/devkitPro/libnds/lib\libnds7.a(clock.o)
                0x0000000003800842                rtcGetTimeAndDate
 .text.resyncClock
                0x000000000380088c       0xdc C:/devkitPro/libnds/lib\libnds7.a(clock.o)
                0x000000000380088c                resyncClock
 .text.initClockIRQ
                0x0000000003800968       0x7c C:/devkitPro/libnds/lib\libnds7.a(clock.o)
                0x0000000003800968                initClockIRQ
 .text.writePowerManagement
                0x00000000038009e4       0x5c C:/devkitPro/libnds/lib\libnds7.a(spi.o)
                0x00000000038009e4                writePowerManagement
 .text.ledBlink
                0x0000000003800a40       0x22 C:/devkitPro/libnds/lib\libnds7.a(spi.o)
                0x0000000003800a40                ledBlink
 *fill*         0x0000000003800a62        0x2 
 .text.SerialWaitBusy
                0x0000000003800a64       0x10 C:/devkitPro/libnds/lib\libnds7.a(firmware.o)
 .text.readwriteSPI.isra.0
                0x0000000003800a74       0x18 C:/devkitPro/libnds/lib\libnds7.a(firmware.o)
 .text.readFirmware
                0x0000000003800a8c       0x74 C:/devkitPro/libnds/lib\libnds7.a(firmware.o)
                0x0000000003800a8c                readFirmware
 .text.writeFirmware
                0x0000000003800b00      0x134 C:/devkitPro/libnds/lib\libnds7.a(firmware.o)
                0x0000000003800b00                writeFirmware
 .text.firmwareMsgHandler
                0x0000000003800c34       0x48 C:/devkitPro/libnds/lib\libnds7.a(firmware.o)
                0x0000000003800c34                firmwareMsgHandler
 .text.readUserSettings
                0x0000000003800c7c       0xd8 C:/devkitPro/libnds/lib\libnds7.a(userSettings.o)
                0x0000000003800c7c                readUserSettings
 .text.inputGetAndSend
                0x0000000003800d54       0xb4 C:/devkitPro/libnds/lib\libnds7.a(input.o)
                0x0000000003800d54                inputGetAndSend
 .text.irqDummy
                0x0000000003800e08        0x2 C:/devkitPro/libnds/lib\libnds7.a(interrupts.o)
                0x0000000003800e08                irqDummy
 *fill*         0x0000000003800e0a        0x2 
 .text.__irqClear
                0x0000000003800e0c       0x1c C:/devkitPro/libnds/lib\libnds7.a(interrupts.o)
 .text.__irqSet.part.0
                0x0000000003800e28       0x22 C:/devkitPro/libnds/lib\libnds7.a(interrupts.o)
 *fill*         0x0000000003800e4a        0x2 
 .text.setPowerButtonCB
                0x0000000003800e4c       0x1c C:/devkitPro/libnds/lib\libnds7.a(interrupts.o)
                0x0000000003800e4c                setPowerButtonCB
 .text.irqSet   0x0000000003800e68       0x5c C:/devkitPro/libnds/lib\libnds7.a(interrupts.o)
                0x0000000003800e68                irqSet
 .text.irqInitHandler
                0x0000000003800ec4       0x44 C:/devkitPro/libnds/lib\libnds7.a(interrupts.o)
                0x0000000003800ec4                irqInitHandler
 .text.irqEnable
                0x0000000003800f08       0x64 C:/devkitPro/libnds/lib\libnds7.a(interrupts.o)
                0x0000000003800f08                irqEnable
 .text.irqDisable
                0x0000000003800f6c       0x68 C:/devkitPro/libnds/lib\libnds7.a(interrupts.o)
                0x0000000003800f6c                irqDisable
 .text.irqInit  0x0000000003800fd4       0x58 C:/devkitPro/libnds/lib\libnds7.a(interrupts.o)
                0x0000000003800fd4                irqInit
 .text.systemErrorExit
                0x000000000380102c        0x4 C:/devkitPro/libnds/lib\libnds7.a(libnds_exit.arm.o)
                0x000000000380102c                systemErrorExit
 .text.__libnds_exit
                0x0000000003801030       0x54 C:/devkitPro/libnds/lib\libnds7.a(libnds_exit.arm.o)
                0x0000000003801030                __libnds_exit
 .text.fifo_allocBlock
                0x0000000003801084       0x40 C:/devkitPro/libnds/lib\libnds7.a(fifosystem.o)
 .text.fifo_freeBlock
                0x00000000038010c4       0x30 C:/devkitPro/libnds/lib\libnds7.a(fifosystem.o)
 .text.fifo_waitBlock
                0x00000000038010f4       0x40 C:/devkitPro/libnds/lib\libnds7.a(fifosystem.o)
 .text.fifo_queueBlock
                0x0000000003801134       0x44 C:/devkitPro/libnds/lib\libnds7.a(fifosystem.o)
 .text.fifoInternalSendInterrupt
                0x0000000003801178       0x64 C:/devkitPro/libnds/lib\libnds7.a(fifosystem.o)
 .text.fifoInternalSend
                0x00000000038011dc       0xdc C:/devkitPro/libnds/lib\libnds7.a(fifosystem.o)
 .text.fifoSendValue32
                0x00000000038012b8       0x38 C:/devkitPro/libnds/lib\libnds7.a(fifosystem.o)
                0x00000000038012b8                fifoSendValue32
 .text.fifoSendDatamsg
                0x00000000038012f0       0x70 C:/devkitPro/libnds/lib\libnds7.a(fifosystem.o)
                0x00000000038012f0                fifoSendDatamsg
 .text.fifoGetAddress
                0x0000000003801360       0x4c C:/devkitPro/libnds/lib\libnds7.a(fifosystem.o)
                0x0000000003801360                fifoGetAddress
 .text.fifoGetValue32
                0x00000000038013ac       0x4c C:/devkitPro/libnds/lib\libnds7.a(fifosystem.o)
                0x00000000038013ac                fifoGetValue32
 .text.fifoGetDatamsg
                0x00000000038013f8       0xc0 C:/devkitPro/libnds/lib\libnds7.a(fifosystem.o)
                0x00000000038013f8                fifoGetDatamsg
 .text.fifoInternalRecvInterrupt
                0x00000000038014b8      0x2c0 C:/devkitPro/libnds/lib\libnds7.a(fifosystem.o)
 .text.fifoCheckAddress
                0x0000000003801778       0x20 C:/devkitPro/libnds/lib\libnds7.a(fifosystem.o)
                0x0000000003801778                fifoCheckAddress
 .text.fifoSetAddressHandler
                0x0000000003801798       0x5c C:/devkitPro/libnds/lib\libnds7.a(fifosystem.o)
                0x0000000003801798                fifoSetAddressHandler
 .text.fifoCheckDatamsg
                0x00000000038017f4       0x20 C:/devkitPro/libnds/lib\libnds7.a(fifosystem.o)
                0x00000000038017f4                fifoCheckDatamsg
 .text.fifoSetDatamsgHandler
                0x0000000003801814       0x8c C:/devkitPro/libnds/lib\libnds7.a(fifosystem.o)
                0x0000000003801814                fifoSetDatamsgHandler
 .text.fifoCheckValue32
                0x00000000038018a0       0x20 C:/devkitPro/libnds/lib\libnds7.a(fifosystem.o)
                0x00000000038018a0                fifoCheckValue32
 .text.fifoSetValue32Handler
                0x00000000038018c0       0x5c C:/devkitPro/libnds/lib\libnds7.a(fifosystem.o)
                0x00000000038018c0                fifoSetValue32Handler
 .text.fifoInit
                0x000000000380191c       0xd4 C:/devkitPro/libnds/lib\libnds7.a(fifosystem.o)
                0x000000000380191c                fifoInit
 .text.swiWaitForVBlank
                0x00000000038019f0       0x10 C:/devkitPro/libnds/lib\libnds7.a(intrwait.o)
                0x00000000038019f0                swiWaitForVBlank
 .text.swiIntrWait
                0x0000000003801a00       0x44 C:/devkitPro/libnds/lib\libnds7.a(intrwait.o)
                0x0000000003801a00                swiIntrWait
 .text          0x0000000003801a44       0xec C:/devkitPro/libnds/lib\libnds7.a(interruptDispatcher.o)
                0x0000000003801a44                IntrMain
 .text.swiDelay
                0x0000000003801b30        0x4 C:/devkitPro/libnds/lib\libnds7.a(biosCalls.o)
                0x0000000003801b30                swiDelay
 .text.swiSleep
                0x0000000003801b34        0x4 C:/devkitPro/libnds/lib\libnds7.a(biosCalls.o)
                0x0000000003801b34                swiSleep
 .text.swiChangeSoundBias
                0x0000000003801b38        0x4 C:/devkitPro/libnds/lib\libnds7.a(biosCalls.o)
                0x0000000003801b38                swiChangeSoundBias
 .text.swiCRC16
                0x0000000003801b3c        0x4 C:/devkitPro/libnds/lib\libnds7.a(biosCalls.o)
                0x0000000003801b3c                swiCRC16
 .text.swiSoftReset
                0x0000000003801b40       0x10 C:/devkitPro/libnds/lib\libnds7.a(swiSoftReset.o)
                0x0000000003801b40                swiSoftReset
 .text.systemShutDown
                0x0000000003801b50       0x30 C:/devkitPro/libnds/lib\libnds7.a(systemShutDown.o)
                0x0000000003801b50                systemShutDown
 .text          0x0000000003801b80       0x14 c:/devkitpro/devkitarm/bin/../lib/gcc/arm-none-eabi/12.1.0/thumb\libgcc.a(_thumb1_case_uqi.o)
                0x0000000003801b80                __gnu_thumb1_case_uqi
 .text          0x0000000003801b94      0x11c c:/devkitpro/devkitarm/bin/../lib/gcc/arm-none-eabi/12.1.0/thumb\libgcc.a(_udivsi3.o)
                0x0000000003801b94                __aeabi_uidiv
                0x0000000003801b94                __udivsi3
                0x0000000003801c90                __aeabi_uidivmod
 .text          0x0000000003801cb0      0x150 c:/devkitpro/devkitarm/bin/../lib/gcc/arm-none-eabi/12.1.0/thumb\libgcc.a(_divsi3.o)
                0x0000000003801cb0                __divsi3
                0x0000000003801cb0                __aeabi_idiv
                0x0000000003801de0                __aeabi_idivmod
 .text          0x0000000003801e00        0x4 c:/devkitpro/devkitarm/bin/../lib/gcc/arm-none-eabi/12.1.0/thumb\libgcc.a(_dvmd_tls.o)
                0x0000000003801e00                __aeabi_idiv0
                0x0000000003801e00                __aeabi_ldiv0
 .text          0x0000000003801e04       0x3c c:/devkitpro/devkitarm/bin/../lib/gcc/arm-none-eabi/12.1.0/thumb\libgcc.a(_call_via_rX.o)
                0x0000000003801e04                _call_via_r0
                0x0000000003801e08                _call_via_r1
                0x0000000003801e0c                _call_via_r2
                0x0000000003801e10                _call_via_r3
                0x0000000003801e14                _call_via_r4
                0x0000000003801e18                _call_via_r5
                0x0000000003801e1c                _call_via_r6
                0x0000000003801e20                _call_via_r7
                0x0000000003801e24                _call_via_r8
                0x0000000003801e28                _call_via_r9
                0x0000000003801e2c                _call_via_sl
                0x0000000003801e30                _call_via_fp
                0x0000000003801e34                _call_via_ip
                0x0000000003801e38                _call_via_sp
                0x0000000003801e3c                _call_via_lr
 .text.__libc_init_array
                0x0000000003801e40       0x54 c:/devkitpro/devkitarm/bin/../lib/gcc/arm-none-eabi/12.1.0/../../../../arm-none-eabi/lib/thumb\libg.a(lib_a-init.o)
                0x0000000003801e40                __libc_init_array
 .text.memcmp   0x0000000003801e94       0x48 c:/devkitpro/devkitarm/bin/../lib/gcc/arm-none-eabi/12.1.0/../../../../arm-none-eabi/lib/thumb\libg.a(lib_a-memcmp.o)
                0x0000000003801e94                memcmp
 .text.memcpy   0x0000000003801edc       0x94 c:/devkitpro/devkitarm/bin/../lib/gcc/arm-none-eabi/12.1.0/../../../../arm-none-eabi/lib/thumb\libg.a(lib_a-memcpy-stub.o)
                0x0000000003801edc                memcpy
 .text.memset   0x0000000003801f70       0xb0 c:/devkitpro/devkitarm/bin/../lib/gcc/arm-none-eabi/12.1.0/../../../../arm-none-eabi/lib/thumb\libg.a(lib_a-memset.o)
                0x0000000003801f70                memset
 .text.memset.__stub
                0x0000000003802020      0x198 linker stubs
 *(.text.*personality*)
 *(.gnu.warning)
 *(.glue_7t)
 .glue_7t       0x00000000038021f0        0x0 linker stubs
 *(.glue_7)
 .glue_7        0x00000000038021f0        0x0 linker stubs
 *(.vfp11_veneer)
 .vfp11_veneer  0x00000000038021f0        0x0 linker stubs
                0x00000000038021f0                . = ALIGN (0x4)

.v4_bx          0x00000000038021f0        0x0 load address 0x000000000238a3b8
 .v4_bx         0x00000000038021f0        0x0 linker stubs

.iplt           0x00000000038021f0        0x0 load address 0x000000000238a3b8
 .iplt          0x00000000038021f0        0x0 c:/devkitpro/devkitarm/bin/../lib/gcc/arm-none-eabi/12.1.0/../../../../arm-none-eabi/lib/thumb/ds_arm7_crt0.o

.fini           0x00000000038021f0        0xc load address 0x000000000238a3b8
 *(.fini)
 .fini          0x00000000038021f0        0x4 c:/devkitpro/devkitarm/bin/../lib/gcc/arm-none-eabi/12.1.0/thumb/crti.o
                0x00000000038021f0                _fini
 .fini          0x00000000038021f4        0x8 c:/devkitpro/devkitarm/bin/../lib/gcc/arm-none-eabi/12.1.0/thumb/crtn.o

.rodata         0x00000000038021fc       0x30 load address 0x000000000238a3c4
 *(.rodata)
 *all.rodata*(*)
 *(.roda)
 *(.rodata.*)
 .rodata.scanlist
                0x00000000038021fc       0x13 C:/devkitPro/libnds/lib\libdswifi7.a(wifi_arm7.o)
 *fill*         0x000000000380220f        0x1 
 .rodata.ydays  0x0000000003802210       0x1a C:/devkitPro/libnds/lib\libnds7.a(clock.o)
 *(.gnu.linkonce.r*)
                0x000000000380222c                . = ALIGN (0x4)
 *fill*         0x000000000380222a        0x2 

.ARM.extab
 *(.ARM.extab* .gnu.linkonce.armextab.*)

.ARM.exidx      0x000000000380222c        0x0 load address 0x000000000238a3f4
                0x000000000380222c                __exidx_start = .
 *(.ARM.exidx* .gnu.linkonce.armexidx.*)
                0x000000000380222c                __exidx_end = .

.preinit_array  0x000000000380222c        0x0 load address 0x000000000238a3f4
                0x000000000380222c                . = ALIGN (0x4)
                0x000000000380222c                PROVIDE (__preinit_array_start = .)
 *(.preinit_array)
                0x000000000380222c                PROVIDE (__preinit_array_end = .)

.init_array     0x000000000380222c        0x4 load address 0x000000000238a3f4
                0x000000000380222c                PROVIDE (__init_array_start = .)
 *(.init_array)
 .init_array    0x000000000380222c        0x4 c:/devkitpro/devkitarm/bin/../lib/gcc/arm-none-eabi/12.1.0/thumb/crtbegin.o
                0x0000000003802230                PROVIDE (__init_array_end = .)

.fini_array     0x0000000003802230        0x4 load address 0x000000000238a3f8
                [!provide]                        PROVIDE (__fini_array_start = .)
 *(.fini_array)
 .fini_array    0x0000000003802230        0x4 c:/devkitpro/devkitarm/bin/../lib/gcc/arm-none-eabi/12.1.0/thumb/crtbegin.o
                [!provide]                        PROVIDE (__fini_array_end = .)

.ctors          0x0000000003802234        0x0 load address 0x000000000238a3fc
 *crtbegin.o(.ctors)
 *(EXCLUDE_FILE(*crtend.o) .ctors)
 *(SORT_BY_NAME(.ctors.*))
 *(.ctors)
                0x0000000003802234                . = ALIGN (0x4)

.dtors          0x0000000003802234        0x0 load address 0x000000000238a3fc
 *crtbegin.o(.dtors)
 *(EXCLUDE_FILE(*crtend.o) .dtors)
 *(SORT_BY_NAME(.dtors.*))
 *(.dtors)
                0x0000000003802234                . = ALIGN (0x4)

.eh_frame       0x0000000003802234        0x4 load address 0x000000000238a3fc
 *(.eh_frame)
 .eh_frame      0x0000000003802234        0x0 c:/devkitpro/devkitarm/bin/../lib/gcc/arm-none-eabi/12.1.0/thumb/crtbegin.o
 .eh_frame      0x0000000003802234        0x4 c:/devkitpro/devkitarm/bin/../lib/gcc/arm-none-eabi/12.1.0/thumb/crtend.o
                0x0000000003802238                . = ALIGN (0x4)

.rel.dyn        0x0000000003802238        0x0 load address 0x000000000238a400
 .rel.iplt      0x0000000003802238        0x0 c:/devkitpro/devkitarm/bin/../lib/gcc/arm-none-eabi/12.1.0/../../../../arm-none-eabi/lib/thumb/ds_arm7_crt0.o

.gcc_except_table
                0x0000000003802238        0x0 load address 0x000000000238a400
 *(.gcc_except_table)
                0x0000000003802238                . = ALIGN (0x4)

.jcr
 *(.jcr)

.got
 *(.got.plt)
 *(.got)

.data           0x0000000003802238      0x128 load address 0x000000000238a400
                0x0000000003802238                __data_start = ABSOLUTE (.)
 *(.data)
 *(.data.*)
 .data.MAC_Reglist
                0x0000000003802238       0x58 C:/devkitPro/libnds/lib\libdswifi7.a(wifi_arm7.o)
                0x0000000003802238                MAC_Reglist
 .data.MAC_Vallist
                0x0000000003802290       0x58 C:/devkitPro/libnds/lib\libdswifi7.a(wifi_arm7.o)
                0x0000000003802290                MAC_Vallist
 .data.RF_Reglist
                0x00000000038022e8       0x40 C:/devkitPro/libnds/lib\libdswifi7.a(wifi_arm7.o)
                0x00000000038022e8                RF_Reglist
 .data.count_ofs_list
                0x0000000003802328       0x24 C:/devkitPro/libnds/lib\libdswifi7.a(wifi_arm7.o)
                0x0000000003802328                count_ofs_list
 .data.sleepIsEnabled
                0x000000000380234c        0x1 C:/devkitPro/libnds/lib\libnds7.a(system.o)
                0x000000000380234c                sleepIsEnabled
 .data.range    0x000000000380234d        0x1 C:/devkitPro/libnds/lib\libnds7.a(touch.o)
 .data.fifo_buffer_free
                0x000000000380234e        0x4 C:/devkitPro/libnds/lib\libnds7.a(fifosystem.o)
                0x000000000380234e                fifo_buffer_free
 *fill*         0x0000000003802352        0x2 
 .data.fifo_freewords
                0x0000000003802354        0x4 C:/devkitPro/libnds/lib\libnds7.a(fifosystem.o)
                0x0000000003802354                fifo_freewords
 .data.fifo_receive_queue
                0x0000000003802358        0x4 C:/devkitPro/libnds/lib\libnds7.a(fifosystem.o)
                0x0000000003802358                fifo_receive_queue
 .data.fifo_send_queue
                0x000000000380235c        0x4 C:/devkitPro/libnds/lib\libnds7.a(fifosystem.o)
                0x000000000380235c                fifo_send_queue
 *(.gnu.linkonce.d*)
                0x0000000003802360                . = ALIGN (0x4)
                0x0000000003802360                __data_end = ABSOLUTE (.)

.igot.plt       0x0000000003802360        0x0 load address 0x000000000238a528
 .igot.plt      0x0000000003802360        0x0 c:/devkitpro/devkitarm/bin/../lib/gcc/arm-none-eabi/12.1.0/../../../../arm-none-eabi/lib/thumb/ds_arm7_crt0.o

.bss            0x0000000003802360     0x441c
                0x0000000003802360                __arm7_end__ = .
                0x0000000003802360                __bss_start = ABSOLUTE (.)
                0x0000000003802360                __bss_start__ = ABSOLUTE (.)
 *(.dynbss)
 *(.gnu.linkonce.b*)
 *(.bss*)
 .bss.completed.1
                0x0000000003802360        0x1 c:/devkitpro/devkitarm/bin/../lib/gcc/arm-none-eabi/12.1.0/thumb/crtbegin.o
 *fill*         0x0000000003802361        0x3 
 .bss.object.0  0x0000000003802364       0x18 c:/devkitpro/devkitarm/bin/../lib/gcc/arm-none-eabi/12.1.0/thumb/crtbegin.o
 .bss.exitflag  0x000000000380237c        0x1 main.o
                0x000000000380237c                exitflag
 *fill*         0x000000000380237d        0x3 
 .bss.WifiData  0x0000000003802380        0x4 C:/devkitPro/libnds/lib\libdswifi7.a(wifi_arm7.o)
                0x0000000003802380                WifiData
 .bss.arm7qlen  0x0000000003802384        0x2 C:/devkitPro/libnds/lib\libdswifi7.a(wifi_arm7.o)
                0x0000000003802384                arm7qlen
 *fill*         0x0000000003802386        0x2 
 .bss.chdata_save5
                0x0000000003802388        0x4 C:/devkitPro/libnds/lib\libdswifi7.a(wifi_arm7.o)
                0x0000000003802388                chdata_save5
 .bss.keepalive_time
                0x000000000380238c        0x4 C:/devkitPro/libnds/lib\libdswifi7.a(wifi_arm7.o)
                0x000000000380238c                keepalive_time
 .bss.led_state
                0x0000000003802390        0x4 C:/devkitPro/libnds/lib\libdswifi7.a(wifi_arm7.o)
                0x0000000003802390                led_state
 .bss.scanIndex
                0x0000000003802394        0x4 C:/devkitPro/libnds/lib\libdswifi7.a(wifi_arm7.o)
 .bss.synchandler
                0x0000000003802398        0x4 C:/devkitPro/libnds/lib\libdswifi7.a(wifi_arm7.o)
                0x0000000003802398                synchandler
 .bss           0x000000000380239c      0x88d C:/devkitPro/libnds/lib\libmm7.a(mm_main_ds.o)
                0x000000000380239c                mmModuleCount
                0x00000000038023a0                mmModuleBank
                0x00000000038023a4                mmSampleBank
                0x0000000003802c28                mmInitialized
 *fill*         0x0000000003802c29        0x3 
 .bss           0x0000000003802c2c      0x148 C:/devkitPro/libnds/lib\libmm7.a(mm_mas.o)
                0x0000000003802c2c                mmLayerMain
                0x0000000003802c64                mmLayerSub
                0x0000000003802c9c                mpp_vars
                0x0000000003802cac                mpp_layerp
                0x0000000003802cb0                mpp_channels
                0x0000000003802cc0                mpp_nchannels
                0x0000000003802cc1                mpp_clayer
                0x0000000003802cc4                mm_achannels
                0x0000000003802cc8                mm_pchannels
                0x0000000003802ccc                mm_num_mch
                0x0000000003802cd0                mm_num_ach
                0x0000000003802cd4                mm_schannels
 .bss           0x0000000003802d74        0x8 C:/devkitPro/libnds/lib\libmm7.a(mm_main.o)
                0x0000000003802d74                mmCallback
                0x0000000003802d78                mm_ch_mask
 .bss           0x0000000003802d7c       0x2d C:/devkitPro/libnds/lib\libmm7.a(mm_effect.o)
                0x0000000003802da0                mm_sfx_bitmask
                0x0000000003802da4                mm_sfx_clearmask
 *fill*         0x0000000003802da9        0x3 
 .bss           0x0000000003802dac     0x2362 C:/devkitPro/libnds/lib\libmm7.a(mm_mixer_super.o)
                0x0000000003802dac                mm_mix_channels
                0x000000000380510d                mm_mixing_mode
 *fill*         0x000000000380510e        0x2 
 .bss           0x0000000003805110      0x10c C:/devkitPro/libnds/lib\libmm7.a(mm_comms7.o)
 .bss           0x000000000380521c       0x2c C:/devkitPro/libnds/lib\libmm7.a(mm_stream.o)
 .bss           0x0000000003805248        0x6 C:/devkitPro/libnds/lib\libmm7.a(mm_reverb.o)
 .bss.__dsimode
                0x000000000380524e        0x1 C:/devkitPro/libnds/lib\libnds7.a(system.o)
                0x000000000380524e                __dsimode
 .bss.last_time_touched
                0x000000000380524f        0x1 C:/devkitPro/libnds/lib\libnds7.a(touch.o)
 .bss.range_counter_1
                0x0000000003805250        0x1 C:/devkitPro/libnds/lib\libnds7.a(touch.o)
 .bss.range_counter_2
                0x0000000003805251        0x1 C:/devkitPro/libnds/lib\libnds7.a(touch.o)
 *fill*         0x0000000003805252        0x2 
 .bss.xoffset   0x0000000003805254        0x4 C:/devkitPro/libnds/lib\libnds7.a(touch.o)
 .bss.xscale    0x0000000003805258        0x4 C:/devkitPro/libnds/lib\libnds7.a(touch.o)
 .bss.yoffset   0x000000000380525c        0x4 C:/devkitPro/libnds/lib\libnds7.a(touch.o)
 .bss.yscale    0x0000000003805260        0x4 C:/devkitPro/libnds/lib\libnds7.a(touch.o)
 .bss.penDown.1
                0x0000000003805264        0x1 C:/devkitPro/libnds/lib\libnds7.a(input.o)
 *fill*         0x0000000003805265        0x3 
 .bss.sleepCounter.0
                0x0000000003805268        0x4 C:/devkitPro/libnds/lib\libnds7.a(input.o)
 .bss.irqTable  0x000000000380526c       0xc8 C:/devkitPro/libnds/lib\libnds7.a(interrupts.o)
                0x000000000380526c                irqTable
 .bss.fifo_address_data
                0x0000000003805334       0x40 C:/devkitPro/libnds/lib\libnds7.a(fifosystem.o)
                0x0000000003805334                fifo_address_data
 .bss.fifo_address_func
                0x0000000003805374       0x40 C:/devkitPro/libnds/lib\libnds7.a(fifosystem.o)
                0x0000000003805374                fifo_address_func
 .bss.fifo_address_queue
                0x00000000038053b4       0x40 C:/devkitPro/libnds/lib\libnds7.a(fifosystem.o)
                0x00000000038053b4                fifo_address_queue
 .bss.fifo_buffer
                0x00000000038053f4      0x800 C:/devkitPro/libnds/lib\libnds7.a(fifosystem.o)
                0x00000000038053f4                fifo_buffer
 .bss.fifo_data_queue
                0x0000000003805bf4       0x40 C:/devkitPro/libnds/lib\libnds7.a(fifosystem.o)
                0x0000000003805bf4                fifo_data_queue
 .bss.fifo_datamsg_data
                0x0000000003805c34       0x40 C:/devkitPro/libnds/lib\libnds7.a(fifosystem.o)
                0x0000000003805c34                fifo_datamsg_data
 .bss.fifo_datamsg_func
                0x0000000003805c74       0x40 C:/devkitPro/libnds/lib\libnds7.a(fifosystem.o)
                0x0000000003805c74                fifo_datamsg_func
 .bss.fifo_value32_data
                0x0000000003805cb4       0x40 C:/devkitPro/libnds/lib\libnds7.a(fifosystem.o)
                0x0000000003805cb4                fifo_value32_data
 .bss.fifo_value32_func
                0x0000000003805cf4       0x40 C:/devkitPro/libnds/lib\libnds7.a(fifosystem.o)
                0x0000000003805cf4                fifo_value32_func
 .bss.fifo_value32_queue
                0x0000000003805d34       0x40 C:/devkitPro/libnds/lib\libnds7.a(fifosystem.o)
                0x0000000003805d34                fifo_value32_queue
 .bss.processing
                0x0000000003805d74        0x4 C:/devkitPro/libnds/lib\libnds7.a(fifosystem.o)
                0x0000000003805d74                processing
 *(COMMON)
 COMMON         0x0000000003805d78      0xa02 C:/devkitPro/libnds/lib\libdswifi7.a(wifi_arm7.o)
                0x0000000003805d78                arm7q
                0x0000000003806578                FlashData
                0x0000000003806778                beacon_channel
                0x000000000380677c                . = ALIGN (0x4)
 *fill*         0x000000000380677a        0x2 
                0x000000000380677c                __bss_end__ = ABSOLUTE (.)
                0x000000000380677c                __end__ = ABSOLUTE (.)

.stab
 *(.stab)

.stabstr
 *(.stabstr)

.stab.excl
 *(.stab.excl)

.stab.exclstr
 *(.stab.exclstr)

.stab.index
 *(.stab.index)

.stab.indexstr
 *(.stab.indexstr)

.comment        0x0000000000000000       0x68
 *(.comment)
 .comment       0x0000000000000000       0x23 c:/devkitpro/devkitarm/bin/../lib/gcc/arm-none-eabi/12.1.0/thumb/crtbegin.o
                                         0x24 (size before relaxing)
 .comment       0x0000000000000023       0x24 audio.o
 .comment       0x0000000000000023       0x24 main.o
 .comment       0x0000000000000023       0x22 C:/devkitPro/libnds/lib\libdswifi7.a(wifi_arm7.o)
                                         0x23 (size before relaxing)
 .comment       0x0000000000000045       0x23 C:/devkitPro/libnds/lib\libnds7.a(system.o)
                                         0x24 (size before relaxing)
 .comment       0x0000000000000068       0x24 C:/devkitPro/libnds/lib\libnds7.a(touch.o)
 .comment       0x0000000000000068       0x24 C:/devkitPro/libnds/lib\libnds7.a(clock.o)
 .comment       0x0000000000000068       0x24 C:/devkitPro/libnds/lib\libnds7.a(codec.twl.o)
 .comment       0x0000000000000068       0x24 C:/devkitPro/libnds/lib\libnds7.a(spi.o)
 .comment       0x0000000000000068       0x24 C:/devkitPro/libnds/lib\libnds7.a(firmware.o)
 .comment       0x0000000000000068       0x24 C:/devkitPro/libnds/lib\libnds7.a(userSettings.o)
 .comment       0x0000000000000068       0x24 C:/devkitPro/libnds/lib\libnds7.a(card.twl.o)
 .comment       0x0000000000000068       0x24 C:/devkitPro/libnds/lib\libnds7.a(input.o)
 .comment       0x0000000000000068       0x24 C:/devkitPro/libnds/lib\libnds7.a(interrupts.o)
 .comment       0x0000000000000068       0x24 C:/devkitPro/libnds/lib\libnds7.a(libnds_exit.arm.o)
 .comment       0x0000000000000068       0x24 C:/devkitPro/libnds/lib\libnds7.a(fifosystem.o)
 .comment       0x0000000000000068       0x24 C:/devkitPro/libnds/lib\libnds7.a(i2c.twl.o)
 .comment       0x0000000000000068       0x24 C:/devkitPro/libnds/lib\libnds7.a(sdmmc.twl.o)
 .comment       0x0000000000000068       0x24 C:/devkitPro/libnds/lib\libnds7.a(systemShutDown.o)
 .comment       0x0000000000000068       0x24 c:/devkitpro/devkitarm/bin/../lib/gcc/arm-none-eabi/12.1.0/../../../../arm-none-eabi/lib/thumb\libg.a(lib_a-init.o)
 .comment       0x0000000000000068       0x24 c:/devkitpro/devkitarm/bin/../lib/gcc/arm-none-eabi/12.1.0/../../../../arm-none-eabi/lib/thumb\libg.a(lib_a-memcmp.o)
 .comment       0x0000000000000068       0x24 c:/devkitpro/devkitarm/bin/../lib/gcc/arm-none-eabi/12.1.0/../../../../arm-none-eabi/lib/thumb\libg.a(lib_a-memcpy-stub.o)
 .comment       0x0000000000000068       0x24 c:/devkitpro/devkitarm/bin/../lib/gcc/arm-none-eabi/12.1.0/../../../../arm-none-eabi/lib/thumb\libg.a(lib_a-memset.o)
 .comment       0x0000000000000068       0x24 c:/devkitpro/devkitarm/bin/../lib/gcc/arm-none-eabi/12.1.0/thumb/crtend.o

.ARM.attributes
                0x0000000000000000       0x26
 .ARM.attributes
                0x0000000000000000       0x1a c:/devkitpro/devkitarm/bin/../lib/gcc/arm-none-eabi/12.1.0/../../../../arm-none-eabi/lib/thumb/ds_arm7_crt0.o
 .ARM.attributes
                0x000000000000001a       0x1c c:/devkitpro/devkitarm/bin/../lib/gcc/arm-none-eabi/12.1.0/thumb/crti.o
 .ARM.attributes
                0x0000000000000036       0x2a c:/devkitpro/devkitarm/bin/../lib/gcc/arm-none-eabi/12.1.0/thumb/crtbegin.o
 .ARM.attributes
                0x0000000000000060       0x26 audio.o
 .ARM.attributes
                0x0000000000000086       0x26 main.o
 .ARM.attributes
                0x00000000000000ac       0x26 C:/devkitPro/libnds/lib\libdswifi7.a(wifi_arm7.o)
 .ARM.attributes
                0x00000000000000d2       0x20 C:/devkitPro/libnds/lib\libdswifi7.a(spinlock.o)
 .ARM.attributes
                0x00000000000000f2       0x1a C:/devkitPro/libnds/lib\libmm7.a(mm_main_ds.o)
 .ARM.attributes
                0x000000000000010c       0x1a C:/devkitPro/libnds/lib\libmm7.a(mm_mas.o)
 .ARM.attributes
                0x0000000000000126       0x1a C:/devkitPro/libnds/lib\libmm7.a(mm_main.o)
 .ARM.attributes
                0x0000000000000140       0x1a C:/devkitPro/libnds/lib\libmm7.a(mm_effect.o)
 .ARM.attributes
                0x000000000000015a       0x1a C:/devkitPro/libnds/lib\libmm7.a(mm_mas_arm.o)
 .ARM.attributes
                0x0000000000000174       0x1a C:/devkitPro/libnds/lib\libmm7.a(mm_mixer_super.o)
 .ARM.attributes
                0x000000000000018e       0x1a C:/devkitPro/libnds/lib\libmm7.a(mm_comms7.o)
 .ARM.attributes
                0x00000000000001a8       0x1a C:/devkitPro/libnds/lib\libmm7.a(mm_stream.o)
 .ARM.attributes
                0x00000000000001c2       0x1a C:/devkitPro/libnds/lib\libmm7.a(mm_reverb.o)
 .ARM.attributes
                0x00000000000001dc       0x26 C:/devkitPro/libnds/lib\libnds7.a(system.o)
 .ARM.attributes
                0x0000000000000202       0x26 C:/devkitPro/libnds/lib\libnds7.a(touch.o)
 .ARM.attributes
                0x0000000000000228       0x26 C:/devkitPro/libnds/lib\libnds7.a(clock.o)
 .ARM.attributes
                0x000000000000024e       0x26 C:/devkitPro/libnds/lib\libnds7.a(codec.twl.o)
 .ARM.attributes
                0x0000000000000274       0x26 C:/devkitPro/libnds/lib\libnds7.a(spi.o)
 .ARM.attributes
                0x000000000000029a       0x26 C:/devkitPro/libnds/lib\libnds7.a(firmware.o)
 .ARM.attributes
                0x00000000000002c0       0x26 C:/devkitPro/libnds/lib\libnds7.a(userSettings.o)
 .ARM.attributes
                0x00000000000002e6       0x26 C:/devkitPro/libnds/lib\libnds7.a(card.twl.o)
 .ARM.attributes
                0x000000000000030c       0x26 C:/devkitPro/libnds/lib\libnds7.a(input.o)
 .ARM.attributes
                0x0000000000000332       0x26 C:/devkitPro/libnds/lib\libnds7.a(interrupts.o)
 .ARM.attributes
                0x0000000000000358       0x26 C:/devkitPro/libnds/lib\libnds7.a(libnds_exit.arm.o)
 .ARM.attributes
                0x000000000000037e       0x26 C:/devkitPro/libnds/lib\libnds7.a(fifosystem.o)
 .ARM.attributes
                0x00000000000003a4       0x20 C:/devkitPro/libnds/lib\libnds7.a(intrwait.o)
 .ARM.attributes
                0x00000000000003c4       0x1a C:/devkitPro/libnds/lib\libnds7.a(interruptDispatcher.o)
 .ARM.attributes
                0x00000000000003de       0x1a C:/devkitPro/libnds/lib\libnds7.a(biosCalls.o)
 .ARM.attributes
                0x00000000000003f8       0x1a C:/devkitPro/libnds/lib\libnds7.a(swiSoftReset.o)
 .ARM.attributes
                0x0000000000000412       0x26 C:/devkitPro/libnds/lib\libnds7.a(i2c.twl.o)
 .ARM.attributes
                0x0000000000000438       0x26 C:/devkitPro/libnds/lib\libnds7.a(sdmmc.twl.o)
 .ARM.attributes
                0x000000000000045e       0x26 C:/devkitPro/libnds/lib\libnds7.a(systemShutDown.o)
 .ARM.attributes
                0x0000000000000484       0x1c c:/devkitpro/devkitarm/bin/../lib/gcc/arm-none-eabi/12.1.0/thumb\libgcc.a(_thumb1_case_uqi.o)
 .ARM.attributes
                0x00000000000004a0       0x1c c:/devkitpro/devkitarm/bin/../lib/gcc/arm-none-eabi/12.1.0/thumb\libgcc.a(_udivsi3.o)
 .ARM.attributes
                0x00000000000004bc       0x1c c:/devkitpro/devkitarm/bin/../lib/gcc/arm-none-eabi/12.1.0/thumb\libgcc.a(_divsi3.o)
 .ARM.attributes
                0x00000000000004d8       0x1c c:/devkitpro/devkitarm/bin/../lib/gcc/arm-none-eabi/12.1.0/thumb\libgcc.a(_dvmd_tls.o)
 .ARM.attributes
                0x00000000000004f4       0x1c c:/devkitpro/devkitarm/bin/../lib/gcc/arm-none-eabi/12.1.0/thumb\libgcc.a(_call_via_rX.o)
 .ARM.attributes
                0x0000000000000510       0x2a c:/devkitpro/devkitarm/bin/../lib/gcc/arm-none-eabi/12.1.0/../../../../arm-none-eabi/lib/thumb\libg.a(lib_a-init.o)
 .ARM.attributes
                0x000000000000053a       0x2a c:/devkitpro/devkitarm/bin/../lib/gcc/arm-none-eabi/12.1.0/../../../../arm-none-eabi/lib/thumb\libg.a(lib_a-memcmp.o)
 .ARM.attributes
                0x0000000000000564       0x2a c:/devkitpro/devkitarm/bin/../lib/gcc/arm-none-eabi/12.1.0/../../../../arm-none-eabi/lib/thumb\libg.a(lib_a-memcpy-stub.o)
 .ARM.attributes
                0x000000000000058e       0x2a c:/devkitpro/devkitarm/bin/../lib/gcc/arm-none-eabi/12.1.0/../../../../arm-none-eabi/lib/thumb\libg.a(lib_a-memset.o)
 .ARM.attributes
                0x00000000000005b8       0x2a c:/devkitpro/devkitarm/bin/../lib/gcc/arm-none-eabi/12.1.0/thumb/crtend.o
 .ARM.attributes
                0x00000000000005e2       0x1c c:/devkitpro/devkitarm/bin/../lib/gcc/arm-none-eabi/12.1.0/thumb/crtn.o

.debug
 *(.debug)

.line
 *(.line)

.debug_srcinfo
 *(.debug_srcinfo)

.debug_sfnames
 *(.debug_sfnames)

.debug_aranges  0x0000000000000000      0x918
 *(.debug_aranges)
 .debug_aranges
                0x0000000000000000       0x40 audio.o
 .debug_aranges
                0x0000000000000040       0x40 main.o
 .debug_aranges
                0x0000000000000080      0x220 C:/devkitPro/libnds/lib\libdswifi7.a(wifi_arm7.o)
 .debug_aranges
                0x00000000000002a0       0x20 C:/devkitPro/libnds/lib\libdswifi7.a(spinlock.o)
 .debug_aranges
                0x00000000000002c0       0x48 C:/devkitPro/libnds/lib\libnds7.a(system.o)
 .debug_aranges
                0x0000000000000308       0x68 C:/devkitPro/libnds/lib\libnds7.a(touch.o)
 .debug_aranges
                0x0000000000000370       0x70 C:/devkitPro/libnds/lib\libnds7.a(clock.o)
 .debug_aranges
                0x00000000000003e0       0x70 C:/devkitPro/libnds/lib\libnds7.a(codec.twl.o)
 .debug_aranges
                0x0000000000000450       0x28 C:/devkitPro/libnds/lib\libnds7.a(spi.o)
 .debug_aranges
                0x0000000000000478       0x40 C:/devkitPro/libnds/lib\libnds7.a(firmware.o)
 .debug_aranges
                0x00000000000004b8       0x20 C:/devkitPro/libnds/lib\libnds7.a(userSettings.o)
 .debug_aranges
                0x00000000000004d8       0x28 C:/devkitPro/libnds/lib\libnds7.a(card.twl.o)
 .debug_aranges
                0x0000000000000500       0x20 C:/devkitPro/libnds/lib\libnds7.a(input.o)
 .debug_aranges
                0x0000000000000520       0x90 C:/devkitPro/libnds/lib\libnds7.a(interrupts.o)
 .debug_aranges
                0x00000000000005b0       0x28 C:/devkitPro/libnds/lib\libnds7.a(libnds_exit.arm.o)
 .debug_aranges
                0x00000000000005d8       0xc0 C:/devkitPro/libnds/lib\libnds7.a(fifosystem.o)
 .debug_aranges
                0x0000000000000698       0x28 C:/devkitPro/libnds/lib\libnds7.a(intrwait.o)
 .debug_aranges
                0x00000000000006c0       0x20 C:/devkitPro/libnds/lib\libnds7.a(interruptDispatcher.o)
 .debug_aranges
                0x00000000000006e0       0xd8 C:/devkitPro/libnds/lib\libnds7.a(biosCalls.o)
 .debug_aranges
                0x00000000000007b8       0x20 C:/devkitPro/libnds/lib\libnds7.a(swiSoftReset.o)
 .debug_aranges
                0x00000000000007d8       0x68 C:/devkitPro/libnds/lib\libnds7.a(i2c.twl.o)
 .debug_aranges
                0x0000000000000840       0xb8 C:/devkitPro/libnds/lib\libnds7.a(sdmmc.twl.o)
 .debug_aranges
                0x00000000000008f8       0x20 C:/devkitPro/libnds/lib\libnds7.a(systemShutDown.o)

.debug_pubnames
 *(.debug_pubnames)

.debug_info     0x0000000000000000     0xdb48
 *(.debug_info)
 .debug_info    0x0000000000000000      0x95d audio.o
 .debug_info    0x000000000000095d      0x78e main.o
 .debug_info    0x00000000000010eb     0x32e7 C:/devkitPro/libnds/lib\libdswifi7.a(wifi_arm7.o)
 .debug_info    0x00000000000043d2       0x26 C:/devkitPro/libnds/lib\libdswifi7.a(spinlock.o)
 .debug_info    0x00000000000043f8      0x936 C:/devkitPro/libnds/lib\libnds7.a(system.o)
 .debug_info    0x0000000000004d2e     0x12e4 C:/devkitPro/libnds/lib\libnds7.a(touch.o)
 .debug_info    0x0000000000006012      0xb4b C:/devkitPro/libnds/lib\libnds7.a(clock.o)
 .debug_info    0x0000000000006b5d      0x754 C:/devkitPro/libnds/lib\libnds7.a(codec.twl.o)
 .debug_info    0x00000000000072b1      0x2ba C:/devkitPro/libnds/lib\libnds7.a(spi.o)
 .debug_info    0x000000000000756b      0xa69 C:/devkitPro/libnds/lib\libnds7.a(firmware.o)
 .debug_info    0x0000000000007fd4      0x593 C:/devkitPro/libnds/lib\libnds7.a(userSettings.o)
 .debug_info    0x0000000000008567      0x272 C:/devkitPro/libnds/lib\libnds7.a(card.twl.o)
 .debug_info    0x00000000000087d9      0x5c8 C:/devkitPro/libnds/lib\libnds7.a(input.o)
 .debug_info    0x0000000000008da1      0xca1 C:/devkitPro/libnds/lib\libnds7.a(interrupts.o)
 .debug_info    0x0000000000009a42      0x2d1 C:/devkitPro/libnds/lib\libnds7.a(libnds_exit.arm.o)
 .debug_info    0x0000000000009d13     0x141c C:/devkitPro/libnds/lib\libnds7.a(fifosystem.o)
 .debug_info    0x000000000000b12f       0x23 C:/devkitPro/libnds/lib\libnds7.a(intrwait.o)
 .debug_info    0x000000000000b152       0x25 C:/devkitPro/libnds/lib\libnds7.a(interruptDispatcher.o)
 .debug_info    0x000000000000b177       0x23 C:/devkitPro/libnds/lib\libnds7.a(biosCalls.o)
 .debug_info    0x000000000000b19a       0x24 C:/devkitPro/libnds/lib\libnds7.a(swiSoftReset.o)
 .debug_info    0x000000000000b1be      0x468 C:/devkitPro/libnds/lib\libnds7.a(i2c.twl.o)
 .debug_info    0x000000000000b626     0x2288 C:/devkitPro/libnds/lib\libnds7.a(sdmmc.twl.o)
 .debug_info    0x000000000000d8ae      0x29a C:/devkitPro/libnds/lib\libnds7.a(systemShutDown.o)

.debug_abbrev   0x0000000000000000     0x338e
 *(.debug_abbrev)
 .debug_abbrev  0x0000000000000000      0x2c4 audio.o
 .debug_abbrev  0x00000000000002c4      0x2ce main.o
 .debug_abbrev  0x0000000000000592      0x65b C:/devkitPro/libnds/lib\libdswifi7.a(wifi_arm7.o)
 .debug_abbrev  0x0000000000000bed       0x14 C:/devkitPro/libnds/lib\libdswifi7.a(spinlock.o)
 .debug_abbrev  0x0000000000000c01      0x28c C:/devkitPro/libnds/lib\libnds7.a(system.o)
 .debug_abbrev  0x0000000000000e8d      0x476 C:/devkitPro/libnds/lib\libnds7.a(touch.o)
 .debug_abbrev  0x0000000000001303      0x2cb C:/devkitPro/libnds/lib\libnds7.a(clock.o)
 .debug_abbrev  0x00000000000015ce      0x201 C:/devkitPro/libnds/lib\libnds7.a(codec.twl.o)
 .debug_abbrev  0x00000000000017cf      0x1a7 C:/devkitPro/libnds/lib\libnds7.a(spi.o)
 .debug_abbrev  0x0000000000001976      0x335 C:/devkitPro/libnds/lib\libnds7.a(firmware.o)
 .debug_abbrev  0x0000000000001cab      0x163 C:/devkitPro/libnds/lib\libnds7.a(userSettings.o)
 .debug_abbrev  0x0000000000001e0e      0x131 C:/devkitPro/libnds/lib\libnds7.a(card.twl.o)
 .debug_abbrev  0x0000000000001f3f      0x213 C:/devkitPro/libnds/lib\libnds7.a(input.o)
 .debug_abbrev  0x0000000000002152      0x3a8 C:/devkitPro/libnds/lib\libnds7.a(interrupts.o)
 .debug_abbrev  0x00000000000024fa      0x15d C:/devkitPro/libnds/lib\libnds7.a(libnds_exit.arm.o)
 .debug_abbrev  0x0000000000002657      0x4bc C:/devkitPro/libnds/lib\libnds7.a(fifosystem.o)
 .debug_abbrev  0x0000000000002b13       0x12 C:/devkitPro/libnds/lib\libnds7.a(intrwait.o)
 .debug_abbrev  0x0000000000002b25       0x14 C:/devkitPro/libnds/lib\libnds7.a(interruptDispatcher.o)
 .debug_abbrev  0x0000000000002b39       0x12 C:/devkitPro/libnds/lib\libnds7.a(biosCalls.o)
 .debug_abbrev  0x0000000000002b4b       0x14 C:/devkitPro/libnds/lib\libnds7.a(swiSoftReset.o)
 .debug_abbrev  0x0000000000002b5f      0x22b C:/devkitPro/libnds/lib\libnds7.a(i2c.twl.o)
 .debug_abbrev  0x0000000000002d8a      0x4ce C:/devkitPro/libnds/lib\libnds7.a(sdmmc.twl.o)
 .debug_abbrev  0x0000000000003258      0x136 C:/devkitPro/libnds/lib\libnds7.a(systemShutDown.o)

.debug_line     0x0000000000000000     0xa474
 *(.debug_line)
 .debug_line    0x0000000000000000      0x3f0 audio.o
 .debug_line    0x00000000000003f0      0x32b main.o
 .debug_line    0x000000000000071b     0x3380 C:/devkitPro/libnds/lib\libdswifi7.a(wifi_arm7.o)
 .debug_line    0x0000000000003a9b       0xa0 C:/devkitPro/libnds/lib\libdswifi7.a(spinlock.o)
 .debug_line    0x0000000000003b3b      0x513 C:/devkitPro/libnds/lib\libnds7.a(system.o)
 .debug_line    0x000000000000404e      0xb43 C:/devkitPro/libnds/lib\libnds7.a(touch.o)
 .debug_line    0x0000000000004b91      0x7ea C:/devkitPro/libnds/lib\libnds7.a(clock.o)
 .debug_line    0x000000000000537b      0x650 C:/devkitPro/libnds/lib\libnds7.a(codec.twl.o)
 .debug_line    0x00000000000059cb      0x2cc C:/devkitPro/libnds/lib\libnds7.a(spi.o)
 .debug_line    0x0000000000005c97      0x5e0 C:/devkitPro/libnds/lib\libnds7.a(firmware.o)
 .debug_line    0x0000000000006277      0x2b7 C:/devkitPro/libnds/lib\libnds7.a(userSettings.o)
 .debug_line    0x000000000000652e      0x34a C:/devkitPro/libnds/lib\libnds7.a(card.twl.o)
 .debug_line    0x0000000000006878      0x30d C:/devkitPro/libnds/lib\libnds7.a(input.o)
 .debug_line    0x0000000000006b85      0x83e C:/devkitPro/libnds/lib\libnds7.a(interrupts.o)
 .debug_line    0x00000000000073c3      0x20f C:/devkitPro/libnds/lib\libnds7.a(libnds_exit.arm.o)
 .debug_line    0x00000000000075d2      0xffb C:/devkitPro/libnds/lib\libnds7.a(fifosystem.o)
 .debug_line    0x00000000000085cd       0x6b C:/devkitPro/libnds/lib\libnds7.a(intrwait.o)
 .debug_line    0x0000000000008638       0x86 C:/devkitPro/libnds/lib\libnds7.a(interruptDispatcher.o)
 .debug_line    0x00000000000086be      0x1d3 C:/devkitPro/libnds/lib\libnds7.a(biosCalls.o)
 .debug_line    0x0000000000008891       0x50 C:/devkitPro/libnds/lib\libnds7.a(swiSoftReset.o)
 .debug_line    0x00000000000088e1      0x48f C:/devkitPro/libnds/lib\libnds7.a(i2c.twl.o)
 .debug_line    0x0000000000008d70     0x14cc C:/devkitPro/libnds/lib\libnds7.a(sdmmc.twl.o)
 .debug_line    0x000000000000a23c      0x238 C:/devkitPro/libnds/lib\libnds7.a(systemShutDown.o)

.debug_frame    0x0000000000000000     0x15a0
 *(.debug_frame)
 .debug_frame   0x0000000000000000       0x8c audio.o
 .debug_frame   0x000000000000008c       0x7c main.o
 .debug_frame   0x0000000000000108      0x758 C:/devkitPro/libnds/lib\libdswifi7.a(wifi_arm7.o)
 .debug_frame   0x0000000000000860       0xa0 C:/devkitPro/libnds/lib\libnds7.a(system.o)
 .debug_frame   0x0000000000000900      0x128 C:/devkitPro/libnds/lib\libnds7.a(touch.o)
 .debug_frame   0x0000000000000a28      0x15c C:/devkitPro/libnds/lib\libnds7.a(clock.o)
 .debug_frame   0x0000000000000b84      0x140 C:/devkitPro/libnds/lib\libnds7.a(codec.twl.o)
 .debug_frame   0x0000000000000cc4       0x44 C:/devkitPro/libnds/lib\libnds7.a(spi.o)
 .debug_frame   0x0000000000000d08       0x9c C:/devkitPro/libnds/lib\libnds7.a(firmware.o)
 .debug_frame   0x0000000000000da4       0x34 C:/devkitPro/libnds/lib\libnds7.a(userSettings.o)
 .debug_frame   0x0000000000000dd8       0x50 C:/devkitPro/libnds/lib\libnds7.a(card.twl.o)
 .debug_frame   0x0000000000000e28       0x30 C:/devkitPro/libnds/lib\libnds7.a(input.o)
 .debug_frame   0x0000000000000e58      0x170 C:/devkitPro/libnds/lib\libnds7.a(interrupts.o)
 .debug_frame   0x0000000000000fc8       0x38 C:/devkitPro/libnds/lib\libnds7.a(libnds_exit.arm.o)
 .debug_frame   0x0000000000001000      0x268 C:/devkitPro/libnds/lib\libnds7.a(fifosystem.o)
 .debug_frame   0x0000000000001268      0x104 C:/devkitPro/libnds/lib\libnds7.a(i2c.twl.o)
 .debug_frame   0x000000000000136c      0x20c C:/devkitPro/libnds/lib\libnds7.a(sdmmc.twl.o)
 .debug_frame   0x0000000000001578       0x28 C:/devkitPro/libnds/lib\libnds7.a(systemShutDown.o)

.debug_str      0x0000000000000000     0x3890
 *(.debug_str)
 .debug_str     0x0000000000000000      0x716 audio.o
                                        0x7a3 (size before relaxing)
 .debug_str     0x0000000000000716      0x2ef main.o
                                        0x716 (size before relaxing)
 .debug_str     0x0000000000000a05      0xf4c C:/devkitPro/libnds/lib\libdswifi7.a(wifi_arm7.o)
                                       0x130f (size before relaxing)
 .debug_str     0x0000000000001951       0x67 C:/devkitPro/libnds/lib\libdswifi7.a(spinlock.o)
                                         0xae (size before relaxing)
 .debug_str     0x00000000000019b8      0x32f C:/devkitPro/libnds/lib\libnds7.a(system.o)
                                        0x78e (size before relaxing)
 .debug_str     0x0000000000001ce7      0x8f8 C:/devkitPro/libnds/lib\libnds7.a(touch.o)
                                        0xb8a (size before relaxing)
 .debug_str     0x00000000000025df      0x22d C:/devkitPro/libnds/lib\libnds7.a(clock.o)
                                        0x5ac (size before relaxing)
 .debug_str     0x000000000000280c      0x13b C:/devkitPro/libnds/lib\libnds7.a(codec.twl.o)
                                        0x363 (size before relaxing)
 .debug_str     0x0000000000002947       0x61 C:/devkitPro/libnds/lib\libnds7.a(spi.o)
                                        0x356 (size before relaxing)
 .debug_str     0x00000000000029a8       0xcd C:/devkitPro/libnds/lib\libnds7.a(firmware.o)
                                        0x513 (size before relaxing)
 .debug_str     0x0000000000002a75       0xf2 C:/devkitPro/libnds/lib\libnds7.a(userSettings.o)
                                        0x44a (size before relaxing)
 .debug_str     0x0000000000002b67       0x66 C:/devkitPro/libnds/lib\libnds7.a(card.twl.o)
                                        0x287 (size before relaxing)
 .debug_str     0x0000000000002bcd       0xa6 C:/devkitPro/libnds/lib\libnds7.a(input.o)
                                        0x55a (size before relaxing)
 .debug_str     0x0000000000002c73      0x1df C:/devkitPro/libnds/lib\libnds7.a(interrupts.o)
                                        0x758 (size before relaxing)
 .debug_str     0x0000000000002e52      0x13c C:/devkitPro/libnds/lib\libnds7.a(libnds_exit.arm.o)
                                        0x346 (size before relaxing)
 .debug_str     0x0000000000002f8e      0x41d C:/devkitPro/libnds/lib\libnds7.a(fifosystem.o)
                                        0x8c2 (size before relaxing)
 .debug_str     0x00000000000033ab       0x17 C:/devkitPro/libnds/lib\libnds7.a(intrwait.o)
                                         0x6b (size before relaxing)
 .debug_str     0x00000000000033c2       0x16 C:/devkitPro/libnds/lib\libnds7.a(interruptDispatcher.o)
                                         0x76 (size before relaxing)
 .debug_str     0x00000000000033d8        0xc C:/devkitPro/libnds/lib\libnds7.a(biosCalls.o)
                                         0x6c (size before relaxing)
 .debug_str     0x00000000000033e4        0xf C:/devkitPro/libnds/lib\libnds7.a(swiSoftReset.o)
                                         0x6f (size before relaxing)
 .debug_str     0x00000000000033f3       0xdd C:/devkitPro/libnds/lib\libnds7.a(i2c.twl.o)
                                        0x30f (size before relaxing)
 .debug_str     0x00000000000034d0      0x354 C:/devkitPro/libnds/lib\libnds7.a(sdmmc.twl.o)
                                        0x89e (size before relaxing)
 .debug_str     0x0000000000003824       0x6c C:/devkitPro/libnds/lib\libnds7.a(systemShutDown.o)
                                        0x40f (size before relaxing)

.debug_loc      0x0000000000000000     0x299c
 *(.debug_loc)
 .debug_loc     0x0000000000000000     0x299c C:/devkitPro/libnds/lib\libdswifi7.a(wifi_arm7.o)

.debug_macinfo
 *(.debug_macinfo)

.debug_weaknames
 *(.debug_weaknames)

.debug_funcnames
 *(.debug_funcnames)

.debug_typenames
 *(.debug_typenames)

.debug_varnames
 *(.debug_varnames)
LOAD c:/devkitpro/devkitarm/bin/../lib/gcc/arm-none-eabi/12.1.0/../../../../arm-none-eabi/lib/thumb/ds_arm7_crt0.o
LOAD c:/devkitpro/devkitarm/bin/../lib/gcc/arm-none-eabi/12.1.0/thumb/crti.o
LOAD c:/devkitpro/devkitarm/bin/../lib/gcc/arm-none-eabi/12.1.0/thumb/crtbegin.o
LOAD audio.o
LOAD main.o
LOAD C:/devkitPro/libnds/lib\libdswifi7.a
LOAD C:/devkitPro/libnds/lib\libmm7.a
LOAD C:/devkitPro/libnds/lib\libnds7.a
START GROUP
LOAD c:/devkitpro/devkitarm/bin/../lib/gcc/arm-none-eabi/12.1.0/thumb\libgcc.a
LOAD c:/devkitpro/devkitarm/bin/../lib/gcc/arm-none-eabi/12.1.0/../../../../arm-none-eabi/lib/thumb\libg.a
LOAD c:/devkitpro/devkitarm/bin/../lib/gcc/arm-none-eabi/12.1.0/../../../../arm-none-eabi/lib/thumb\libc.a
LOAD c:/devkitpro/devkitarm/bin/../lib/gcc/arm-none-eabi/12.1.0/../../../../arm-none-eabi/lib/thumb\libsysbase.a
END GROUP
LOAD c:/devkitpro/devkitarm/bin/../lib/gcc/arm-none-eabi/12.1.0/thumb/crtend.o
LOAD c:/devkitpro/devkitarm/bin/../lib/gcc/arm-none-eabi/12.1.0/thumb/crtn.o
OUTPUT(D:/dsDev/IkachanDS/arm7/Ikachan-arm7.elf elf32-littlearm)
LOAD linker stubs

.debug_loclists
                0x0000000000000000     0x397b
 .debug_loclists
                0x0000000000000000      0x361 audio.o
 .debug_loclists
                0x0000000000000361       0x5b main.o
 .debug_loclists
                0x00000000000003bc      0x252 C:/devkitPro/libnds/lib\libnds7.a(system.o)
 .debug_loclists
                0x000000000000060e      0x7b0 C:/devkitPro/libnds/lib\libnds7.a(touch.o)
 .debug_loclists
                0x0000000000000dbe      0x4d3 C:/devkitPro/libnds/lib\libnds7.a(clock.o)
 .debug_loclists
                0x0000000000001291      0x328 C:/devkitPro/libnds/lib\libnds7.a(codec.twl.o)
 .debug_loclists
                0x00000000000015b9       0xb7 C:/devkitPro/libnds/lib\libnds7.a(spi.o)
 .debug_loclists
                0x0000000000001670      0x2b7 C:/devkitPro/libnds/lib\libnds7.a(firmware.o)
 .debug_loclists
                0x0000000000001927       0x50 C:/devkitPro/libnds/lib\libnds7.a(userSettings.o)
 .debug_loclists
                0x0000000000001977       0x76 C:/devkitPro/libnds/lib\libnds7.a(card.twl.o)
 .debug_loclists
                0x00000000000019ed       0x21 C:/devkitPro/libnds/lib\libnds7.a(input.o)
 .debug_loclists
                0x0000000000001a0e      0x315 C:/devkitPro/libnds/lib\libnds7.a(interrupts.o)
 .debug_loclists
                0x0000000000001d23       0x37 C:/devkitPro/libnds/lib\libnds7.a(libnds_exit.arm.o)
 .debug_loclists
                0x0000000000001d5a      0xacc C:/devkitPro/libnds/lib\libnds7.a(fifosystem.o)
 .debug_loclists
                0x0000000000002826      0x122 C:/devkitPro/libnds/lib\libnds7.a(i2c.twl.o)
 .debug_loclists
                0x0000000000002948     0x1033 C:/devkitPro/libnds/lib\libnds7.a(sdmmc.twl.o)

.debug_rnglists
                0x0000000000000000      0x8e7
 .debug_rnglists
                0x0000000000000000       0x48 audio.o
 .debug_rnglists
                0x0000000000000048       0x38 main.o
 .debug_rnglists
                0x0000000000000080       0x3e C:/devkitPro/libnds/lib\libnds7.a(system.o)
 .debug_rnglists
                0x00000000000000be       0x8f C:/devkitPro/libnds/lib\libnds7.a(touch.o)
 .debug_rnglists
                0x000000000000014d       0x51 C:/devkitPro/libnds/lib\libnds7.a(clock.o)
 .debug_rnglists
                0x000000000000019e       0x51 C:/devkitPro/libnds/lib\libnds7.a(codec.twl.o)
 .debug_rnglists
                0x00000000000001ef       0x40 C:/devkitPro/libnds/lib\libnds7.a(spi.o)
 .debug_rnglists
                0x000000000000022f       0x70 C:/devkitPro/libnds/lib\libnds7.a(firmware.o)
 .debug_rnglists
                0x000000000000029f       0x14 C:/devkitPro/libnds/lib\libnds7.a(userSettings.o)
 .debug_rnglists
                0x00000000000002b3       0x4f C:/devkitPro/libnds/lib\libnds7.a(card.twl.o)
 .debug_rnglists
                0x0000000000000302       0x14 C:/devkitPro/libnds/lib\libnds7.a(input.o)
 .debug_rnglists
                0x0000000000000316       0xe8 C:/devkitPro/libnds/lib\libnds7.a(interrupts.o)
 .debug_rnglists
                0x00000000000003fe       0x19 C:/devkitPro/libnds/lib\libnds7.a(libnds_exit.arm.o)
 .debug_rnglists
                0x0000000000000417      0x149 C:/devkitPro/libnds/lib\libnds7.a(fifosystem.o)
 .debug_rnglists
                0x0000000000000560       0x19 C:/devkitPro/libnds/lib\libnds7.a(intrwait.o)
 .debug_rnglists
                0x0000000000000579       0x9d C:/devkitPro/libnds/lib\libnds7.a(biosCalls.o)
 .debug_rnglists
                0x0000000000000616       0x58 C:/devkitPro/libnds/lib\libnds7.a(i2c.twl.o)
 .debug_rnglists
                0x000000000000066e      0x266 C:/devkitPro/libnds/lib\libnds7.a(sdmmc.twl.o)
 .debug_rnglists
                0x00000000000008d4       0x13 C:/devkitPro/libnds/lib\libnds7.a(systemShutDown.o)

.debug_ranges   0x0000000000000000      0x5c0
 .debug_ranges  0x0000000000000000      0x5c0 C:/devkitPro/libnds/lib\libdswifi7.a(wifi_arm7.o)

.debug_line_str
                0x0000000000000000       0xf4
 .debug_line_str
                0x0000000000000000       0x66 C:/devkitPro/libnds/lib\libnds7.a(intrwait.o)
                                         0xcc (size before relaxing)
 .debug_line_str
                0x0000000000000066       0x73 C:/devkitPro/libnds/lib\libnds7.a(interruptDispatcher.o)
                                         0xe6 (size before relaxing)
 .debug_line_str
                0x00000000000000d9        0xc C:/devkitPro/libnds/lib\libnds7.a(biosCalls.o)
                                         0xd2 (size before relaxing)
 .debug_line_str
                0x00000000000000e5        0xf C:/devkitPro/libnds/lib\libnds7.a(swiSoftReset.o)
                                         0xd8 (size before relaxing)
