Archive member included to satisfy reference by file (symbol)

C:/devkitPro/libnds/lib\libfat.a(libfat.o)
                              System.o (fatInitDefault)
C:/devkitPro/libnds/lib\libfat.a(disc.o)
                              C:/devkitPro/libnds/lib\libfat.a(libfat.o) (_FAT_disc_interfaces)
C:/devkitPro/libnds/lib\libfat.a(fatfile.o)
                              C:/devkitPro/libnds/lib\libfat.a(libfat.o) (_FAT_open_r)
C:/devkitPro/libnds/lib\libfat.a(cache.o)
                              C:/devkitPro/libnds/lib\libfat.a(fatfile.o) (_FAT_cache_readSectors)
C:/devkitPro/libnds/lib\libfat.a(fatdir.o)
                              C:/devkitPro/libnds/lib\libfat.a(libfat.o) (_FAT_stat_r)
C:/devkitPro/libnds/lib\libfat.a(directory.o)
                              C:/devkitPro/libnds/lib\libfat.a(fatfile.o) (_FAT_directory_entryGetCluster)
C:/devkitPro/libnds/lib\libfat.a(partition.o)
                              C:/devkitPro/libnds/lib\libfat.a(libfat.o) (_FAT_partition_destructor)
C:/devkitPro/libnds/lib\libfat.a(lock.o)
                              C:/devkitPro/libnds/lib\libfat.a(partition.o) (_FAT_lock_init)
C:/devkitPro/libnds/lib\libfat.a(filetime.o)
                              C:/devkitPro/libnds/lib\libfat.a(fatfile.o) (_FAT_filetime_getTimeFromRTC)
C:/devkitPro/libnds/lib\libfat.a(file_allocation_table.o)
                              C:/devkitPro/libnds/lib\libfat.a(fatfile.o) (_FAT_fat_nextCluster)
C:/devkitPro/libnds/lib\libnds9.a(dynamicArray.o)
                              Draw.o (DynamicArrayGet)
C:/devkitPro/libnds/lib\libnds9.a(trig.o)
                              gl2d.o (tanLerp)
C:/devkitPro/libnds/lib\libnds9.a(video.o)
                              Draw.o (vramRestorePrimaryBanks)
C:/devkitPro/libnds/lib\libnds9.a(touch.o)
                              Editor.o (touchRead)
C:/devkitPro/libnds/lib\libnds9.a(videoGL.o)
                              gl2d.o (glMaterialf)
C:/devkitPro/libnds/lib\libnds9.a(sprite.o)
                              Draw.o (oamInit)
C:/devkitPro/libnds/lib\libnds9.a(keys.o)
                              Draw.o (scanKeys)
C:/devkitPro/libnds/lib\libnds9.a(dldi.o)
                              C:/devkitPro/libnds/lib\libfat.a(disc.o) (dldiGetInternal)
C:/devkitPro/libnds/lib\libnds9.a(initSystem.o)
                              c:/devkitpro/devkitarm/bin/../lib/gcc/arm-none-eabi/12.1.0/../../../../arm-none-eabi/lib/thumb/ds_arm9_crt0.o (initSystem)
C:/devkitPro/libnds/lib\libnds9.a(securearea.o)
                              c:/devkitpro/devkitarm/bin/../lib/gcc/arm-none-eabi/12.1.0/../../../../arm-none-eabi/lib/thumb/ds_arm9_crt0.o (__secure_area__)
C:/devkitPro/libnds/lib\libnds9.a(interrupts.o)
                              C:/devkitPro/libnds/lib\libnds9.a(initSystem.o) (irqInit)
C:/devkitPro/libnds/lib\libnds9.a(libnds_exit.arm.o)
                              c:/devkitpro/devkitarm/bin/../lib/gcc/arm-none-eabi/12.1.0/../../../../arm-none-eabi/lib/thumb/ds_arm9_crt0.o (__libnds_exit)
C:/devkitPro/libnds/lib\libnds9.a(fifosystem.o)
                              C:/devkitPro/libnds/lib\libnds9.a(initSystem.o) (fifoSetValue32Handler)
C:/devkitPro/libnds/lib\libnds9.a(dcache.o)
                              Draw.o (DC_FlushRange)
C:/devkitPro/libnds/lib\libnds9.a(dldi_stub.o)
                              C:/devkitPro/libnds/lib\libnds9.a(dldi.o) (_io_dldi_stub)
C:/devkitPro/libnds/lib\libnds9.a(mpu_setup.o)
                              c:/devkitpro/devkitarm/bin/../lib/gcc/arm-none-eabi/12.1.0/../../../../arm-none-eabi/lib/thumb/ds_arm9_crt0.o (__libnds_mpu_setup)
C:/devkitPro/libnds/lib\libnds9.a(IntrWait.o)
                              Draw.o (swiWaitForVBlank)
C:/devkitPro/libnds/lib\libnds9.a(cpu_clock.o)
                              C:/devkitPro/libnds/lib\libnds9.a(initSystem.o) (setCpuClock)
C:/devkitPro/libnds/lib\libnds9.a(interruptDispatcher.o)
                              C:/devkitPro/libnds/lib\libnds9.a(interrupts.o) (IntrMain)
C:/devkitPro/libnds/lib\libnds9.a(biosCalls.o)
                              Draw.o (swiCopy)
C:/devkitPro/libnds/lib\libnds9.a(swiSoftReset.o)
                              C:/devkitPro/libnds/lib\libnds9.a(fifosystem.o) (swiSoftReset)
C:/devkitPro/libnds/lib\libnds9.a(sprite_alloc.o)
                              C:/devkitPro/libnds/lib\libnds9.a(sprite.o) (oamAllocReset)
C:/devkitPro/libnds/lib\libnds9.a(system.o)
                              C:/devkitPro/libnds/lib\libnds9.a(initSystem.o) (systemValueHandler)
C:/devkitPro/libnds/lib\libnds9.a(sd.twl.o)
                              C:/devkitPro/libnds/lib\libnds9.a(dldi.o) (__io_dsisd)
c:/devkitpro/devkitarm/bin/../lib/gcc/arm-none-eabi/12.1.0/../../../../arm-none-eabi/lib/thumb\libstdc++.a(del_ops.o)
                              Sound.o (operator delete(void*, unsigned int))
c:/devkitpro/devkitarm/bin/../lib/gcc/arm-none-eabi/12.1.0/../../../../arm-none-eabi/lib/thumb\libstdc++.a(del_opv.o)
                              Sound.o (operator delete[](void*))
[...]
Memory Configuration

Name             Origin             Length             Attributes
ewram            0x0000000002000000 0x0000000000380000
dtcm             0x0000000002ff0000 0x0000000000004000
vectors          0x0000000001000000 0x0000000000000100
itcm             0x0000000001000100 0x0000000000007f00
*default*        0x0000000000000000 0xffffffffffffffff

Linker script and memory map

                0x0000000002380000                __ewram_end = (ORIGIN (ewram) + LENGTH (ewram))
                0x0000000002380000                __eheap_end = (ORIGIN (ewram) + LENGTH (ewram))
                0x0000000002ff4000                __dtcm_top = (ORIGIN (dtcm) + LENGTH (dtcm))
                0x0000000002ff3ff8                __irq_flags = (__dtcm_top - 0x8)
                0x0000000002ff3ffc                __irq_vector = (__dtcm_top - 0x4)
                0x0000000002ff3f00                __sp_svc = (__dtcm_top - 0x100)
                0x0000000002ff3e00                __sp_irq = (__sp_svc - 0x100)
                0x0000000002ff3d00                __sp_usr = (__sp_irq - 0x100)

.secure         0x0000000002000000      0x800
 *(.secure)
 .secure        0x0000000002000000      0x800 C:/devkitPro/libnds/lib\libnds9.a(securearea.o)
                0x0000000002000000                __secure_area__

.crt0           0x0000000002000800      0x300
                0x0000000002000800                __text_start = .
 *(.crt0)
 .crt0          0x0000000002000800      0x300 c:/devkitpro/devkitarm/bin/../lib/gcc/arm-none-eabi/12.1.0/../../../../arm-none-eabi/lib/thumb/ds_arm9_crt0.o
                0x0000000002000800                _start
                0x0000000002000b00                . = ALIGN (0x4)

.plt
 *(.plt)

.init           0x0000000002000b00        0xc
 *(SORT_NONE(.init))
 .init          0x0000000002000b00        0x4 c:/devkitpro/devkitarm/bin/../lib/gcc/arm-none-eabi/12.1.0/thumb/crti.o
                0x0000000002000b00                _init
 .init          0x0000000002000b04        0x8 c:/devkitpro/devkitarm/bin/../lib/gcc/arm-none-eabi/12.1.0/thumb/crtn.o

.text           0x0000000002000b40    0x33db0
 *(EXCLUDE_FILE(*.twl* *.vectors* *.itcm*) .text)
 .text          0x0000000002000b40      0x9f0 Boss.o
                0x0000000002000b40                InitBoss()
                0x0000000002000b98                PutBoss(FRAME*)
                0x0000000002000d14                ActBoss(CARET_SPAWNER*)
                0x00000000020010b0                DamageBoss(CARET_SPAWNER*, char)
                0x0000000002001128                HitMyCharBoss(EVENT_SCR*, CARET_SPAWNER*)
 .text          0x0000000002001530     0x188c Draw.o
                0x0000000002001530                vramGetBank(unsigned short*)
                0x00000000020015e8                UpdateInput()
                0x0000000002001660                Flip_SystemTask()
                0x0000000002001680                initSubSprites()
                0x0000000002001768                StartDirectDraw()
                0x0000000002001814                EndDirectDraw()
                0x0000000002001818                ReleaseSurface(SurfaceID)
                0x0000000002001830                MakeSurface_Generic(int, int, int)
                0x0000000002001860                vramBlock_examineSpecial(s_vramBlock*, unsigned char*, unsigned long, unsigned char)
                0x0000000002001ccc                vramBlock__allocateBlock(s_vramBlock*, s_SingleBlock*, unsigned char*, unsigned long)
                0x0000000002001e10                vramBlock_allocateSpecial(s_vramBlock*, unsigned char*, unsigned long)
                0x0000000002001e7c                AssignColorPalette(SURFACE*, unsigned short, unsigned short const*)
                0x00000000020022c8                CopyDataToTexture(int, int, int, int, int, RECT*)
                0x0000000002002648                LoadBitmap(FILE_e*, int, bool)
                0x00000000020028e8                LoadBitmap_File(char const*, int, bool)
                0x0000000002002998                LoadBitmap_Resource(char const*, int, bool)
                0x000000000200299c                MakeSurface_File(char const*, int)
                0x00000000020029a8                MakeSurface_Resource(char const*, int)
                0x00000000020029ac                ReloadBitmap_File(char const*, int)
                0x00000000020029b8                ReloadBitmap_Resource(char const*, int)
                0x00000000020029bc                BackupSurface(SurfaceID, RECT*)
                0x00000000020029c0                CopyFaceTexture(int)
                0x00000000020029c4                PutBitmap4(RECT*, int, int, RECT*, int)
                0x0000000002002abc                Surface2Surface(int, int, RECT*, int, int)
                0x0000000002002b7c                Surface2Texture(int, int, RECT*, int, int)
                0x0000000002002bb4                GetCortBoxColor(unsigned long)
                0x0000000002002bb8                CortBox(RECT*, unsigned long)
                0x0000000002002be0                CortBox2(RECT*, unsigned long, int)
                0x0000000002002be4                InitTextObject()
                0x0000000002002bf8                GetTextSpacing(char const*)
                0x0000000002002c24                PutText(RECT*, int, int, char const*, unsigned long)
                0x0000000002002da0                PutText2(int, int, char const*, unsigned long, int)
                0x0000000002002da4                EndTextObject()
 .text          0x0000000002002dbc      0x878 Editor.o
                0x0000000002002dbc                InitEditor()
                0x0000000002002de0                PutEditorCursor()
                0x0000000002002e34                PutEditorSelect(NPCHAR*, FRAME*)
                0x00000000020030b8                EditorProc(NPCHAR*)
                0x00000000020033b4                PutEditorNpcInfo(NPCHAR*)
                0x00000000020034b4                LoadNpChar(NPCHAR*)
                0x0000000002003574                SaveNpChar(NPCHAR*)
 .text          0x0000000002003634      0x40c Effect.o
                0x0000000002003634                ProcCaret00(CARET*, MAP*, FRAME*)
                0x00000000020036ec                ProcCaret01(CARET*, MAP*, FRAME*)
                0x00000000020037a4                ProcCaret02(CARET*, MAP*, FRAME*)
                0x0000000002003840                ProcCaret03(CARET*, MAP*, FRAME*)
                0x0000000002003904                FindCaret(CARET*)
                0x0000000002003924                ProcCaret(CARET*, MAP*, FRAME*)
                0x0000000002003960                FindCaretSpawner(CARET_SPAWNER*)
                0x0000000002003980                ProcCaretSpawner(CARET_SPAWNER*, CARET*)
 .text          0x0000000002003a40     0x1380 EventScript.o
                0x0000000002003a40                ProcFade(FADE*, FRAME*, CARET_SPAWNER*)
                0x0000000002003ce4                PutNumber(int, int, int)
                0x0000000002003d7c                PutNumber2(int, int, int)
                0x0000000002003e08                DebugPutText(char const*)
                0x0000000002003e2c                ReadEventScript(char const*, EVENT_SCR*)
                0x0000000002003e64                SaveRecord(ITEMS*, MAP*, NPCHAR*)
                0x0000000002003fc8                LoadRecord(ITEMS*, MAP*, NPCHAR*)
                0x000000000200418c                JumpEventScript(EVENT_SCR*)
                0x0000000002004238                GetEventScriptNo(EVENT_SCR*)
                0x000000000200428c                PutEventScriptCursor(EVENT_SCR*)
                0x00000000020042b8                EventScriptProc(EVENT_SCR*, ITEMS*, NPCHAR*, MAP*, PIYOPIYO_CONTROL*, FADE*, FRAME*)
                0x0000000002004cd4                PutMsgBox(EVENT_SCR*)
                0x0000000002004da8                InitEventScript(EVENT_SCR*)
 .text          0x0000000002004dc0       0x94 Flags.o
                0x0000000002004dc0                InitFlags()
                0x0000000002004dd4                SetNPCFlag(long)
                0x0000000002004e00                CutNPCFlag(long)
                0x0000000002004e2c                GetNPCFlag(long)
 .text          0x0000000002004e54      0x8d8 Game.o
                0x0000000002004e54                GetTrg()
                0x0000000002004eb0                CountFramePerSecound()
                0x0000000002004eb4                Game()
 .text          0x000000000200572c      0x450 Generic.o
                0x000000000200572c                GetFileSizeLong(char const*)
                0x0000000002005730                GetCompileDate(int*, int*, int*)
                0x0000000002005858                GetCompileVersion(int*, int*, int*, int*)
                0x0000000002005870                OpenSoundVolume()
                0x0000000002005874                LoadGenericData()
 .text          0x0000000002005b7c      0x2fc Item.o
                0x0000000002005b7c                InitItem(ITEMS*)
                0x0000000002005b94                PutItem(ITEMS*)
                0x0000000002005c34                MoveItem(ITEMS*, EVENT_SCR*)
                0x0000000002005ca8                CheckItem(ITEMS*, char)
                0x0000000002005cf0                AddItemData(ITEMS*, char)
                0x0000000002005dc0                SubItemData(ITEMS*, char)
 .text          0x0000000002005e78      0x594 Map.o
                0x0000000002005e78                LoadMapData(char const*, MAP*)
                0x0000000002005f54                PutBack(FRAME*)
                0x0000000002006014                PutMapBack(MAP*, int, int)
                0x00000000020060d4                PutMapFront(MAP*, int, int)
                0x000000000200617c                PutMapVector(MAP*, int, int)
                0x000000000200626c                MoveFrame(FRAME*, NPCHAR*, MAP*)
                0x000000000200633c                MoveFrameEditor(FRAME*, MAP*)
 .text          0x000000000200640c     0x12b0 NpChar.o
                0x000000000200640c                ActNpChar02(NPCHAR*)
                0x00000000020065f4                ActNpChar03(NPCHAR*)
                0x00000000020066a4                ActNpChar04(NPCHAR*)
                0x000000000200679c                ActNpChar05(NPCHAR*)
                0x00000000020067b4                ActNpChar00(NPCHAR*)
                0x0000000002006970                ActNpChar01(NPCHAR*)
                0x00000000020069c4                ActNpChar06(NPCHAR*)
                0x0000000002006ac0                PutNpChar07(NPCHAR*, FRAME*)
                0x0000000002006b20                PutNpChar06(NPCHAR*, FRAME*)
                0x0000000002006b90                PutNpChar05(NPCHAR*, FRAME*)
                0x0000000002006bfc                PutNpChar04(NPCHAR*, FRAME*)
                0x0000000002006c6c                PutNpChar03(NPCHAR*, FRAME*)
                0x0000000002006cd4                PutNpChar02(NPCHAR*, FRAME*)
                0x0000000002006d40                PutNpChar01(NPCHAR*, FRAME*)
                0x0000000002006dd0                PutNpChar00(NPCHAR*, FRAME*)
                0x0000000002006e3c                InitNpChar(NPCHAR*)
                0x0000000002006e6c                PutNpChar(NPCHAR*, FRAME*)
                0x0000000002006e9c                ActNpChar(NPCHAR*)
                0x0000000002006ec8                JudgeHitNpCharBlock(NPCHAR*, int, int, unsigned char)
                0x00000000020070e8                HitNpCharMap(NPCHAR*, MAP*)
                0x0000000002007220                HitMyCharNpChar(NPCHAR*, EVENT_SCR*, CARET_SPAWNER*)
                0x00000000020075c4                ReloadNpChar(NPCHAR*)
 .text          0x00000000020076bc      0x114 Opening.o
                0x00000000020076bc                InitOpening(OPENING*)
                0x00000000020076d4                PutOpening(OPENING*)
 .text          0x00000000020077d0      0x30c PixelScript.o
                0x00000000020077d0                ReadPixelScript(PIX_SCR*, char const*)
                0x0000000002007808                LoadPixelScript(PIX_SCR*, char const*, char)
                0x0000000002007888                PixelScriptProc(PIX_SCR*, PIYOPIYO_CONTROL*, bool)
                0x0000000002007ad0                EndPixelScript(PIX_SCR*)
 .text          0x0000000002007adc      0x6a4 PiyoPiyo.o
                0x0000000002007c2c                InitPiyoPiyo()
                0x0000000002007e30                EndPiyoPiyo()
                0x0000000002007e88                ReadPiyoPiyo(char const*)
                0x0000000002007f18                PiyoPiyoProc()
                0x0000000002008064                MakePiyoPiyoSoundObjects()
                0x0000000002008080                ChangePiyoPiyoVolume(PIYOPIYO_CONTROL*)
                0x000000000200809c                PiyoPiyoControl(PIYOPIYO_CONTROL*)
 .text          0x0000000002008180     0x1168 Player.o
                0x0000000002008180                ActMyChar_Ship(CARET*, CARET_SPAWNER*)
                0x0000000002008200                ActMyChar_Normal(CARET*, CARET_SPAWNER*)
                0x0000000002008510                ActMyChar_Dash(CARET*, CARET_SPAWNER*)
                0x00000000020085fc                DamageMyChar(CARET_SPAWNER*, char)
                0x00000000020086d4                JudgeHitMyCharBlock(int, int, char)
                0x00000000020089f4                JudgeHitMyCharSnack(int, int, unsigned char, CARET_SPAWNER*, MAP*)
                0x0000000002008d5c                JudgeHitMyCharDamage(int, int, CARET_SPAWNER*)
                0x0000000002008da8                JudgeHitMyCharVector(int, int, unsigned char)
                0x0000000002008e18                JudgeHitMyCharItem(int, int, CARET_SPAWNER*, MAP*)
                0x0000000002008f24                HitMyCharMap(MAP*, CARET_SPAWNER*)
                0x0000000002009174                PutMyChar(FRAME*)
                0x0000000002009208                PutMyStatus()
                0x0000000002009288                ActMyChar(CARET*, CARET_SPAWNER*)
                0x00000000020092a4                InitMyChar()
 .text          0x00000000020092e8      0x940 Sound.o
                0x00000000020092e8                getFreeChannel()
                0x0000000002009394                updateChannelStates()
                0x00000000020093e0                SOUNDBUFFER::SOUNDBUFFER(unsigned int)
                0x00000000020093e0                SOUNDBUFFER::SOUNDBUFFER(unsigned int)
                0x000000000200942c                SOUNDBUFFER::~SOUNDBUFFER()
                0x000000000200942c                SOUNDBUFFER::~SOUNDBUFFER()
                0x0000000002009464                SOUNDBUFFER::Release()
                0x00000000020094ac                SOUNDBUFFER::Lock(signed char**, unsigned int*)
                0x00000000020094c0                SOUNDBUFFER::Unlock()
                0x00000000020094c4                SOUNDBUFFER::SetCurrentPosition(unsigned long)
                0x00000000020094c8                SOUNDBUFFER::SetFrequency(unsigned long)
                0x00000000020094e0                MillibelToVolume(long)
                0x0000000002009528                SOUNDBUFFER::SetVolume(long)
                0x0000000002009594                SOUNDBUFFER::SetPan(long)
                0x00000000020095c4                SOUNDBUFFER::Play(bool)
                0x00000000020096d8                SOUNDBUFFER::Stop()
                0x0000000002009700                InitDirectSound()
                0x000000000200971c                EndDirectSound()
                0x00000000020097d0                ReleaseSoundObject(int)
                0x0000000002009828                InitSoundObject(char const*, int)
                0x0000000002009910                PlaySoundObject(int, int)
                0x0000000002009988                ChangeSoundFrequency(int, int)
                0x00000000020099b4                ChangeSoundVolume(int, long)
                0x0000000002009a30                ChangeSoundPan(int, long)
                0x0000000002009a6c                MakePiyoPiyoSoundObject(signed char*, unsigned char*, int, int, int)
 .text          0x0000000002009c28       0x28 System.o
                0x0000000002009c28                Random(int, int)
                0x0000000002009c40                InactiveWindow()
                0x0000000002009c4c                SystemTask()
 .text          0x0000000002009c50       0x70 fopen.o
                0x0000000002009c50                fopen_embed(char const*, char const*)
                0x0000000002009c98                fclose_embed(FILE_e*)
                0x0000000002009ca0                fread_embed(void*, unsigned int, unsigned int, FILE_e*)
 .text          0x0000000002009cc0      0x7e8 gl2d.o
                0x0000000002009cc0                glScreen2D()
                0x000000000200a200                SetOrtho()
                0x000000000200a384                glBegin2D()
                0x000000000200a408                glEnd2D()
                0x000000000200a424                glBoxFilled(int, int, int, int, int)
 .text          0x000000000200a4a8     0x8228 lodepng.o
                0x000000000200e3a0                lode_png_test_bitreader(unsigned char const*, unsigned int, unsigned int, unsigned int const*, unsigned int*)
                0x000000000200e56c                lodepng_inflate(unsigned char**, unsigned int*, unsigned char const*, unsigned int, LodePNGDecompressSettings const*)
                0x000000000200e598                lodepng_zlib_decompress(unsigned char**, unsigned int*, unsigned char const*, unsigned int, LodePNGDecompressSettings const*)
                0x000000000200e6f0                lodepng_decompress_settings_init(LodePNGDecompressSettings*)
                0x000000000200e700                lodepng_crc32(unsigned char const*, unsigned int)
                0x000000000200e730                lodepng_chunk_length(unsigned char const*)
                0x000000000200e75c                lodepng_chunk_type(char*, unsigned char const*)
                0x000000000200e788                lodepng_chunk_type_equals(unsigned char const*, char const*)
                0x000000000200e7cc                lodepng_chunk_ancillary(unsigned char const*)
                0x000000000200e7d4                lodepng_chunk_private(unsigned char const*)
                0x000000000200e7dc                lodepng_chunk_safetocopy(unsigned char const*)
                0x000000000200e7e4                lodepng_chunk_data(unsigned char*)
                0x000000000200e7e8                lodepng_chunk_data_const(unsigned char const*)
                0x000000000200e7ec                lodepng_chunk_check_crc(unsigned char const*)
                0x000000000200e884                lodepng_chunk_generate_crc(unsigned char*)
                0x000000000200e90c                lodepng_chunk_next(unsigned char*, unsigned char*)
                0x000000000200e9bc                lodepng_chunk_next_const(unsigned char const*, unsigned char const*)
                0x000000000200ea6c                lodepng_chunk_find(unsigned char*, unsigned char*, char const*)
                0x000000000200eb58                lodepng_chunk_find_const(unsigned char const*, unsigned char const*, char const*)
                0x000000000200ec44                lodepng_chunk_append(unsigned char**, unsigned int*, unsigned char const*)
                0x000000000200ed08                lodepng_chunk_create(unsigned char**, unsigned int*, unsigned int, char const*, unsigned char const*)
                0x000000000200eec0                lodepng_color_mode_init(LodePNGColorMode*)
                0x000000000200eed8                lodepng_color_mode_cleanup(LodePNGColorMode*)
                0x000000000200eef0                lodepng_color_mode_copy(LodePNGColorMode*, LodePNGColorMode const*)
                0x000000000200ef9c                lodepng_color_mode_make(LodePNGColorType, unsigned int)
                0x000000000200efb0                lodepng_palette_clear(LodePNGColorMode*)
                0x000000000200efc8                lodepng_palette_add(LodePNGColorMode*, unsigned char, unsigned char, unsigned char, unsigned char)
                0x000000000200f070                lodepng_get_bpp(LodePNGColorMode const*)
                0x000000000200f08c                lodepng_get_channels(LodePNGColorMode const*)
                0x000000000200f0a0                lodepng_is_greyscale_type(LodePNGColorMode const*)
                0x000000000200f0ac                lodepng_is_alpha_type(LodePNGColorMode const*)
                0x000000000200f0b4                lodepng_is_palette_type(LodePNGColorMode const*)
                0x000000000200f0c0                lodepng_has_palette_alpha(LodePNGColorMode const*)
                0x000000000200f0e8                lodepng_can_have_alpha(LodePNGColorMode const*)
                0x000000000200f118                lodepng_get_raw_size(unsigned int, unsigned int, LodePNGColorMode const*)
                0x000000000200f148                lodepng_add_text(LodePNGInfo*, char const*, char const*)
                0x000000000200f168                lodepng_clear_text(LodePNGInfo*)
                0x000000000200f1b4                lodepng_clear_itext(LodePNGInfo*)
                0x000000000200f1bc                lodepng_add_itext(LodePNGInfo*, char const*, char const*, char const*, char const*)
                0x000000000200f1e4                lodepng_set_icc(LodePNGInfo*, char const*, unsigned char const*, unsigned int)
                0x000000000200f2a4                lodepng_clear_icc(LodePNGInfo*)
                0x000000000200f2c8                lodepng_info_init(LodePNGInfo*)
                0x000000000200f334                lodepng_info_cleanup(LodePNGInfo*)
                0x000000000200f3cc                lodepng_info_copy(LodePNGInfo*, LodePNGInfo const*)
                0x000000000200f730                lodepng_convert(unsigned char*, unsigned char const*, LodePNGColorMode const*, LodePNGColorMode const*, unsigned int, unsigned int)
                0x0000000002010bd4                lodepng_convert_rgb(unsigned int*, unsigned int*, unsigned int*, unsigned int, unsigned int, unsigned int, LodePNGColorMode const*, LodePNGColorMode const*)
                0x0000000002010ce4                lodepng_inspect(unsigned int*, unsigned int*, LodePNGState*, unsigned char const*, unsigned int)
                0x0000000002011ba4                lodepng_inspect_chunk(LodePNGState*, unsigned int, unsigned char const*, unsigned int)
                0x0000000002011fdc                lodepng_decode(unsigned char**, unsigned int*, unsigned int*, LodePNGState*, unsigned char const*, unsigned int)
                0x000000000201213c                lodepng_decode_memory(unsigned char**, unsigned int*, unsigned int*, unsigned char const*, unsigned int, LodePNGColorType, unsigned int)
                0x000000000201243c                lodepng_decode32(unsigned char**, unsigned int*, unsigned int*, unsigned char const*, unsigned int)
                0x0000000002012454                lodepng_decode24(unsigned char**, unsigned int*, unsigned int*, unsigned char const*, unsigned int)
                0x000000000201246c                lodepng_decoder_settings_init(LodePNGDecoderSettings*)
                0x0000000002012488                lodepng_state_init(LodePNGState*)
                0x0000000002012540                lodepng_state_cleanup(LodePNGState*)
                0x0000000002012560                lodepng_state_copy(LodePNGState*, LodePNGState const*)
 .text          0x00000000020126d0      0x1a0 soundFifo.o
                0x00000000020126d0                micBufferHandler(int, void*)
                0x0000000002012704                soundEnable
                0x0000000002012714                soundDisable
                0x0000000002012724                soundPlaySampleC
                0x000000000201278c                soundPause
                0x00000000020127a0                soundKill
                0x00000000020127b4                soundResume
                0x00000000020127c8                soundSetVolume
                0x00000000020127dc                soundSetPan
                0x00000000020127ec                soundSetFreq
                0x0000000002012800                soundSetWaveDuty
                0x0000000002012814                soundMicRecord
                0x0000000002012860                soundMicOff
 *fill*         0x0000000002012870       0x10 ff
 .text          0x0000000002012880     0x4000 C:/devkitPro/libnds/lib\libnds9.a(dldi_stub.o)
                0x0000000002012880                _io_dldi_stub
 .text          0x0000000002016880      0x198 c:/devkitpro/devkitarm/bin/../lib/gcc/arm-none-eabi/12.1.0/thumb\libgcc.a(_arm_mulsf3.o)
                0x0000000002016880                __aeabi_fmul
                0x0000000002016880                __mulsf3
 .text          0x0000000002016a18      0x11c c:/devkitpro/devkitarm/bin/../lib/gcc/arm-none-eabi/12.1.0/thumb\libgcc.a(_udivsi3.o)
                0x0000000002016a18                __aeabi_uidiv
                0x0000000002016a18                __udivsi3
                0x0000000002016b14                __aeabi_uidivmod
 .text          0x0000000002016b34      0x150 c:/devkitpro/devkitarm/bin/../lib/gcc/arm-none-eabi/12.1.0/thumb\libgcc.a(_divsi3.o)
                0x0000000002016b34                __divsi3
                0x0000000002016b34                __aeabi_idiv
                0x0000000002016c64                __aeabi_idivmod
 .text          0x0000000002016c84        0x4 c:/devkitpro/devkitarm/bin/../lib/gcc/arm-none-eabi/12.1.0/thumb\libgcc.a(_dvmd_tls.o)
                0x0000000002016c84                __aeabi_idiv0
                0x0000000002016c84                __aeabi_ldiv0
 .text          0x0000000002016c88      0x424 c:/devkitpro/devkitarm/bin/../lib/gcc/arm-none-eabi/12.1.0/thumb\libgcc.a(_arm_addsubdf3.o)
                0x0000000002016c88                __aeabi_drsub
                0x0000000002016c90                __aeabi_dsub
                0x0000000002016c90                __subdf3
                0x0000000002016c94                __aeabi_dadd
                0x0000000002016c94                __adddf3
                0x0000000002016fa4                __floatunsidf
                0x0000000002016fa4                __aeabi_ui2d
                0x0000000002016fc8                __floatsidf
                0x0000000002016fc8                __aeabi_i2d
                0x0000000002016ff0                __aeabi_f2d
                0x0000000002016ff0                __extendsfdf2
                0x0000000002017038                __floatundidf
                0x0000000002017038                __aeabi_ul2d
                0x000000000201704c                __floatdidf
                0x000000000201704c                __aeabi_l2d
 .text          0x00000000020170ac      0x49c c:/devkitpro/devkitarm/bin/../lib/gcc/arm-none-eabi/12.1.0/thumb\libgcc.a(_arm_muldivdf3.o)
                0x00000000020170ac                __aeabi_dmul
                0x00000000020170ac                __muldf3
                0x000000000201733c                __divdf3
                0x000000000201733c                __aeabi_ddiv
 .text          0x0000000002017548      0x144 c:/devkitpro/devkitarm/bin/../lib/gcc/arm-none-eabi/12.1.0/thumb\libgcc.a(_arm_cmpdf2.o)
                0x0000000002017548                __gtdf2
                0x0000000002017548                __gedf2
                0x0000000002017550                __ltdf2
                0x0000000002017550                __ledf2
                0x0000000002017558                __nedf2
                0x0000000002017558                __eqdf2
                0x0000000002017558                __cmpdf2
                0x00000000020175e0                __aeabi_cdrcmple
                0x00000000020175fc                __aeabi_cdcmpeq
                0x00000000020175fc                __aeabi_cdcmple
                0x0000000002017614                __aeabi_dcmpeq
                0x000000000201762c                __aeabi_dcmplt
                0x0000000002017644                __aeabi_dcmple
                0x000000000201765c                __aeabi_dcmpge
                0x0000000002017674                __aeabi_dcmpgt
 .text          0x000000000201768c       0x38 c:/devkitpro/devkitarm/bin/../lib/gcc/arm-none-eabi/12.1.0/thumb\libgcc.a(_arm_unorddf2.o)
                0x000000000201768c                __unorddf2
                0x000000000201768c                __aeabi_dcmpun
 .text          0x00000000020176c4       0x5c c:/devkitpro/devkitarm/bin/../lib/gcc/arm-none-eabi/12.1.0/thumb\libgcc.a(_arm_fixdfsi.o)
                0x00000000020176c4                __aeabi_d2iz
                0x00000000020176c4                __fixdfsi
 .text          0x0000000002017720       0xa0 c:/devkitpro/devkitarm/bin/../lib/gcc/arm-none-eabi/12.1.0/thumb\libgcc.a(_arm_truncdfsf2.o)
                0x0000000002017720                __truncdfsf2
                0x0000000002017720                __aeabi_d2f
 .text          0x00000000020177c0       0x5c c:/devkitpro/devkitarm/bin/../lib/gcc/arm-none-eabi/12.1.0/thumb\libgcc.a(_arm_fixsfsi.o)
                0x00000000020177c0                __aeabi_f2iz
                0x00000000020177c0                __fixsfsi
 .text          0x000000000201781c       0xd4 c:/devkitpro/devkitarm/bin/../lib/gcc/arm-none-eabi/12.1.0/thumb\libgcc.a(_aeabi_ldivmod.o)
                0x000000000201781c                __aeabi_ldivmod
 .text          0x00000000020178f0      0x1d8 c:/devkitpro/devkitarm/bin/../lib/gcc/arm-none-eabi/12.1.0/thumb\libgcc.a(libunwind.o)
                0x00000000020178f0                __restore_core_regs
                0x00000000020178f0                restore_core_regs
                0x000000000201790c                __gnu_Unwind_Restore_VFP
                0x0000000002017914                __gnu_Unwind_Save_VFP
                0x000000000201791c                __gnu_Unwind_Restore_VFP_D
                0x0000000002017924                __gnu_Unwind_Save_VFP_D
                0x000000000201792c                __gnu_Unwind_Restore_VFP_D_16_to_31
                0x0000000002017934                __gnu_Unwind_Save_VFP_D_16_to_31
                0x000000000201793c                __gnu_Unwind_Restore_WMMXD
                0x0000000002017980                __gnu_Unwind_Save_WMMXD
                0x00000000020179c4                __gnu_Unwind_Restore_WMMXC
                0x00000000020179d8                __gnu_Unwind_Save_WMMXC
                0x00000000020179ec                ___Unwind_RaiseException
                0x00000000020179ec                _Unwind_RaiseException
                0x0000000002017a18                _Unwind_Resume
                0x0000000002017a18                ___Unwind_Resume
                0x0000000002017a44                _Unwind_Resume_or_Rethrow
                0x0000000002017a44                ___Unwind_Resume_or_Rethrow
                0x0000000002017a70                _Unwind_ForcedUnwind
                0x0000000002017a70                ___Unwind_ForcedUnwind
                0x0000000002017a9c                ___Unwind_Backtrace
                0x0000000002017a9c                _Unwind_Backtrace
 .text          0x0000000002017ac8       0x28 c:/devkitpro/devkitarm/bin/../lib/gcc/arm-none-eabi/12.1.0/thumb\libgcc.a(_clzdi2.o)
                0x0000000002017ac8                __clzdi2
 .text          0x0000000002017af0       0x48 c:/devkitpro/devkitarm/bin/../lib/gcc/arm-none-eabi/12.1.0/thumb\libgcc.a(_clzsi2.o)
                0x0000000002017af0                __clzsi2
 .text          0x0000000002017b38      0x224 c:/devkitpro/devkitarm/bin/../lib/gcc/arm-none-eabi/12.1.0/../../../../arm-none-eabi/lib/thumb\libg.a(lib_a-strcmp.o)
                0x0000000002017b38                strcmp
 .text          0x0000000002017d5c       0x14 c:/devkitpro/devkitarm/bin/../lib/gcc/arm-none-eabi/12.1.0/thumb\libgcc.a(_thumb1_case_uqi.o)
                0x0000000002017d5c                __gnu_thumb1_case_uqi
 .text          0x0000000002017d70       0x14 c:/devkitpro/devkitarm/bin/../lib/gcc/arm-none-eabi/12.1.0/thumb\libgcc.a(_thumb1_case_uhi.o)
                0x0000000002017d70                __gnu_thumb1_case_uhi
 .text          0x0000000002017d84       0x54 c:/devkitpro/devkitarm/bin/../lib/gcc/arm-none-eabi/12.1.0/thumb\libgcc.a(_arm_fixunsdfsi.o)
                0x0000000002017d84                __aeabi_d2uiz
                0x0000000002017d84                __fixunsdfsi
 .text          0x0000000002017dd8       0x3c c:/devkitpro/devkitarm/bin/../lib/gcc/arm-none-eabi/12.1.0/thumb\libgcc.a(_aeabi_uldivmod.o)
                0x0000000002017dd8                __aeabi_uldivmod
 *(EXCLUDE_FILE(*.twl* *.vectors* *.itcm*) .stub)
 *(EXCLUDE_FILE(*.twl* *.vectors* *.itcm*) .text.*)
 .text.__do_global_dtors_aux
                0x0000000002017e14       0x2c c:/devkitpro/devkitarm/bin/../lib/gcc/arm-none-eabi/12.1.0/thumb/crtbegin.o
 .text.frame_dummy
                0x0000000002017e40       0x24 c:/devkitpro/devkitarm/bin/../lib/gcc/arm-none-eabi/12.1.0/thumb/crtbegin.o
 .text.hot      0x0000000002017e64       0xf8 Draw.o
                0x0000000002017e64                PutBitmap3(RECT*, int, int, RECT*, int)
 .text.startup  0x0000000002017f5c       0x94 System.o
                0x0000000002017f5c                main
 .text.startup  0x0000000002017ff0      0x3f0 fopen.o
 .text.hot      0x00000000020183e0      0x154 gl2d.o
                0x00000000020183e0                glSprite(int, int, RECT*, int, int, int)
 .text.fatMount.part.0
                0x0000000002018534       0xa0 C:/devkitPro/libnds/lib\libfat.a(libfat.o)
 .text.fatMount
                0x00000000020185d4       0x3c C:/devkitPro/libnds/lib\libfat.a(libfat.o)
                0x00000000020185d4                fatMount
 .text.fatInit  0x0000000002018610      0x130 C:/devkitPro/libnds/lib\libfat.a(libfat.o)
                0x0000000002018610                fatInit
 .text.fatInitDefault
                0x0000000002018740        0xc C:/devkitPro/libnds/lib\libfat.a(libfat.o)
                0x0000000002018740                fatInitDefault
 .text._FAT_check_position_for_next_cluster.part.0
                0x000000000201874c       0x68 C:/devkitPro/libnds/lib\libfat.a(fatfile.o)
 .text._FAT_syncToDisc.part.0
                0x00000000020187b4       0xd4 C:/devkitPro/libnds/lib\libfat.a(fatfile.o)
 .text._FAT_file_extend_r
                0x0000000002018888      0x208 C:/devkitPro/libnds/lib\libfat.a(fatfile.o)
 .text._FAT_open_r
                0x0000000002018a90      0x2d4 C:/devkitPro/libnds/lib\libfat.a(fatfile.o)
                0x0000000002018a90                _FAT_open_r
 .text._FAT_close_r
                0x0000000002018d64       0x74 C:/devkitPro/libnds/lib\libfat.a(fatfile.o)
                0x0000000002018d64                _FAT_close_r
 .text._FAT_read_r
                0x0000000002018dd8      0x398 C:/devkitPro/libnds/lib\libfat.a(fatfile.o)
                0x0000000002018dd8                _FAT_read_r
 .text._FAT_write_r
                0x0000000002019170      0x53c C:/devkitPro/libnds/lib\libfat.a(fatfile.o)
                0x0000000002019170                _FAT_write_r
 .text._FAT_seek_r
                0x00000000020196ac      0x194 C:/devkitPro/libnds/lib\libfat.a(fatfile.o)
                0x00000000020196ac                _FAT_seek_r
 .text._FAT_fstat_r
                0x0000000002019840       0x8c C:/devkitPro/libnds/lib\libfat.a(fatfile.o)
                0x0000000002019840                _FAT_fstat_r
 .text._FAT_ftruncate_r
                0x00000000020198cc      0x16c C:/devkitPro/libnds/lib\libfat.a(fatfile.o)
                0x00000000020198cc                _FAT_ftruncate_r
 .text._FAT_fsync_r
                0x0000000002019a38       0x44 C:/devkitPro/libnds/lib\libfat.a(fatfile.o)
                0x0000000002019a38                _FAT_fsync_r
 .text._FAT_cache_getPage
                0x0000000002019a7c       0xf0 C:/devkitPro/libnds/lib\libfat.a(cache.o)
 .text._FAT_cache_constructor
                0x0000000002019b6c       0x90 C:/devkitPro/libnds/lib\libfat.a(cache.o)
                0x0000000002019b6c                _FAT_cache_constructor
 .text._FAT_cache_readSectors
                0x0000000002019bfc       0x60 C:/devkitPro/libnds/lib\libfat.a(cache.o)
                0x0000000002019bfc                _FAT_cache_readSectors
 .text._FAT_cache_readPartialSector
                0x0000000002019c5c       0x3c C:/devkitPro/libnds/lib\libfat.a(cache.o)
                0x0000000002019c5c                _FAT_cache_readPartialSector
 .text._FAT_cache_readLittleEndianValue
                0x0000000002019c98       0x70 C:/devkitPro/libnds/lib\libfat.a(cache.o)
                0x0000000002019c98                _FAT_cache_readLittleEndianValue
 .text._FAT_cache_writePartialSector
                0x0000000002019d08       0x4c C:/devkitPro/libnds/lib\libfat.a(cache.o)
                0x0000000002019d08                _FAT_cache_writePartialSector
 .text._FAT_cache_writeLittleEndianValue
                0x0000000002019d54       0x8c C:/devkitPro/libnds/lib\libfat.a(cache.o)
                0x0000000002019d54                _FAT_cache_writeLittleEndianValue
 .text._FAT_cache_eraseWritePartialSector
                0x0000000002019de0       0x60 C:/devkitPro/libnds/lib\libfat.a(cache.o)
                0x0000000002019de0                _FAT_cache_eraseWritePartialSector
 .text._FAT_cache_writeSectors
                0x0000000002019e40       0x80 C:/devkitPro/libnds/lib\libfat.a(cache.o)
                0x0000000002019e40                _FAT_cache_writeSectors
 .text._FAT_cache_flush
                0x0000000002019ec0       0x40 C:/devkitPro/libnds/lib\libfat.a(cache.o)
                0x0000000002019ec0                _FAT_cache_flush
 .text._FAT_stat_r
                0x0000000002019f00       0x90 C:/devkitPro/libnds/lib\libfat.a(fatdir.o)
                0x0000000002019f00                _FAT_stat_r
 .text._FAT_link_r
                0x0000000002019f90        0xc C:/devkitPro/libnds/lib\libfat.a(fatdir.o)
                0x0000000002019f90                _FAT_link_r
 .text._FAT_unlink_r
                0x0000000002019f9c      0x184 C:/devkitPro/libnds/lib\libfat.a(fatdir.o)
                0x0000000002019f9c                _FAT_unlink_r
 .text._FAT_chdir_r
                0x000000000201a120       0x70 C:/devkitPro/libnds/lib\libfat.a(fatdir.o)
                0x000000000201a120                _FAT_chdir_r
 .text._FAT_rename_r
                0x000000000201a190      0x1c4 C:/devkitPro/libnds/lib\libfat.a(fatdir.o)
                0x000000000201a190                _FAT_rename_r
 .text._FAT_mkdir_r
                0x000000000201a354      0x244 C:/devkitPro/libnds/lib\libfat.a(fatdir.o)
                0x000000000201a354                _FAT_mkdir_r
 .text._FAT_statvfs_r
                0x000000000201a598       0x78 C:/devkitPro/libnds/lib\libfat.a(fatdir.o)
                0x000000000201a598                _FAT_statvfs_r
 .text._FAT_diropen_r
                0x000000000201a610       0xb0 C:/devkitPro/libnds/lib\libfat.a(fatdir.o)
                0x000000000201a610                _FAT_diropen_r
 .text._FAT_dirreset_r
                0x000000000201a6c0       0x4c C:/devkitPro/libnds/lib\libfat.a(fatdir.o)
                0x000000000201a6c0                _FAT_dirreset_r
 .text._FAT_dirnext_r
                0x000000000201a70c       0x7c C:/devkitPro/libnds/lib\libfat.a(fatdir.o)
                0x000000000201a70c                _FAT_dirnext_r
 .text._FAT_dirclose_r
                0x000000000201a788       0x20 C:/devkitPro/libnds/lib\libfat.a(fatdir.o)
                0x000000000201a788                _FAT_dirclose_r
 .text._FAT_directory_entryGetAlias
                0x000000000201a7a8       0xc8 C:/devkitPro/libnds/lib\libfat.a(directory.o)
 .text._FAT_directory_incrementDirEntryPosition
                0x000000000201a870       0x80 C:/devkitPro/libnds/lib\libfat.a(directory.o)
 .text._FAT_directory_mbsncasecmp
                0x000000000201a8f0       0xa8 C:/devkitPro/libnds/lib\libfat.a(directory.o)
 .text._FAT_directory_ucs2tombs.constprop.0
                0x000000000201a998       0x90 C:/devkitPro/libnds/lib\libfat.a(directory.o)
 .text._FAT_directory_entryGetCluster
                0x000000000201aa28       0x20 C:/devkitPro/libnds/lib\libfat.a(directory.o)
                0x000000000201aa28                _FAT_directory_entryGetCluster
 .text._FAT_directory_getNextEntry
                0x000000000201aa48      0x23c C:/devkitPro/libnds/lib\libfat.a(directory.o)
                0x000000000201aa48                _FAT_directory_getNextEntry
 .text._FAT_directory_entryExists
                0x000000000201ac84       0x80 C:/devkitPro/libnds/lib\libfat.a(directory.o)
 .text._FAT_directory_getFirstEntry
                0x000000000201ad04       0x20 C:/devkitPro/libnds/lib\libfat.a(directory.o)
                0x000000000201ad04                _FAT_directory_getFirstEntry
 .text._FAT_directory_getRootEntry
                0x000000000201ad24       0x60 C:/devkitPro/libnds/lib\libfat.a(directory.o)
                0x000000000201ad24                _FAT_directory_getRootEntry
 .text._FAT_directory_entryFromPosition
                0x000000000201ad84      0x150 C:/devkitPro/libnds/lib\libfat.a(directory.o)
                0x000000000201ad84                _FAT_directory_entryFromPosition
 .text._FAT_directory_entryFromPath
                0x000000000201aed4      0x248 C:/devkitPro/libnds/lib\libfat.a(directory.o)
                0x000000000201aed4                _FAT_directory_entryFromPath
 .text._FAT_directory_removeEntry
                0x000000000201b11c       0xd8 C:/devkitPro/libnds/lib\libfat.a(directory.o)
                0x000000000201b11c                _FAT_directory_removeEntry
 .text._FAT_directory_addEntry
                0x000000000201b1f4      0x808 C:/devkitPro/libnds/lib\libfat.a(directory.o)
                0x000000000201b1f4                _FAT_directory_addEntry
 .text._FAT_directory_chdir
                0x000000000201b9fc       0x3c C:/devkitPro/libnds/lib\libfat.a(directory.o)
                0x000000000201b9fc                _FAT_directory_chdir
 .text._FAT_directory_entryStat
                0x000000000201ba38       0xe4 C:/devkitPro/libnds/lib\libfat.a(directory.o)
                0x000000000201ba38                _FAT_directory_entryStat
 .text.isValidMBR
                0x000000000201bb1c       0x5c C:/devkitPro/libnds/lib\libfat.a(partition.o)
 .text._FAT_updateFS_INFO
                0x000000000201bb78       0x54 C:/devkitPro/libnds/lib\libfat.a(partition.o)
 .text.FindFirstValidPartition_buf.part.0
                0x000000000201bbcc      0x11c C:/devkitPro/libnds/lib\libfat.a(partition.o)
 .text._FAT_partition_getPartitionFromPath
                0x000000000201bce8       0x10 C:/devkitPro/libnds/lib\libfat.a(partition.o)
                0x000000000201bce8                _FAT_partition_getPartitionFromPath
 .text._FAT_partition_createFSinfo
                0x000000000201bcf8       0x50 C:/devkitPro/libnds/lib\libfat.a(partition.o)
                0x000000000201bcf8                _FAT_partition_createFSinfo
 .text._FAT_partition_readFSinfo.part.0
                0x000000000201bd48       0x74 C:/devkitPro/libnds/lib\libfat.a(partition.o)
 .text._FAT_partition_constructor_buf
                0x000000000201bdbc      0x2e8 C:/devkitPro/libnds/lib\libfat.a(partition.o)
                0x000000000201bdbc                _FAT_partition_constructor_buf
 .text._FAT_partition_constructor
                0x000000000201c0a4       0x40 C:/devkitPro/libnds/lib\libfat.a(partition.o)
                0x000000000201c0a4                _FAT_partition_constructor
 .text._FAT_partition_readFSinfo
                0x000000000201c0e4       0x10 C:/devkitPro/libnds/lib\libfat.a(partition.o)
                0x000000000201c0e4                _FAT_partition_readFSinfo
 .text._FAT_lock_init
                0x000000000201c0f4        0x4 C:/devkitPro/libnds/lib\libfat.a(lock.o)
                0x000000000201c0f4                _FAT_lock_init
 .text._FAT_lock
                0x000000000201c0f8        0x4 C:/devkitPro/libnds/lib\libfat.a(lock.o)
                0x000000000201c0f8                _FAT_lock
 .text._FAT_unlock
                0x000000000201c0fc        0x4 C:/devkitPro/libnds/lib\libfat.a(lock.o)
                0x000000000201c0fc                _FAT_unlock
 .text._FAT_filetime_getTimeFromRTC
                0x000000000201c100       0x44 C:/devkitPro/libnds/lib\libfat.a(filetime.o)
                0x000000000201c100                _FAT_filetime_getTimeFromRTC
 .text._FAT_filetime_getDateFromRTC
                0x000000000201c144       0x44 C:/devkitPro/libnds/lib\libfat.a(filetime.o)
                0x000000000201c144                _FAT_filetime_getDateFromRTC
 .text._FAT_filetime_to_time_t
                0x000000000201c188       0x38 C:/devkitPro/libnds/lib\libfat.a(filetime.o)
                0x000000000201c188                _FAT_filetime_to_time_t
 .text._FAT_fat_writeFatEntry.part.0.isra.0
                0x000000000201c1c0      0x12c C:/devkitPro/libnds/lib\libfat.a(file_allocation_table.o)
 .text._FAT_fat_nextCluster
                0x000000000201c2ec      0x108 C:/devkitPro/libnds/lib\libfat.a(file_allocation_table.o)
                0x000000000201c2ec                _FAT_fat_nextCluster
 .text._FAT_fat_linkFreeCluster
                0x000000000201c3f4       0xac C:/devkitPro/libnds/lib\libfat.a(file_allocation_table.o)
                0x000000000201c3f4                _FAT_fat_linkFreeCluster
 .text._FAT_fat_linkFreeClusterCleared
                0x000000000201c4a0       0x68 C:/devkitPro/libnds/lib\libfat.a(file_allocation_table.o)
                0x000000000201c4a0                _FAT_fat_linkFreeClusterCleared
 .text._FAT_fat_clearLinks
                0x000000000201c508       0x7c C:/devkitPro/libnds/lib\libfat.a(file_allocation_table.o)
                0x000000000201c508                _FAT_fat_clearLinks
 .text._FAT_fat_trimChain
                0x000000000201c584       0x80 C:/devkitPro/libnds/lib\libfat.a(file_allocation_table.o)
                0x000000000201c584                _FAT_fat_trimChain
 .text._FAT_fat_lastCluster
                0x000000000201c604       0x34 C:/devkitPro/libnds/lib\libfat.a(file_allocation_table.o)
                0x000000000201c604                _FAT_fat_lastCluster
 .text._FAT_fat_freeClusterCount
                0x000000000201c638       0x2c C:/devkitPro/libnds/lib\libfat.a(file_allocation_table.o)
                0x000000000201c638                _FAT_fat_freeClusterCount
 .text.DynamicArrayInit
                0x000000000201c664       0x18 C:/devkitPro/libnds/lib\libnds9.a(dynamicArray.o)
                0x000000000201c664                DynamicArrayInit
 .text.DynamicArrayGet
                0x000000000201c67c       0x18 C:/devkitPro/libnds/lib\libnds9.a(dynamicArray.o)
                0x000000000201c67c                DynamicArrayGet
 .text.DynamicArraySet
                0x000000000201c694       0x48 C:/devkitPro/libnds/lib\libnds9.a(dynamicArray.o)
                0x000000000201c694                DynamicArraySet
 .text.tanLerp  0x000000000201c6dc       0xb0 C:/devkitPro/libnds/lib\libnds9.a(trig.o)
                0x000000000201c6dc                tanLerp
 .text.vramRestorePrimaryBanks
                0x000000000201c78c        0xc C:/devkitPro/libnds/lib\libnds9.a(video.o)
                0x000000000201c78c                vramRestorePrimaryBanks
 .text.vramRestoreBanks_EFG
                0x000000000201c798        0xc C:/devkitPro/libnds/lib\libnds9.a(video.o)
                0x000000000201c798                vramRestoreBanks_EFG
 .text.vramDefault
                0x000000000201c7a4       0xd0 C:/devkitPro/libnds/lib\libnds9.a(video.o)
                0x000000000201c7a4                vramDefault
 .text.touchRead
                0x000000000201c874       0x24 C:/devkitPro/libnds/lib\libnds9.a(touch.o)
                0x000000000201c874                touchRead
 .text.vramBlock__deallocateBlock.part.0
                0x000000000201c898      0x190 C:/devkitPro/libnds/lib\libnds9.a(videoGL.o)
 .text.glMaterialf
                0x000000000201ca28       0x7c C:/devkitPro/libnds/lib\libnds9.a(videoGL.o)
                0x000000000201ca28                glMaterialf
 .text.vramBlock_init
                0x000000000201caa4       0x5c C:/devkitPro/libnds/lib\libnds9.a(videoGL.o)
                0x000000000201caa4                vramBlock_init
 .text.vramBlock__allocateBlock
                0x000000000201cb00      0x178 C:/devkitPro/libnds/lib\libnds9.a(videoGL.o)
                0x000000000201cb00                vramBlock__allocateBlock
 .text.vramBlock_examineSpecial
                0x000000000201cc78      0x238 C:/devkitPro/libnds/lib\libnds9.a(videoGL.o)
                0x000000000201cc78                vramBlock_examineSpecial
 .text.vramBlock_allocateSpecial
                0x000000000201ceb0       0x6c C:/devkitPro/libnds/lib\libnds9.a(videoGL.o)
                0x000000000201ceb0                vramBlock_allocateSpecial
 .text.vramBlock_allocateBlock
                0x000000000201cf1c       0x30 C:/devkitPro/libnds/lib\libnds9.a(videoGL.o)
                0x000000000201cf1c                vramBlock_allocateBlock
 .text.vramBlock_deallocateBlock
                0x000000000201cf4c       0x48 C:/devkitPro/libnds/lib\libnds9.a(videoGL.o)
                0x000000000201cf4c                vramBlock_deallocateBlock
 .text.glInit_C
                0x000000000201cf94      0x1cc C:/devkitPro/libnds/lib\libnds9.a(videoGL.o)
                0x000000000201cf94                glInit_C
 .text.glGenTextures
                0x000000000201d160       0x80 C:/devkitPro/libnds/lib\libnds9.a(videoGL.o)
                0x000000000201d160                glGenTextures
 .text.vramGetBank
                0x000000000201d1e0       0xb8 C:/devkitPro/libnds/lib\libnds9.a(videoGL.o)
                0x000000000201d1e0                vramGetBank
 .text.glBindTexture
                0x000000000201d298       0x60 C:/devkitPro/libnds/lib\libnds9.a(videoGL.o)
                0x000000000201d298                glBindTexture
 .text.glGetTexturePointer
                0x000000000201d2f8       0x1c C:/devkitPro/libnds/lib\libnds9.a(videoGL.o)
                0x000000000201d2f8                glGetTexturePointer
 .text.glTexImage2D
                0x000000000201d314      0x40c C:/devkitPro/libnds/lib\libnds9.a(videoGL.o)
                0x000000000201d314                glTexImage2D
 .text.oamInit  0x000000000201d720      0x114 C:/devkitPro/libnds/lib\libnds9.a(sprite.o)
                0x000000000201d720                oamInit
 .text.oamUpdate
                0x000000000201d834       0x60 C:/devkitPro/libnds/lib\libnds9.a(sprite.o)
                0x000000000201d834                oamUpdate
 .text.scanKeys
                0x000000000201d894       0x8c C:/devkitPro/libnds/lib\libnds9.a(keys.o)
                0x000000000201d894                scanKeys
 .text.keysHeld
                0x000000000201d920        0xc C:/devkitPro/libnds/lib\libnds9.a(keys.o)
                0x000000000201d920                keysHeld
 .text.keysDown
                0x000000000201d92c       0x14 C:/devkitPro/libnds/lib\libnds9.a(keys.o)
                0x000000000201d92c                keysDown
 .text.dldiGetInternal
                0x000000000201d940       0x34 C:/devkitPro/libnds/lib\libnds9.a(dldi.o)
                0x000000000201d940                dldiGetInternal
 .text.get_io_dsisd
                0x000000000201d974       0x24 C:/devkitPro/libnds/lib\libnds9.a(dldi.o)
                0x000000000201d974                get_io_dsisd
 .text.__syscall_gettod_r
                0x000000000201d998       0x28 C:/devkitPro/libnds/lib\libnds9.a(initSystem.o)
                0x000000000201d998                __syscall_gettod_r
 .text.__syscall_exit
                0x000000000201d9c0        0x8 C:/devkitPro/libnds/lib\libnds9.a(initSystem.o)
                0x000000000201d9c0                __syscall_exit
 .text.initSystem
                0x000000000201d9c8      0x180 C:/devkitPro/libnds/lib\libnds9.a(initSystem.o)
                0x000000000201d9c8                initSystem
 .text.irqDummy
                0x000000000201db48        0x4 C:/devkitPro/libnds/lib\libnds9.a(interrupts.o)
                0x000000000201db48                irqDummy
 .text.irqSet   0x000000000201db4c       0x6c C:/devkitPro/libnds/lib\libnds9.a(interrupts.o)
                0x000000000201db4c                irqSet
 .text.irqInit  0x000000000201dbb8       0x50 C:/devkitPro/libnds/lib\libnds9.a(interrupts.o)
                0x000000000201dbb8                irqInit
 .text.irqEnable
                0x000000000201dc08       0x64 C:/devkitPro/libnds/lib\libnds9.a(interrupts.o)
                0x000000000201dc08                irqEnable
 .text.systemErrorExit
                0x000000000201dc6c        0x4 C:/devkitPro/libnds/lib\libnds9.a(libnds_exit.arm.o)
                0x000000000201dc6c                systemErrorExit
 .text.__libnds_exit
                0x000000000201dc70       0x5c C:/devkitPro/libnds/lib\libnds9.a(libnds_exit.arm.o)
                0x000000000201dc70                __libnds_exit
 .text.fifo_queueBlock
                0x000000000201dccc       0x44 C:/devkitPro/libnds/lib\libnds9.a(fifosystem.o)
 .text.fifo_waitBlock
                0x000000000201dd10       0x80 C:/devkitPro/libnds/lib\libnds9.a(fifosystem.o)
 .text.fifoInternalSend.part.0
                0x000000000201dd90       0xd4 C:/devkitPro/libnds/lib\libnds9.a(fifosystem.o)
 .text.fifoInternalSendInterrupt
                0x000000000201de64       0xb0 C:/devkitPro/libnds/lib\libnds9.a(fifosystem.o)
 .text.fifoSetValue32Handler
                0x000000000201df14       0xd4 C:/devkitPro/libnds/lib\libnds9.a(fifosystem.o)
                0x000000000201df14                fifoSetValue32Handler
 .text.fifoSendValue32
                0x000000000201dfe8       0x4c C:/devkitPro/libnds/lib\libnds9.a(fifosystem.o)
                0x000000000201dfe8                fifoSendValue32
 .text.fifoSendDatamsg
                0x000000000201e034       0x90 C:/devkitPro/libnds/lib\libnds9.a(fifosystem.o)
                0x000000000201e034                fifoSendDatamsg
 .text.fifoGetValue32
                0x000000000201e0c4       0x70 C:/devkitPro/libnds/lib\libnds9.a(fifosystem.o)
                0x000000000201e0c4                fifoGetValue32
 .text.fifoGetDatamsg
                0x000000000201e134       0xf4 C:/devkitPro/libnds/lib\libnds9.a(fifosystem.o)
                0x000000000201e134                fifoGetDatamsg
 .text.fifoInternalRecvInterrupt
                0x000000000201e228      0x37c C:/devkitPro/libnds/lib\libnds9.a(fifosystem.o)
 .text.fifoSetDatamsgHandler
                0x000000000201e5a4       0x9c C:/devkitPro/libnds/lib\libnds9.a(fifosystem.o)
                0x000000000201e5a4                fifoSetDatamsgHandler
 .text.fifoCheckValue32
                0x000000000201e640       0x24 C:/devkitPro/libnds/lib\libnds9.a(fifosystem.o)
                0x000000000201e640                fifoCheckValue32
 .text.fifoInit
                0x000000000201e664      0x108 C:/devkitPro/libnds/lib\libnds9.a(fifosystem.o)
                0x000000000201e664                fifoInit
 .text.DC_FlushRange
                0x000000000201e76c       0x24 C:/devkitPro/libnds/lib\libnds9.a(dcache.o)
                0x000000000201e76c                DC_FlushRange
 .text.__libnds_mpu_setup
                0x000000000201e790      0x174 C:/devkitPro/libnds/lib\libnds9.a(mpu_setup.o)
                0x000000000201e790                __libnds_mpu_setup
 .text.memUncached
                0x000000000201e904       0x20 C:/devkitPro/libnds/lib\libnds9.a(mpu_setup.o)
                0x000000000201e904                memUncached
 .text.swiWaitForVBlank
                0x000000000201e924        0x8 C:/devkitPro/libnds/lib\libnds9.a(IntrWait.o)
                0x000000000201e924                swiWaitForVBlank
 .text.swiIntrWait
                0x000000000201e92c       0x70 C:/devkitPro/libnds/lib\libnds9.a(IntrWait.o)
                0x000000000201e92c                swiIntrWait
 .text.setCpuClock
                0x000000000201e99c       0x50 C:/devkitPro/libnds/lib\libnds9.a(cpu_clock.o)
                0x000000000201e99c                setCpuClock
 .text.swiDelay
                0x000000000201e9ec        0x4 C:/devkitPro/libnds/lib\libnds9.a(biosCalls.o)
                0x000000000201e9ec                swiDelay
 .text.swiCopy  0x000000000201e9f0        0x4 C:/devkitPro/libnds/lib\libnds9.a(biosCalls.o)
                0x000000000201e9f0                swiCopy
 .text.swiSoftReset
                0x000000000201e9f4       0x2c C:/devkitPro/libnds/lib\libnds9.a(swiSoftReset.o)
                0x000000000201e9f4                swiSoftReset
 .text.oamAllocReset
                0x000000000201ea20       0x1c C:/devkitPro/libnds/lib\libnds9.a(sprite_alloc.o)
                0x000000000201ea20                oamAllocReset
 .text.systemValueHandler
                0x000000000201ea3c       0x48 C:/devkitPro/libnds/lib\libnds9.a(system.o)
                0x000000000201ea3c                systemValueHandler
 .text.systemMsgHandler
                0x000000000201ea84       0x60 C:/devkitPro/libnds/lib\libnds9.a(system.o)
                0x000000000201ea84                systemMsgHandler
 .text.powerOn  0x000000000201eae4       0x2c C:/devkitPro/libnds/lib\libnds9.a(system.o)
                0x000000000201eae4                powerOn
 .text._ZdlPvj  0x000000000201eb10        0xc c:/devkitpro/devkitarm/bin/../lib/gcc/arm-none-eabi/12.1.0/../../../../arm-none-eabi/lib/thumb\libstdc++.a(del_ops.o)
                0x000000000201eb10                operator delete(void*, unsigned int)
 .text._ZdaPv   0x000000000201eb1c        0xc c:/devkitpro/devkitarm/bin/../lib/gcc/arm-none-eabi/12.1.0/../../../../arm-none-eabi/lib/thumb\libstdc++.a(del_opv.o)
                0x000000000201eb1c                operator delete[](void*)
 .text._Znwj    0x000000000201eb28       0x48 c:/devkitpro/devkitarm/bin/../lib/gcc/arm-none-eabi/12.1.0/../../../../arm-none-eabi/lib/thumb\libstdc++.a(new_op.o)
                0x000000000201eb28                operator new(unsigned int)
 .text._Znaj    0x000000000201eb70        0xc c:/devkitpro/devkitarm/bin/../lib/gcc/arm-none-eabi/12.1.0/../../../../arm-none-eabi/lib/thumb\libstdc++.a(new_opv.o)
                0x000000000201eb70                operator new[](unsigned int)
 .text._ZNKSt9bad_alloc4whatEv
                0x000000000201eb7c        0x8 c:/devkitpro/devkitarm/bin/../lib/gcc/arm-none-eabi/12.1.0/../../../../arm-none-eabi/lib/thumb\libstdc++.a(bad_alloc.o)
                0x000000000201eb7c                std::bad_alloc::what() const
 .text._ZNSt9bad_allocD2Ev
                0x000000000201eb84       0x18 c:/devkitpro/devkitarm/bin/../lib/gcc/arm-none-eabi/12.1.0/../../../../arm-none-eabi/lib/thumb\libstdc++.a(bad_alloc.o)
                0x000000000201eb84                std::bad_alloc::~bad_alloc()
                0x000000000201eb84                std::bad_alloc::~bad_alloc()
 .text._ZNSt9bad_allocD0Ev
                0x000000000201eb9c       0x20 c:/devkitpro/devkitarm/bin/../lib/gcc/arm-none-eabi/12.1.0/../../../../arm-none-eabi/lib/thumb\libstdc++.a(bad_alloc.o)
                0x000000000201eb9c                std::bad_alloc::~bad_alloc()
 .text._ZdlPv   0x000000000201ebbc        0xc c:/devkitpro/devkitarm/bin/../lib/gcc/arm-none-eabi/12.1.0/../../../../arm-none-eabi/lib/thumb\libstdc++.a(del_op.o)
                0x000000000201ebbc                operator delete(void*)
 .text._ZN12_GLOBAL__N_14pool4freeEPv.constprop.0
                0x000000000201ebc8       0x70 c:/devkitpro/devkitarm/bin/../lib/gcc/arm-none-eabi/12.1.0/../../../../arm-none-eabi/lib/thumb\libstdc++.a(eh_alloc.o)
 .text._ZN12_GLOBAL__N_14pool8allocateEj.constprop.0
                0x000000000201ec38       0x54 c:/devkitpro/devkitarm/bin/../lib/gcc/arm-none-eabi/12.1.0/../../../../arm-none-eabi/lib/thumb\libstdc++.a(eh_alloc.o)
 .text.__cxa_allocate_exception
                0x000000000201ec8c       0x30 c:/devkitpro/devkitarm/bin/../lib/gcc/arm-none-eabi/12.1.0/../../../../arm-none-eabi/lib/thumb\libstdc++.a(eh_alloc.o)
                0x000000000201ec8c                __cxa_allocate_exception
 .text.__cxa_free_exception
                0x000000000201ecbc       0x28 c:/devkitpro/devkitarm/bin/../lib/gcc/arm-none-eabi/12.1.0/../../../../arm-none-eabi/lib/thumb\libstdc++.a(eh_alloc.o)
                0x000000000201ecbc                __cxa_free_exception
 .text.startup._GLOBAL__sub_I__ZN9__gnu_cxx9__freeresEv
                0x000000000201ece4       0x2c c:/devkitpro/devkitarm/bin/../lib/gcc/arm-none-eabi/12.1.0/../../../../arm-none-eabi/lib/thumb\libstdc++.a(eh_alloc.o)
 .text._ZNSt9exceptionD2Ev
                0x000000000201ed10        0x4 c:/devkitpro/devkitarm/bin/../lib/gcc/arm-none-eabi/12.1.0/../../../../arm-none-eabi/lib/thumb\libstdc++.a(eh_exception.o)
                0x000000000201ed10                std::exception::~exception()
                0x000000000201ed10                std::exception::~exception()
 .text._ZNSt13bad_exceptionD2Ev
                0x000000000201ed14        0x4 c:/devkitpro/devkitarm/bin/../lib/gcc/arm-none-eabi/12.1.0/../../../../arm-none-eabi/lib/thumb\libstdc++.a(eh_exception.o)
                0x000000000201ed14                std::bad_exception::~bad_exception()
                0x000000000201ed14                std::bad_exception::~bad_exception()
 .text._ZNKSt13bad_exception4whatEv
                0x000000000201ed18        0x8 c:/devkitpro/devkitarm/bin/../lib/gcc/arm-none-eabi/12.1.0/../../../../arm-none-eabi/lib/thumb\libstdc++.a(eh_exception.o)
                0x000000000201ed18                std::bad_exception::what() const
                0x000000000201ed18                transaction clone for std::bad_exception::what() const
 .text._ZNSt13bad_exceptionD0Ev
                0x000000000201ed20       0x14 c:/devkitpro/devkitarm/bin/../lib/gcc/arm-none-eabi/12.1.0/../../../../arm-none-eabi/lib/thumb\libstdc++.a(eh_exception.o)
                0x000000000201ed20                std::bad_exception::~bad_exception()
 .text._ZN10__cxxabiv111__terminateEPFvvE
                0x000000000201ed34       0x14 c:/devkitpro/devkitarm/bin/../lib/gcc/arm-none-eabi/12.1.0/../../../../arm-none-eabi/lib/thumb\libstdc++.a(eh_terminate.o)
                0x000000000201ed34                __cxxabiv1::__terminate(void (*)())
 .text._ZSt9terminatev
                0x000000000201ed48       0x10 c:/devkitpro/devkitarm/bin/../lib/gcc/arm-none-eabi/12.1.0/../../../../arm-none-eabi/lib/thumb\libstdc++.a(eh_terminate.o)
                0x000000000201ed48                std::terminate()
 .text._ZN10__cxxabiv112__unexpectedEPFvvE
                0x000000000201ed58        0xc c:/devkitpro/devkitarm/bin/../lib/gcc/arm-none-eabi/12.1.0/../../../../arm-none-eabi/lib/thumb\libstdc++.a(eh_terminate.o)
                0x000000000201ed58                __cxxabiv1::__unexpected(void (*)())
 .text._ZSt10unexpectedv
                0x000000000201ed64       0x10 c:/devkitpro/devkitarm/bin/../lib/gcc/arm-none-eabi/12.1.0/../../../../arm-none-eabi/lib/thumb\libstdc++.a(eh_terminate.o)
                0x000000000201ed64                std::unexpected()
 .text._ZSt13get_terminatev
                0x000000000201ed74        0xc c:/devkitpro/devkitarm/bin/../lib/gcc/arm-none-eabi/12.1.0/../../../../arm-none-eabi/lib/thumb\libstdc++.a(eh_terminate.o)
                0x000000000201ed74                std::get_terminate()
 .text._ZSt14get_unexpectedv
                0x000000000201ed80        0xc c:/devkitpro/devkitarm/bin/../lib/gcc/arm-none-eabi/12.1.0/../../../../arm-none-eabi/lib/thumb\libstdc++.a(eh_terminate.o)
                0x000000000201ed80                std::get_unexpected()
 .text._ZL23__gxx_exception_cleanup19_Unwind_Reason_CodeP21_Unwind_Control_Block
                0x000000000201ed8c       0x3c c:/devkitpro/devkitarm/bin/../lib/gcc/arm-none-eabi/12.1.0/../../../../arm-none-eabi/lib/thumb\libstdc++.a(eh_throw.o)
 .text.__cxa_init_primary_exception
                0x000000000201edc8       0x50 c:/devkitpro/devkitarm/bin/../lib/gcc/arm-none-eabi/12.1.0/../../../../arm-none-eabi/lib/thumb\libstdc++.a(eh_throw.o)
                0x000000000201edc8                __cxa_init_primary_exception
 .text.__cxa_throw
                0x000000000201ee18       0x34 c:/devkitpro/devkitarm/bin/../lib/gcc/arm-none-eabi/12.1.0/../../../../arm-none-eabi/lib/thumb\libstdc++.a(eh_throw.o)
                0x000000000201ee18                __cxa_throw
 .text.__cxa_rethrow
                0x000000000201ee4c       0x70 c:/devkitpro/devkitarm/bin/../lib/gcc/arm-none-eabi/12.1.0/../../../../arm-none-eabi/lib/thumb\libstdc++.a(eh_throw.o)
                0x000000000201ee4c                __cxa_rethrow
 .text._ZSt15get_new_handlerv
                0x000000000201eebc        0xc c:/devkitpro/devkitarm/bin/../lib/gcc/arm-none-eabi/12.1.0/../../../../arm-none-eabi/lib/thumb\libstdc++.a(new_handler.o)
                0x000000000201eebc                std::get_new_handler()
 .text._ZN10__cxxabiv120__si_class_type_infoD2Ev
                0x000000000201eec8       0x18 c:/devkitpro/devkitarm/bin/../lib/gcc/arm-none-eabi/12.1.0/../../../../arm-none-eabi/lib/thumb\libstdc++.a(si_class_type_info.o)
                0x000000000201eec8                __cxxabiv1::__si_class_type_info::~__si_class_type_info()
                0x000000000201eec8                __cxxabiv1::__si_class_type_info::~__si_class_type_info()
 .text._ZN10__cxxabiv120__si_class_type_infoD0Ev
                0x000000000201eee0       0x20 c:/devkitpro/devkitarm/bin/../lib/gcc/arm-none-eabi/12.1.0/../../../../arm-none-eabi/lib/thumb\libstdc++.a(si_class_type_info.o)
                0x000000000201eee0                __cxxabiv1::__si_class_type_info::~__si_class_type_info()
 .text._ZNK10__cxxabiv120__si_class_type_info20__do_find_public_srcEiPKvPKNS_17__class_type_infoES2_
                0x000000000201ef00       0x40 c:/devkitpro/devkitarm/bin/../lib/gcc/arm-none-eabi/12.1.0/../../../../arm-none-eabi/lib/thumb\libstdc++.a(si_class_type_info.o)
                0x000000000201ef00                __cxxabiv1::__si_class_type_info::__do_find_public_src(int, void const*, __cxxabiv1::__class_type_info const*, void const*) const
 .text._ZNK10__cxxabiv120__si_class_type_info12__do_dyncastEiNS_17__class_type_info10__sub_kindEPKS1_PKvS4_S6_RNS1_16__dyncast_resultE
                0x000000000201ef40       0x90 c:/devkitpro/devkitarm/bin/../lib/gcc/arm-none-eabi/12.1.0/../../../../arm-none-eabi/lib/thumb\libstdc++.a(si_class_type_info.o)
                0x000000000201ef40                __cxxabiv1::__si_class_type_info::__do_dyncast(int, __cxxabiv1::__class_type_info::__sub_kind, __cxxabiv1::__class_type_info const*, void const*, __cxxabiv1::__class_type_info const*, void const*, __cxxabiv1::__class_type_info::__dyncast_result&) const
 .text._ZNK10__cxxabiv120__si_class_type_info11__do_upcastEPKNS_17__class_type_infoEPKvRNS1_15__upcast_resultE
                0x000000000201efd0       0x2c c:/devkitpro/devkitarm/bin/../lib/gcc/arm-none-eabi/12.1.0/../../../../arm-none-eabi/lib/thumb\libstdc++.a(si_class_type_info.o)
                0x000000000201efd0                __cxxabiv1::__si_class_type_info::__do_upcast(__cxxabiv1::__class_type_info const*, void const*, __cxxabiv1::__class_type_info::__upcast_result&) const
 .text._ZNSt9type_infoD2Ev
                0x000000000201effc        0x4 c:/devkitpro/devkitarm/bin/../lib/gcc/arm-none-eabi/12.1.0/../../../../arm-none-eabi/lib/thumb\libstdc++.a(tinfo.o)
                0x000000000201effc                std::type_info::~type_info()
                0x000000000201effc                std::type_info::~type_info()
 .text._ZNKSt9type_info14__is_pointer_pEv
                0x000000000201f000        0x4 c:/devkitpro/devkitarm/bin/../lib/gcc/arm-none-eabi/12.1.0/../../../../arm-none-eabi/lib/thumb\libstdc++.a(tinfo.o)
                0x000000000201f000                std::type_info::__is_pointer_p() const
                0x000000000201f000                std::type_info::__is_function_p() const
 .text._ZNKSt9type_infoeqERKS_
                0x000000000201f004       0x30 c:/devkitpro/devkitarm/bin/../lib/gcc/arm-none-eabi/12.1.0/../../../../arm-none-eabi/lib/thumb\libstdc++.a(tinfo.o)
                0x000000000201f004                std::type_info::operator==(std::type_info const&) const
                0x000000000201f004                std::type_info::__equal(std::type_info const&) const
 .text._ZNK10__cxxabiv117__class_type_info11__do_upcastEPKS0_PPv
                0x000000000201f034       0x3c c:/devkitpro/devkitarm/bin/../lib/gcc/arm-none-eabi/12.1.0/../../../../arm-none-eabi/lib/thumb\libstdc++.a(class_type_info.o)
                0x000000000201f034                __cxxabiv1::__class_type_info::__do_upcast(__cxxabiv1::__class_type_info const*, void**) const
 .text._ZNK10__cxxabiv117__class_type_info20__do_find_public_srcEiPKvPKS0_S2_
                0x000000000201f070       0x14 c:/devkitpro/devkitarm/bin/../lib/gcc/arm-none-eabi/12.1.0/../../../../arm-none-eabi/lib/thumb\libstdc++.a(class_type_info.o)
                0x000000000201f070                __cxxabiv1::__class_type_info::__do_find_public_src(int, void const*, __cxxabiv1::__class_type_info const*, void const*) const
 .text._ZN10__cxxabiv117__class_type_infoD2Ev
                0x000000000201f084       0x18 c:/devkitpro/devkitarm/bin/../lib/gcc/arm-none-eabi/12.1.0/../../../../arm-none-eabi/lib/thumb\libstdc++.a(class_type_info.o)
                0x000000000201f084                __cxxabiv1::__class_type_info::~__class_type_info()
                0x000000000201f084                __cxxabiv1::__class_type_info::~__class_type_info()
 .text._ZN10__cxxabiv117__class_type_infoD0Ev
                0x000000000201f09c       0x20 c:/devkitpro/devkitarm/bin/../lib/gcc/arm-none-eabi/12.1.0/../../../../arm-none-eabi/lib/thumb\libstdc++.a(class_type_info.o)
                0x000000000201f09c                __cxxabiv1::__class_type_info::~__class_type_info()
 .text._ZNK10__cxxabiv117__class_type_info12__do_dyncastEiNS0_10__sub_kindEPKS0_PKvS3_S5_RNS0_16__dyncast_resultE
                0x000000000201f0bc       0x44 c:/devkitpro/devkitarm/bin/../lib/gcc/arm-none-eabi/12.1.0/../../../../arm-none-eabi/lib/thumb\libstdc++.a(class_type_info.o)
                0x000000000201f0bc                __cxxabiv1::__class_type_info::__do_dyncast(int, __cxxabiv1::__class_type_info::__sub_kind, __cxxabiv1::__class_type_info const*, void const*, __cxxabiv1::__class_type_info const*, void const*, __cxxabiv1::__class_type_info::__dyncast_result&) const
 .text._ZNK10__cxxabiv117__class_type_info11__do_upcastEPKS0_PKvRNS0_15__upcast_resultE
                0x000000000201f100       0x20 c:/devkitpro/devkitarm/bin/../lib/gcc/arm-none-eabi/12.1.0/../../../../arm-none-eabi/lib/thumb\libstdc++.a(class_type_info.o)
                0x000000000201f100                __cxxabiv1::__class_type_info::__do_upcast(__cxxabiv1::__class_type_info const*, void const*, __cxxabiv1::__class_type_info::__upcast_result&) const
 .text._ZNK10__cxxabiv117__class_type_info10__do_catchEPKSt9type_infoPPvj
                0x000000000201f120       0x2c c:/devkitpro/devkitarm/bin/../lib/gcc/arm-none-eabi/12.1.0/../../../../arm-none-eabi/lib/thumb\libstdc++.a(class_type_info.o)
                0x000000000201f120                __cxxabiv1::__class_type_info::__do_catch(std::type_info const*, void**, unsigned int) const
 .text.__cxa_begin_catch
                0x000000000201f14c       0x78 c:/devkitpro/devkitarm/bin/../lib/gcc/arm-none-eabi/12.1.0/../../../../arm-none-eabi/lib/thumb\libstdc++.a(eh_catch.o)
                0x000000000201f14c                __cxa_begin_catch
 .text.__cxa_end_catch
                0x000000000201f1c4       0x94 c:/devkitpro/devkitarm/bin/../lib/gcc/arm-none-eabi/12.1.0/../../../../arm-none-eabi/lib/thumb\libstdc++.a(eh_catch.o)
                0x000000000201f1c4                __cxa_end_catch
 .text.__cxa_get_globals_fast
                0x000000000201f258        0x8 c:/devkitpro/devkitarm/bin/../lib/gcc/arm-none-eabi/12.1.0/../../../../arm-none-eabi/lib/thumb\libstdc++.a(eh_globals.o)
                0x000000000201f258                __cxa_get_globals_fast
 .text.__cxa_get_globals
                0x000000000201f260        0x8 c:/devkitpro/devkitarm/bin/../lib/gcc/arm-none-eabi/12.1.0/../../../../arm-none-eabi/lib/thumb\libstdc++.a(eh_globals.o)
                0x000000000201f260                __cxa_get_globals
 .text._ZL28read_encoded_value_with_basehjPKhPj
                0x000000000201f268      0x104 c:/devkitpro/devkitarm/bin/../lib/gcc/arm-none-eabi/12.1.0/../../../../arm-none-eabi/lib/thumb\libstdc++.a(eh_personality.o)
 .text._ZL21base_of_encoded_valuehP15_Unwind_Context
                0x000000000201f36c       0x44 c:/devkitpro/devkitarm/bin/../lib/gcc/arm-none-eabi/12.1.0/../../../../arm-none-eabi/lib/thumb\libstdc++.a(eh_personality.o)
 .text._ZL17parse_lsda_headerP15_Unwind_ContextPKhP16lsda_header_info
                0x000000000201f3b0       0x94 c:/devkitpro/devkitarm/bin/../lib/gcc/arm-none-eabi/12.1.0/../../../../arm-none-eabi/lib/thumb\libstdc++.a(eh_personality.o)
 .text.__gxx_personality_v0
                0x000000000201f444      0x49c c:/devkitpro/devkitarm/bin/../lib/gcc/arm-none-eabi/12.1.0/../../../../arm-none-eabi/lib/thumb\libstdc++.a(eh_personality.o)
                0x000000000201f444                __gxx_personality_v0
 .text.__cxa_end_cleanup
                0x000000000201f8e0        0xc c:/devkitpro/devkitarm/bin/../lib/gcc/arm-none-eabi/12.1.0/../../../../arm-none-eabi/lib/thumb\libstdc++.a(eh_arm.o)
                0x000000000201f8e0                __cxa_end_cleanup
 .text.__cxa_type_match
                0x000000000201f8ec       0xc8 c:/devkitpro/devkitarm/bin/../lib/gcc/arm-none-eabi/12.1.0/../../../../arm-none-eabi/lib/thumb\libstdc++.a(eh_arm.o)
                0x000000000201f8ec                __cxa_type_match
 .text.__cxa_begin_cleanup
                0x000000000201f9b4       0x64 c:/devkitpro/devkitarm/bin/../lib/gcc/arm-none-eabi/12.1.0/../../../../arm-none-eabi/lib/thumb\libstdc++.a(eh_arm.o)
                0x000000000201f9b4                __cxa_begin_cleanup
 .text.__gnu_end_cleanup
                0x000000000201fa18       0x74 c:/devkitpro/devkitarm/bin/../lib/gcc/arm-none-eabi/12.1.0/../../../../arm-none-eabi/lib/thumb\libstdc++.a(eh_arm.o)
                0x000000000201fa18                __gnu_end_cleanup
 .text._ZN10__cxxabiv1L24__is_gxx_exception_classEPc
                0x000000000201fa8c       0x3c c:/devkitpro/devkitarm/bin/../lib/gcc/arm-none-eabi/12.1.0/../../../../arm-none-eabi/lib/thumb\libstdc++.a(eh_call.o)
 .text.__cxa_call_terminate
                0x000000000201fac8       0x20 c:/devkitpro/devkitarm/bin/../lib/gcc/arm-none-eabi/12.1.0/../../../../arm-none-eabi/lib/thumb\libstdc++.a(eh_call.o)
                0x000000000201fac8                __cxa_call_terminate
 .text.unlikely.__cxa_call_unexpected
                0x000000000201fae8       0xf0 c:/devkitpro/devkitarm/bin/../lib/gcc/arm-none-eabi/12.1.0/../../../../arm-none-eabi/lib/thumb\libstdc++.a(eh_call.o)
                0x000000000201fae8                __cxa_call_unexpected
 .text.exp      0x000000000201fbd8       0x74 c:/devkitpro/devkitarm/bin/../lib/gcc/arm-none-eabi/12.1.0/../../../../arm-none-eabi/lib/thumb\libm.a(lib_a-w_exp.o)
                0x000000000201fbd8                exp
 .text.__ieee754_exp
                0x000000000201fc4c      0x350 c:/devkitpro/devkitarm/bin/../lib/gcc/arm-none-eabi/12.1.0/../../../../arm-none-eabi/lib/thumb\libm.a(lib_a-e_exp.o)
                0x000000000201fc4c                __ieee754_exp
 .text.with_errno
                0x000000000201ff9c       0x18 c:/devkitpro/devkitarm/bin/../lib/gcc/arm-none-eabi/12.1.0/../../../../arm-none-eabi/lib/thumb\libm.a(lib_a-math_err.o)
 .text.xflow    0x000000000201ffb4       0x30 c:/devkitpro/devkitarm/bin/../lib/gcc/arm-none-eabi/12.1.0/../../../../arm-none-eabi/lib/thumb\libm.a(lib_a-math_err.o)
 .text.__math_uflow
                0x000000000201ffe4       0x14 c:/devkitpro/devkitarm/bin/../lib/gcc/arm-none-eabi/12.1.0/../../../../arm-none-eabi/lib/thumb\libm.a(lib_a-math_err.o)
                0x000000000201ffe4                __math_uflow
 .text.__math_oflow
                0x000000000201fff8       0x14 c:/devkitpro/devkitarm/bin/../lib/gcc/arm-none-eabi/12.1.0/../../../../arm-none-eabi/lib/thumb\libm.a(lib_a-math_err.o)
                0x000000000201fff8                __math_oflow
 .text.finite   0x000000000202000c       0x14 c:/devkitpro/devkitarm/bin/../lib/gcc/arm-none-eabi/12.1.0/../../../../arm-none-eabi/lib/thumb\libm.a(lib_a-s_finite.o)
                0x000000000202000c                finite
 .text.__muldi3
                0x0000000002020020       0x64 c:/devkitpro/devkitarm/bin/../lib/gcc/arm-none-eabi/12.1.0/thumb\libgcc.a(_muldi3.o)
                0x0000000002020020                __muldi3
                0x0000000002020020                __aeabi_lmul
 .text.__udivmoddi4
                0x0000000002020084      0x19c c:/devkitpro/devkitarm/bin/../lib/gcc/arm-none-eabi/12.1.0/thumb\libgcc.a(_udivmoddi4.o)
                0x0000000002020084                __udivmoddi4
 .text.selfrel_offset31
                0x0000000002020220       0x18 c:/devkitpro/devkitarm/bin/../lib/gcc/arm-none-eabi/12.1.0/thumb\libgcc.a(unwind-arm.o)
 .text.search_EIT_table
                0x0000000002020238       0x74 c:/devkitpro/devkitarm/bin/../lib/gcc/arm-none-eabi/12.1.0/thumb\libgcc.a(unwind-arm.o)
 .text.__gnu_unwind_get_pr_addr
                0x00000000020202ac       0x2c c:/devkitpro/devkitarm/bin/../lib/gcc/arm-none-eabi/12.1.0/thumb\libgcc.a(unwind-arm.o)
 .text.get_eit_entry
                0x00000000020202d8       0x90 c:/devkitpro/devkitarm/bin/../lib/gcc/arm-none-eabi/12.1.0/thumb\libgcc.a(unwind-arm.o)
 .text.restore_non_core_regs
                0x0000000002020368       0x5c c:/devkitpro/devkitarm/bin/../lib/gcc/arm-none-eabi/12.1.0/thumb\libgcc.a(unwind-arm.o)
 .text._Unwind_decode_typeinfo_ptr.constprop.0
                0x00000000020203c4        0xc c:/devkitpro/devkitarm/bin/../lib/gcc/arm-none-eabi/12.1.0/thumb\libgcc.a(unwind-arm.o)
 .text._Unwind_DebugHook
                0x00000000020203d0        0x4 c:/devkitpro/devkitarm/bin/../lib/gcc/arm-none-eabi/12.1.0/thumb\libgcc.a(unwind-arm.o)
 .text.unwind_phase2
                0x00000000020203d4       0x40 c:/devkitpro/devkitarm/bin/../lib/gcc/arm-none-eabi/12.1.0/thumb\libgcc.a(unwind-arm.o)
 .text.unwind_phase2_forced
                0x0000000002020414       0xd8 c:/devkitpro/devkitarm/bin/../lib/gcc/arm-none-eabi/12.1.0/thumb\libgcc.a(unwind-arm.o)
 .text.__gnu_Unwind_RaiseException
                0x00000000020204ec       0x58 c:/devkitpro/devkitarm/bin/../lib/gcc/arm-none-eabi/12.1.0/thumb\libgcc.a(unwind-arm.o)
                0x00000000020204ec                __gnu_Unwind_RaiseException
 .text.__gnu_Unwind_ForcedUnwind
                0x0000000002020544       0x18 c:/devkitpro/devkitarm/bin/../lib/gcc/arm-none-eabi/12.1.0/thumb\libgcc.a(unwind-arm.o)
                0x0000000002020544                __gnu_Unwind_ForcedUnwind
 .text.__gnu_Unwind_Resume
                0x000000000202055c       0x4c c:/devkitpro/devkitarm/bin/../lib/gcc/arm-none-eabi/12.1.0/thumb\libgcc.a(unwind-arm.o)
                0x000000000202055c                __gnu_Unwind_Resume
 .text.__gnu_Unwind_Resume_or_Rethrow
                0x00000000020205a8       0x20 c:/devkitpro/devkitarm/bin/../lib/gcc/arm-none-eabi/12.1.0/thumb\libgcc.a(unwind-arm.o)
                0x00000000020205a8                __gnu_Unwind_Resume_or_Rethrow
 .text._Unwind_Complete
                0x00000000020205c8        0x4 c:/devkitpro/devkitarm/bin/../lib/gcc/arm-none-eabi/12.1.0/thumb\libgcc.a(unwind-arm.o)
                0x00000000020205c8                _Unwind_Complete
 .text._Unwind_DeleteException
                0x00000000020205cc       0x18 c:/devkitpro/devkitarm/bin/../lib/gcc/arm-none-eabi/12.1.0/thumb\libgcc.a(unwind-arm.o)
                0x00000000020205cc                _Unwind_DeleteException
 .text._Unwind_VRS_Get
                0x00000000020205e4       0x38 c:/devkitpro/devkitarm/bin/../lib/gcc/arm-none-eabi/12.1.0/thumb\libgcc.a(unwind-arm.o)
                0x00000000020205e4                _Unwind_VRS_Get
 .text._Unwind_GetGR
                0x000000000202061c       0x1c c:/devkitpro/devkitarm/bin/../lib/gcc/arm-none-eabi/12.1.0/thumb\libgcc.a(unwind-arm.o)
 .text._Unwind_VRS_Set
                0x0000000002020638       0x38 c:/devkitpro/devkitarm/bin/../lib/gcc/arm-none-eabi/12.1.0/thumb\libgcc.a(unwind-arm.o)
                0x0000000002020638                _Unwind_VRS_Set
 .text._Unwind_SetGR
                0x0000000002020670       0x1c c:/devkitpro/devkitarm/bin/../lib/gcc/arm-none-eabi/12.1.0/thumb\libgcc.a(unwind-arm.o)
 .text.__gnu_Unwind_Backtrace
                0x000000000202068c       0x78 c:/devkitpro/devkitarm/bin/../lib/gcc/arm-none-eabi/12.1.0/thumb\libgcc.a(unwind-arm.o)
                0x000000000202068c                __gnu_Unwind_Backtrace
 .text.__gnu_unwind_pr_common
                0x0000000002020704      0x2f0 c:/devkitpro/devkitarm/bin/../lib/gcc/arm-none-eabi/12.1.0/thumb\libgcc.a(unwind-arm.o)
 .text.__aeabi_unwind_cpp_pr0
                0x00000000020209f4       0x10 c:/devkitpro/devkitarm/bin/../lib/gcc/arm-none-eabi/12.1.0/thumb\libgcc.a(unwind-arm.o)
                0x00000000020209f4                __aeabi_unwind_cpp_pr0
 .text.__aeabi_unwind_cpp_pr1
                0x0000000002020a04       0x10 c:/devkitpro/devkitarm/bin/../lib/gcc/arm-none-eabi/12.1.0/thumb\libgcc.a(unwind-arm.o)
                0x0000000002020a04                __aeabi_unwind_cpp_pr1
 .text.__aeabi_unwind_cpp_pr2
                0x0000000002020a14       0x10 c:/devkitpro/devkitarm/bin/../lib/gcc/arm-none-eabi/12.1.0/thumb\libgcc.a(unwind-arm.o)
                0x0000000002020a14                __aeabi_unwind_cpp_pr2
 .text._Unwind_VRS_Pop
                0x0000000002020a24      0x2bc c:/devkitpro/devkitarm/bin/../lib/gcc/arm-none-eabi/12.1.0/thumb\libgcc.a(unwind-arm.o)
                0x0000000002020a24                _Unwind_VRS_Pop
 .text.next_unwind_byte
                0x0000000002020ce0       0x34 c:/devkitpro/devkitarm/bin/../lib/gcc/arm-none-eabi/12.1.0/thumb\libgcc.a(pr-support.o)
 .text._Unwind_GetGR.constprop.0
                0x0000000002020d14       0x1c c:/devkitpro/devkitarm/bin/../lib/gcc/arm-none-eabi/12.1.0/thumb\libgcc.a(pr-support.o)
 .text.unwind_UCB_from_context
                0x0000000002020d30        0xc c:/devkitpro/devkitarm/bin/../lib/gcc/arm-none-eabi/12.1.0/thumb\libgcc.a(pr-support.o)
 .text.__gnu_unwind_execute
                0x0000000002020d3c      0x2d0 c:/devkitpro/devkitarm/bin/../lib/gcc/arm-none-eabi/12.1.0/thumb\libgcc.a(pr-support.o)
                0x0000000002020d3c                __gnu_unwind_execute
 .text.__gnu_unwind_frame
                0x000000000202100c       0x2c c:/devkitpro/devkitarm/bin/../lib/gcc/arm-none-eabi/12.1.0/thumb\libgcc.a(pr-support.o)
                0x000000000202100c                __gnu_unwind_frame
 .text._Unwind_GetRegionStart
                0x0000000002021038       0x10 c:/devkitpro/devkitarm/bin/../lib/gcc/arm-none-eabi/12.1.0/thumb\libgcc.a(pr-support.o)
                0x0000000002021038                _Unwind_GetRegionStart
 .text._Unwind_GetLanguageSpecificData
                0x0000000002021048       0x18 c:/devkitpro/devkitarm/bin/../lib/gcc/arm-none-eabi/12.1.0/thumb\libgcc.a(pr-support.o)
                0x0000000002021048                _Unwind_GetLanguageSpecificData
 .text.unlikely._Unwind_GetDataRelBase
                0x0000000002021060        0x6 c:/devkitpro/devkitarm/bin/../lib/gcc/arm-none-eabi/12.1.0/thumb\libgcc.a(pr-support.o)
                0x0000000002021060                _Unwind_GetDataRelBase
 .text.unlikely._Unwind_GetTextRelBase
                0x0000000002021066        0x6 c:/devkitpro/devkitarm/bin/../lib/gcc/arm-none-eabi/12.1.0/thumb\libgcc.a(pr-support.o)
                0x0000000002021066                _Unwind_GetTextRelBase
 .text.abort    0x000000000202106c       0x10 c:/devkitpro/devkitarm/bin/../lib/gcc/arm-none-eabi/12.1.0/../../../../arm-none-eabi/lib/thumb\libg.a(lib_a-abort.o)
                0x000000000202106c                abort
 .text.calloc   0x000000000202107c       0x18 c:/devkitpro/devkitarm/bin/../lib/gcc/arm-none-eabi/12.1.0/../../../../arm-none-eabi/lib/thumb\libg.a(lib_a-calloc.o)
                0x000000000202107c                calloc
 .text._calloc_r
                0x0000000002021094       0xb8 c:/devkitpro/devkitarm/bin/../lib/gcc/arm-none-eabi/12.1.0/../../../../arm-none-eabi/lib/thumb\libg.a(lib_a-callocr.o)
                0x0000000002021094                _calloc_r
 .text.__errno  0x000000000202114c        0xc c:/devkitpro/devkitarm/bin/../lib/gcc/arm-none-eabi/12.1.0/../../../../arm-none-eabi/lib/thumb\libg.a(lib_a-errno.o)
                0x000000000202114c                __errno
 .text._fclose_r
                0x0000000002021158       0xe4 c:/devkitpro/devkitarm/bin/../lib/gcc/arm-none-eabi/12.1.0/../../../../arm-none-eabi/lib/thumb\libg.a(lib_a-fclose.o)
                0x0000000002021158                _fclose_r
 .text.fclose   0x000000000202123c       0x14 c:/devkitpro/devkitarm/bin/../lib/gcc/arm-none-eabi/12.1.0/../../../../arm-none-eabi/lib/thumb\libg.a(lib_a-fclose.o)
                0x000000000202123c                fclose
 .text.__sflush_r
                0x0000000002021250      0x18c c:/devkitpro/devkitarm/bin/../lib/gcc/arm-none-eabi/12.1.0/../../../../arm-none-eabi/lib/thumb\libg.a(lib_a-fflush.o)
                0x0000000002021250                __sflush_r
 .text._fflush_r
                0x00000000020213dc       0x70 c:/devkitpro/devkitarm/bin/../lib/gcc/arm-none-eabi/12.1.0/../../../../arm-none-eabi/lib/thumb\libg.a(lib_a-fflush.o)
                0x00000000020213dc                _fflush_r
 .text.fflush   0x000000000202144c       0x2c c:/devkitpro/devkitarm/bin/../lib/gcc/arm-none-eabi/12.1.0/../../../../arm-none-eabi/lib/thumb\libg.a(lib_a-fflush.o)
                0x000000000202144c                fflush
 .text._cleanup_r
                0x0000000002021478       0x14 c:/devkitpro/devkitarm/bin/../lib/gcc/arm-none-eabi/12.1.0/../../../../arm-none-eabi/lib/thumb\libg.a(lib_a-findfp.o)
                0x0000000002021478                _cleanup_r
 .text.__sinit  0x000000000202148c      0x124 c:/devkitpro/devkitarm/bin/../lib/gcc/arm-none-eabi/12.1.0/../../../../arm-none-eabi/lib/thumb\libg.a(lib_a-findfp.o)
                0x000000000202148c                __sinit
 .text.__sfp    0x00000000020215b0       0xd4 c:/devkitpro/devkitarm/bin/../lib/gcc/arm-none-eabi/12.1.0/../../../../arm-none-eabi/lib/thumb\libg.a(lib_a-findfp.o)
                0x00000000020215b0                __sfp
 .text.__sfp_lock_acquire
                0x0000000002021684       0x14 c:/devkitpro/devkitarm/bin/../lib/gcc/arm-none-eabi/12.1.0/../../../../arm-none-eabi/lib/thumb\libg.a(lib_a-findfp.o)
                0x0000000002021684                __sfp_lock_acquire
 .text.__sfp_lock_release
                0x0000000002021698       0x14 c:/devkitpro/devkitarm/bin/../lib/gcc/arm-none-eabi/12.1.0/../../../../arm-none-eabi/lib/thumb\libg.a(lib_a-findfp.o)
                0x0000000002021698                __sfp_lock_release
 .text._fopen_r
                0x00000000020216ac       0xbc c:/devkitpro/devkitarm/bin/../lib/gcc/arm-none-eabi/12.1.0/../../../../arm-none-eabi/lib/thumb\libg.a(lib_a-fopen.o)
                0x00000000020216ac                _fopen_r
 .text.fopen    0x0000000002021768       0x18 c:/devkitpro/devkitarm/bin/../lib/gcc/arm-none-eabi/12.1.0/../../../../arm-none-eabi/lib/thumb\libg.a(lib_a-fopen.o)
                0x0000000002021768                fopen
 .text._fread_r
                0x0000000002021780      0x1e4 c:/devkitpro/devkitarm/bin/../lib/gcc/arm-none-eabi/12.1.0/../../../../arm-none-eabi/lib/thumb\libg.a(lib_a-fread.o)
                0x0000000002021780                _fread_r
 .text.fread    0x0000000002021964       0x24 c:/devkitpro/devkitarm/bin/../lib/gcc/arm-none-eabi/12.1.0/../../../../arm-none-eabi/lib/thumb\libg.a(lib_a-fread.o)
                0x0000000002021964                fread
 .text._malloc_trim_r
                0x0000000002021988       0xac c:/devkitpro/devkitarm/bin/../lib/gcc/arm-none-eabi/12.1.0/../../../../arm-none-eabi/lib/thumb\libg.a(lib_a-freer.o)
                0x0000000002021988                _malloc_trim_r
 .text._free_r  0x0000000002021a34      0x1d8 c:/devkitpro/devkitarm/bin/../lib/gcc/arm-none-eabi/12.1.0/../../../../arm-none-eabi/lib/thumb\libg.a(lib_a-freer.o)
                0x0000000002021a34                _free_r
 .text._fseek_r
                0x0000000002021c0c       0x18 c:/devkitpro/devkitarm/bin/../lib/gcc/arm-none-eabi/12.1.0/../../../../arm-none-eabi/lib/thumb\libg.a(lib_a-fseek.o)
                0x0000000002021c0c                _fseek_r
 .text._fseeko_r
                0x0000000002021c24      0x410 c:/devkitpro/devkitarm/bin/../lib/gcc/arm-none-eabi/12.1.0/../../../../arm-none-eabi/lib/thumb\libg.a(lib_a-fseeko.o)
                0x0000000002021c24                _fseeko_r
 .text._fwalk   0x0000000002022034       0x48 c:/devkitpro/devkitarm/bin/../lib/gcc/arm-none-eabi/12.1.0/../../../../arm-none-eabi/lib/thumb\libg.a(lib_a-fwalk.o)
                0x0000000002022034                _fwalk
 .text._fwalk_reent
                0x000000000202207c       0x50 c:/devkitpro/devkitarm/bin/../lib/gcc/arm-none-eabi/12.1.0/../../../../arm-none-eabi/lib/thumb\libg.a(lib_a-fwalk.o)
                0x000000000202207c                _fwalk_reent
 .text._fwrite_r
                0x00000000020220cc       0x94 c:/devkitpro/devkitarm/bin/../lib/gcc/arm-none-eabi/12.1.0/../../../../arm-none-eabi/lib/thumb\libg.a(lib_a-fwrite.o)
                0x00000000020220cc                _fwrite_r
 .text.fwrite   0x0000000002022160       0x24 c:/devkitpro/devkitarm/bin/../lib/gcc/arm-none-eabi/12.1.0/../../../../arm-none-eabi/lib/thumb\libg.a(lib_a-fwrite.o)
                0x0000000002022160                fwrite
 .text.__libc_init_array
                0x0000000002022184       0x54 c:/devkitpro/devkitarm/bin/../lib/gcc/arm-none-eabi/12.1.0/../../../../arm-none-eabi/lib/thumb\libg.a(lib_a-init.o)
                0x0000000002022184                __libc_init_array
 .text.localtime_r
                0x00000000020221d8      0x228 c:/devkitpro/devkitarm/bin/../lib/gcc/arm-none-eabi/12.1.0/../../../../arm-none-eabi/lib/thumb\libg.a(lib_a-lcltime_r.o)
                0x00000000020221d8                localtime_r
 .text.__locale_mb_cur_max
                0x0000000002022400       0x10 c:/devkitpro/devkitarm/bin/../lib/gcc/arm-none-eabi/12.1.0/../../../../arm-none-eabi/lib/thumb\libg.a(lib_a-locale.o)
                0x0000000002022400                __locale_mb_cur_max
 .text.__smakebuf_r
                0x0000000002022410       0xf0 c:/devkitpro/devkitarm/bin/../lib/gcc/arm-none-eabi/12.1.0/../../../../arm-none-eabi/lib/thumb\libg.a(lib_a-makebuf.o)
                0x0000000002022410                __smakebuf_r
 .text.malloc   0x0000000002022500       0x14 c:/devkitpro/devkitarm/bin/../lib/gcc/arm-none-eabi/12.1.0/../../../../arm-none-eabi/lib/thumb\libg.a(lib_a-malloc.o)
                0x0000000002022500                malloc
 .text.free     0x0000000002022514       0x14 c:/devkitpro/devkitarm/bin/../lib/gcc/arm-none-eabi/12.1.0/../../../../arm-none-eabi/lib/thumb\libg.a(lib_a-malloc.o)
                0x0000000002022514                free
 .text._malloc_r
                0x0000000002022528      0x560 c:/devkitpro/devkitarm/bin/../lib/gcc/arm-none-eabi/12.1.0/../../../../arm-none-eabi/lib/thumb\libg.a(lib_a-mallocr.o)
                0x0000000002022528                _malloc_r
 .text._mbrtowc_r
                0x0000000002022a88       0x60 c:/devkitpro/devkitarm/bin/../lib/gcc/arm-none-eabi/12.1.0/../../../../arm-none-eabi/lib/thumb\libg.a(lib_a-mbrtowc.o)
                0x0000000002022a88                _mbrtowc_r
 .text.mbrtowc  0x0000000002022ae8       0x7c c:/devkitpro/devkitarm/bin/../lib/gcc/arm-none-eabi/12.1.0/../../../../arm-none-eabi/lib/thumb\libg.a(lib_a-mbrtowc.o)
                0x0000000002022ae8                mbrtowc
 .text.mbsrtowcs
                0x0000000002022b64       0x28 c:/devkitpro/devkitarm/bin/../lib/gcc/arm-none-eabi/12.1.0/../../../../arm-none-eabi/lib/thumb\libg.a(lib_a-mbsrtowcs.o)
                0x0000000002022b64                mbsrtowcs
 .text.__utf8_mbtowc
                0x0000000002022b8c      0x27c c:/devkitpro/devkitarm/bin/../lib/gcc/arm-none-eabi/12.1.0/../../../../arm-none-eabi/lib/thumb\libg.a(lib_a-mbtowc_r.o)
                0x0000000002022b8c                __utf8_mbtowc
 .text.memcmp   0x0000000002022e08       0x48 c:/devkitpro/devkitarm/bin/../lib/gcc/arm-none-eabi/12.1.0/../../../../arm-none-eabi/lib/thumb\libg.a(lib_a-memcmp.o)
                0x0000000002022e08                memcmp
 .text.memcpy   0x0000000002022e50       0x94 c:/devkitpro/devkitarm/bin/../lib/gcc/arm-none-eabi/12.1.0/../../../../arm-none-eabi/lib/thumb\libg.a(lib_a-memcpy-stub.o)
                0x0000000002022e50                memcpy
 .text.memmove  0x0000000002022ee4       0xc0 c:/devkitpro/devkitarm/bin/../lib/gcc/arm-none-eabi/12.1.0/../../../../arm-none-eabi/lib/thumb\libg.a(lib_a-memmove.o)
                0x0000000002022ee4                memmove
 .text.memset   0x0000000002022fa4       0xb0 c:/devkitpro/devkitarm/bin/../lib/gcc/arm-none-eabi/12.1.0/../../../../arm-none-eabi/lib/thumb\libg.a(lib_a-memset.o)
                0x0000000002022fa4                memset
 .text.validate_structure
                0x0000000002023054      0x1d4 c:/devkitpro/devkitarm/bin/../lib/gcc/arm-none-eabi/12.1.0/../../../../arm-none-eabi/lib/thumb\libg.a(lib_a-mktime.o)
 .text.mktime   0x0000000002023228      0x434 c:/devkitpro/devkitarm/bin/../lib/gcc/arm-none-eabi/12.1.0/../../../../arm-none-eabi/lib/thumb\libg.a(lib_a-mktime.o)
                0x0000000002023228                mktime
 .text.__malloc_lock