Archive member included to satisfy reference by file (symbol)

C:/devkitPro/libnds/lib\libfat.a(libfat.o)
                              System.o (fatInitDefault)
C:/devkitPro/libnds/lib\libfat.a(disc.o)
                              C:/devkitPro/libnds/lib\libfat.a(libfat.o) (_FAT_disc_interfaces)
C:/devkitPro/libnds/lib\libfat.a(fatfile.o)
                              C:/devkitPro/libnds/lib\libfat.a(libfat.o) (_FAT_open_r)
C:/devkitPro/libnds/lib\libfat.a(cache.o)
                              C:/devkitPro/libnds/lib\libfat.a(fatfile.o) (_FAT_cache_readSectors)
C:/devkitPro/libnds/lib\libfat.a(fatdir.o)
                              C:/devkitPro/libnds/lib\libfat.a(libfat.o) (_FAT_stat_r)
C:/devkitPro/libnds/lib\libfat.a(directory.o)
                              C:/devkitPro/libnds/lib\libfat.a(fatfile.o) (_FAT_directory_entryGetCluster)
C:/devkitPro/libnds/lib\libfat.a(partition.o)
                              C:/devkitPro/libnds/lib\libfat.a(libfat.o) (_FAT_partition_destructor)
C:/devkitPro/libnds/lib\libfat.a(lock.o)
                              C:/devkitPro/libnds/lib\libfat.a(partition.o) (_FAT_lock_init)
C:/devkitPro/libnds/lib\libfat.a(filetime.o)
                              C:/devkitPro/libnds/lib\libfat.a(fatfile.o) (_FAT_filetime_getTimeFromRTC)
C:/devkitPro/libnds/lib\libfat.a(file_allocation_table.o)
                              C:/devkitPro/libnds/lib\libfat.a(fatfile.o) (_FAT_fat_nextCluster)
C:/devkitPro/libnds/lib\libnds9.a(dynamicArray.o)
                              Draw.o (DynamicArrayGet)
C:/devkitPro/libnds/lib\libnds9.a(trig.o)
                              gl2d.o (tanLerp)
C:/devkitPro/libnds/lib\libnds9.a(video.o)
                              Draw.o (vramRestorePrimaryBanks)
C:/devkitPro/libnds/lib\libnds9.a(touch.o)
                              Editor.o (touchRead)
C:/devkitPro/libnds/lib\libnds9.a(videoGL.o)
                              gl2d.o (glMaterialf)
C:/devkitPro/libnds/lib\libnds9.a(sprite.o)
                              Draw.o (oamInit)
C:/devkitPro/libnds/lib\libnds9.a(keys.o)
                              Draw.o (scanKeys)
C:/devkitPro/libnds/lib\libnds9.a(dldi.o)
                              C:/devkitPro/libnds/lib\libfat.a(disc.o) (dldiGetInternal)
C:/devkitPro/libnds/lib\libnds9.a(initSystem.o)
                              C:/devkitPro/devkitARM/bin/../lib/gcc/arm-none-eabi/13.2.0/../../../../arm-none-eabi/lib/thumb/ds_arm9_crt0.o (initSystem)
C:/devkitPro/libnds/lib\libnds9.a(securearea.o)
                              C:/devkitPro/devkitARM/bin/../lib/gcc/arm-none-eabi/13.2.0/../../../../arm-none-eabi/lib/thumb/ds_arm9_crt0.o (__secure_area__)
C:/devkitPro/libnds/lib\libnds9.a(interrupts.o)
                              C:/devkitPro/libnds/lib\libnds9.a(initSystem.o) (irqInit)
C:/devkitPro/libnds/lib\libnds9.a(libnds_exit.arm.o)
                              C:/devkitPro/devkitARM/bin/../lib/gcc/arm-none-eabi/13.2.0/../../../../arm-none-eabi/lib/thumb/ds_arm9_crt0.o (__libnds_exit)
C:/devkitPro/libnds/lib\libnds9.a(fifosystem.o)
                              C:/devkitPro/libnds/lib\libnds9.a(initSystem.o) (fifoSetValue32Handler)
C:/devkitPro/libnds/lib\libnds9.a(dcache.o)
                              Draw.o (DC_FlushRange)
C:/devkitPro/libnds/lib\libnds9.a(dldi_stub.o)
                              C:/devkitPro/libnds/lib\libnds9.a(dldi.o) (_io_dldi_stub)
C:/devkitPro/libnds/lib\libnds9.a(mpu_setup.o)
                              C:/devkitPro/devkitARM/bin/../lib/gcc/arm-none-eabi/13.2.0/../../../../arm-none-eabi/lib/thumb/ds_arm9_crt0.o (__libnds_mpu_setup)
C:/devkitPro/libnds/lib\libnds9.a(IntrWait.o)
                              Draw.o (swiWaitForVBlank)
C:/devkitPro/libnds/lib\libnds9.a(cpu_clock.o)
                              C:/devkitPro/libnds/lib\libnds9.a(initSystem.o) (setCpuClock)
C:/devkitPro/libnds/lib\libnds9.a(interruptDispatcher.o)
                              C:/devkitPro/libnds/lib\libnds9.a(interrupts.o) (IntrMain)
C:/devkitPro/libnds/lib\libnds9.a(biosCalls.o)
                              Draw.o (swiCopy)
C:/devkitPro/libnds/lib\libnds9.a(swiSoftReset.o)
                              C:/devkitPro/libnds/lib\libnds9.a(fifosystem.o) (swiSoftReset)
C:/devkitPro/libnds/lib\libnds9.a(sprite_alloc.o)
                              C:/devkitPro/libnds/lib\libnds9.a(sprite.o) (oamAllocReset)
C:/devkitPro/libnds/lib\libnds9.a(system.o)
                              C:/devkitPro/libnds/lib\libnds9.a(initSystem.o) (systemValueHandler)
C:/devkitPro/libnds/lib\libnds9.a(sd.twl.o)
                              C:/devkitPro/libnds/lib\libnds9.a(dldi.o) (__io_dsisd)
C:/devkitPro/devkitARM/bin/../lib/gcc/arm-none-eabi/13.2.0/../../../../arm-none-eabi/lib/thumb\libstdc++.a(del_ops.o)
                              Sound.o (operator delete(void*, unsigned int))
C:/devkitPro/devkitARM/bin/../lib/gcc/arm-none-eabi/13.2.0/../../../../arm-none-eabi/lib/thumb\libstdc++.a(del_opv.o)
                              Sound.o (operator delete[](void*))
[...]
Memory Configuration

Name             Origin             Length             Attributes
ewram            0x02000000         0x00380000
dtcm             0x02ff0000         0x00004000
vectors          0x01000000         0x00000100
itcm             0x01000100         0x00007f00
*default*        0x00000000         0xffffffff

Linker script and memory map

                0x02380000                        __ewram_end = (ORIGIN (ewram) + LENGTH (ewram))
                0x02380000                        __eheap_end = (ORIGIN (ewram) + LENGTH (ewram))
                0x02ff4000                        __dtcm_top = (ORIGIN (dtcm) + LENGTH (dtcm))
                0x02ff3ff8                        __irq_flags = (__dtcm_top - 0x8)
                0x02ff3ffc                        __irq_vector = (__dtcm_top - 0x4)
                0x02ff3f00                        __sp_svc = (__dtcm_top - 0x100)
                0x02ff3e00                        __sp_irq = (__sp_svc - 0x100)
                0x02ff3d00                        __sp_usr = (__sp_irq - 0x100)

.secure         0x02000000      0x800
 *(.secure)
 .secure        0x02000000      0x800 C:/devkitPro/libnds/lib\libnds9.a(securearea.o)
                0x02000000                __secure_area__

.crt0           0x02000800      0x300
                0x02000800                        __text_start = .
 *(.crt0)
 .crt0          0x02000800      0x300 C:/devkitPro/devkitARM/bin/../lib/gcc/arm-none-eabi/13.2.0/../../../../arm-none-eabi/lib/thumb/ds_arm9_crt0.o
                0x02000800                _start
                0x02000b00                        . = ALIGN (0x4)

.plt
 *(.plt)

.init           0x02000b00        0xc
 *(SORT_NONE(.init))
 .init          0x02000b00        0x4 C:/devkitPro/devkitARM/bin/../lib/gcc/arm-none-eabi/13.2.0/thumb/crti.o
                0x02000b00                _init
 .init          0x02000b04        0x8 C:/devkitPro/devkitARM/bin/../lib/gcc/arm-none-eabi/13.2.0/thumb/crtn.o

.text           0x02000b40    0x34840
 *(EXCLUDE_FILE(*.twl* *.vectors* *.itcm*) .text)
 .text          0x02000b40      0x9e4 Boss.o
                0x02000b40                InitBoss()
                0x02000b98                PutBoss(FRAME*)
                0x02000d14                ActBoss(CARET_SPAWNER*)
                0x020010b0                DamageBoss(CARET_SPAWNER*, char)
                0x02001128                HitMyCharBoss(EVENT_SCR*, CARET_SPAWNER*)
 .text          0x02001524     0x18e4 Draw.o
                0x02001524                vramGetBank(unsigned short*)
                0x020015dc                UpdateInput()
                0x02001654                Flip_SystemTask()
                0x02001674                initSubSprites()
                0x0200175c                StartDirectDraw()
                0x02001808                EndDirectDraw()
                0x0200180c                ReleaseSurface(SurfaceID)
                0x02001824                MakeSurface_Generic(int, int, int)
                0x02001854                vramBlock_examineSpecial(s_vramBlock*, unsigned char*, unsigned long, unsigned char)
                0x02001cc8                vramBlock__allocateBlock(s_vramBlock*, s_SingleBlock*, unsigned char*, unsigned long)
                0x02001e04                vramBlock_allocateSpecial(s_vramBlock*, unsigned char*, unsigned long)
                0x02001e70                AssignColorPalette(SURFACE*, unsigned short, unsigned short const*)
                0x020022b8                CopyDataToTexture(int, int, int, int, int, RECT*)
                0x02002638                LoadBitmap(FILE_e*, int, bool)
                0x02002934                LoadBitmap_File(char const*, int, bool)
                0x020029e4                LoadBitmap_Resource(char const*, int, bool)
                0x020029e8                MakeSurface_File(char const*, int)
                0x020029f4                MakeSurface_Resource(char const*, int)
                0x020029f8                ReloadBitmap_File(char const*, int)
                0x02002a04                ReloadBitmap_Resource(char const*, int)
                0x02002a08                BackupSurface(SurfaceID, RECT*)
                0x02002a0c                CopyFaceTexture(int)
                0x02002a10                PutBitmap4(RECT*, int, int, RECT*, int)
                0x02002b08                Surface2Surface(int, int, RECT*, int, int)
                0x02002bc8                Surface2Texture(int, int, RECT*, int, int)
                0x02002c00                GetCortBoxColor(unsigned long)
                0x02002c04                CortBox(RECT*, unsigned long)
                0x02002c2c                CortBox2(RECT*, unsigned long, int)
                0x02002c30                InitTextObject()
                0x02002c44                GetTextSpacing(char const*)
                0x02002c70                PutText(RECT*, int, int, char const*, unsigned long)
                0x02002dec                PutText2(int, int, char const*, unsigned long, int)
                0x02002df0                EndTextObject()
 .text          0x02002e08      0x878 Editor.o
                0x02002e08                InitEditor()
                0x02002e2c                PutEditorCursor()
                0x02002e80                PutEditorSelect(NPCHAR*, FRAME*)
                0x02003104                EditorProc(NPCHAR*)
                0x02003400                PutEditorNpcInfo(NPCHAR*)
                0x02003500                LoadNpChar(NPCHAR*)
                0x020035c0                SaveNpChar(NPCHAR*)
 .text          0x02003680      0x40c Effect.o
                0x02003680                ProcCaret00(CARET*, MAP*, FRAME*)
                0x02003738                ProcCaret01(CARET*, MAP*, FRAME*)
                0x020037f0                ProcCaret02(CARET*, MAP*, FRAME*)
                0x0200388c                ProcCaret03(CARET*, MAP*, FRAME*)
                0x02003950                FindCaret(CARET*)
                0x02003970                ProcCaret(CARET*, MAP*, FRAME*)
                0x020039ac                FindCaretSpawner(CARET_SPAWNER*)
                0x020039cc                ProcCaretSpawner(CARET_SPAWNER*, CARET*)
 .text          0x02003a8c     0x1384 EventScript.o
                0x02003a8c                ProcFade(FADE*, FRAME*, CARET_SPAWNER*)
                0x02003d30                PutNumber(int, int, int)
                0x02003dc8                PutNumber2(int, int, int)
                0x02003e54                DebugPutText(char const*)
                0x02003e78                ReadEventScript(char const*, EVENT_SCR*)
                0x02003eb0                SaveRecord(ITEMS*, MAP*, NPCHAR*)
                0x02004014                LoadRecord(ITEMS*, MAP*, NPCHAR*)
                0x020041d8                JumpEventScript(EVENT_SCR*)
                0x02004284                GetEventScriptNo(EVENT_SCR*)
                0x020042d4                PutEventScriptCursor(EVENT_SCR*)
                0x02004300                EventScriptProc(EVENT_SCR*, ITEMS*, NPCHAR*, MAP*, PIYOPIYO_CONTROL*, FADE*, FRAME*)
                0x02004d24                PutMsgBox(EVENT_SCR*)
                0x02004df8                InitEventScript(EVENT_SCR*)
 .text          0x02004e10       0x94 Flags.o
                0x02004e10                InitFlags()
                0x02004e24                SetNPCFlag(long)
                0x02004e50                CutNPCFlag(long)
                0x02004e7c                GetNPCFlag(long)
 .text          0x02004ea4      0x8e8 Game.o
                0x02004ea4                GetTrg()
                0x02004f00                CountFramePerSecound()
                0x02004f04                Game()
 .text          0x0200578c      0x450 Generic.o
                0x0200578c                GetFileSizeLong(char const*)
                0x02005790                GetCompileDate(int*, int*, int*)
                0x020058b8                GetCompileVersion(int*, int*, int*, int*)
                0x020058d0                OpenSoundVolume()
                0x020058d4                LoadGenericData()
 .text          0x02005bdc      0x2fc Item.o
                0x02005bdc                InitItem(ITEMS*)
                0x02005bf4                PutItem(ITEMS*)
                0x02005c94                MoveItem(ITEMS*, EVENT_SCR*)
                0x02005d08                CheckItem(ITEMS*, char)
                0x02005d50                AddItemData(ITEMS*, char)
                0x02005e20                SubItemData(ITEMS*, char)
 .text          0x02005ed8      0x5a8 Map.o
                0x02005ed8                LoadMapData(char const*, MAP*)
                0x02005fb4                PutBack(FRAME*)
                0x02006074                PutMapBack(MAP*, int, int)
                0x02006140                PutMapFront(MAP*, int, int)
                0x020061e8                PutMapVector(MAP*, int, int)
                0x020062d8                MoveFrame(FRAME*, NPCHAR*, MAP*)
                0x020063a8                MoveFrameEditor(FRAME*, MAP*)
 .text          0x02006480     0x12b0 NpChar.o
                0x02006480                ActNpChar02(NPCHAR*)
                0x02006660                ActNpChar03(NPCHAR*)
                0x02006710                ActNpChar04(NPCHAR*)
                0x02006814                ActNpChar05(NPCHAR*)
                0x0200682c                ActNpChar00(NPCHAR*)
                0x020069e8                ActNpChar01(NPCHAR*)
                0x02006a3c                ActNpChar06(NPCHAR*)
                0x02006b34                PutNpChar07(NPCHAR*, FRAME*)
                0x02006b94                PutNpChar06(NPCHAR*, FRAME*)
                0x02006c04                PutNpChar05(NPCHAR*, FRAME*)
                0x02006c70                PutNpChar04(NPCHAR*, FRAME*)
                0x02006ce0                PutNpChar03(NPCHAR*, FRAME*)
                0x02006d48                PutNpChar02(NPCHAR*, FRAME*)
                0x02006db4                PutNpChar01(NPCHAR*, FRAME*)
                0x02006e44                PutNpChar00(NPCHAR*, FRAME*)
                0x02006eb0                InitNpChar(NPCHAR*)
                0x02006ee0                PutNpChar(NPCHAR*, FRAME*)
                0x02006f10                ActNpChar(NPCHAR*)
                0x02006f3c                JudgeHitNpCharBlock(NPCHAR*, int, int, unsigned char)
                0x0200715c                HitNpCharMap(NPCHAR*, MAP*)
                0x02007294                HitMyCharNpChar(NPCHAR*, EVENT_SCR*, CARET_SPAWNER*)
                0x02007638                ReloadNpChar(NPCHAR*)
 .text          0x02007730      0x114 Opening.o
                0x02007730                InitOpening(OPENING*)
                0x02007748                PutOpening(OPENING*)
 .text          0x02007844      0x314 PixelScript.o
                0x02007844                ReadPixelScript(PIX_SCR*, char const*)
                0x0200787c                LoadPixelScript(PIX_SCR*, char const*, char)
                0x020078fc                PixelScriptProc(PIX_SCR*, PIYOPIYO_CONTROL*, bool)
                0x02007b4c                EndPixelScript(PIX_SCR*)
 .text          0x02007b58      0x6a4 PiyoPiyo.o
                0x02007ca8                InitPiyoPiyo()
                0x02007eac                EndPiyoPiyo()
                0x02007f04                ReadPiyoPiyo(char const*)
                0x02007f94                PiyoPiyoProc()
                0x020080e0                MakePiyoPiyoSoundObjects()
                0x020080fc                ChangePiyoPiyoVolume(PIYOPIYO_CONTROL*)
                0x02008118                PiyoPiyoControl(PIYOPIYO_CONTROL*)
 .text          0x020081fc     0x1158 Player.o
                0x020081fc                ActMyChar_Ship(CARET*, CARET_SPAWNER*)
                0x0200827c                ActMyChar_Normal(CARET*, CARET_SPAWNER*)
                0x0200857c                ActMyChar_Dash(CARET*, CARET_SPAWNER*)
                0x02008668                DamageMyChar(CARET_SPAWNER*, char)
                0x02008740                JudgeHitMyCharBlock(int, int, char)
                0x02008a60                JudgeHitMyCharSnack(int, int, unsigned char, CARET_SPAWNER*, MAP*)
                0x02008dc8                JudgeHitMyCharDamage(int, int, CARET_SPAWNER*)
                0x02008e14                JudgeHitMyCharVector(int, int, unsigned char)
                0x02008e84                JudgeHitMyCharItem(int, int, CARET_SPAWNER*, MAP*)
                0x02008f90                HitMyCharMap(MAP*, CARET_SPAWNER*)
                0x020091e0                PutMyChar(FRAME*)
                0x02009274                PutMyStatus()
                0x020092f4                ActMyChar(CARET*, CARET_SPAWNER*)
                0x02009310                InitMyChar()
 .text          0x02009354      0x940 Sound.o
                0x02009354                getFreeChannel()
                0x02009400                updateChannelStates()
                0x0200944c                SOUNDBUFFER::SOUNDBUFFER(unsigned int)
                0x0200944c                SOUNDBUFFER::SOUNDBUFFER(unsigned int)
                0x02009498                SOUNDBUFFER::~SOUNDBUFFER()
                0x02009498                SOUNDBUFFER::~SOUNDBUFFER()
                0x020094d0                SOUNDBUFFER::Release()
                0x02009518                SOUNDBUFFER::Lock(signed char**, unsigned int*)
                0x0200952c                SOUNDBUFFER::Unlock()
                0x02009530                SOUNDBUFFER::SetCurrentPosition(unsigned long)
                0x02009534                SOUNDBUFFER::SetFrequency(unsigned long)
                0x0200954c                MillibelToVolume(long)
                0x02009594                SOUNDBUFFER::SetVolume(long)
                0x02009600                SOUNDBUFFER::SetPan(long)
                0x02009630                SOUNDBUFFER::Play(bool)
                0x02009744                SOUNDBUFFER::Stop()
                0x0200976c                InitDirectSound()
                0x02009788                EndDirectSound()
                0x0200983c                ReleaseSoundObject(int)
                0x02009894                InitSoundObject(char const*, int)
                0x0200997c                PlaySoundObject(int, int)
                0x020099f4                ChangeSoundFrequency(int, int)
                0x02009a20                ChangeSoundVolume(int, long)
                0x02009a9c                ChangeSoundPan(int, long)
                0x02009ad8                MakePiyoPiyoSoundObject(signed char*, unsigned char*, int, int, int)
 .text          0x02009c94       0x28 System.o
                0x02009c94                Random(int, int)
                0x02009cac                InactiveWindow()
                0x02009cb8                SystemTask()
 .text          0x02009cbc       0x70 fopen.o
                0x02009cbc                fopen_embed(char const*, char const*)
                0x02009d04                fclose_embed(FILE_e*)
                0x02009d0c                fread_embed(void*, unsigned int, unsigned int, FILE_e*)
 .text          0x02009d2c      0x7e8 gl2d.o
                0x02009d2c                glScreen2D()
                0x0200a26c                SetOrtho()
                0x0200a3f0                glBegin2D()
                0x0200a474                glEnd2D()
                0x0200a490                glBoxFilled(int, int, int, int, int)
 .text          0x0200a514     0x8244 lodepng.o
                0x0200e454                lode_png_test_bitreader(unsigned char const*, unsigned int, unsigned int, unsigned int const*, unsigned int*)
                0x0200e620                lodepng_inflate(unsigned char**, unsigned int*, unsigned char const*, unsigned int, LodePNGDecompressSettings const*)
                0x0200e64c                lodepng_zlib_decompress(unsigned char**, unsigned int*, unsigned char const*, unsigned int, LodePNGDecompressSettings const*)
                0x0200e7b0                lodepng_decompress_settings_init(LodePNGDecompressSettings*)
                0x0200e7c0                lodepng_crc32(unsigned char const*, unsigned int)
                0x0200e7f0                lodepng_chunk_length(unsigned char const*)
                0x0200e81c                lodepng_chunk_type(char*, unsigned char const*)
                0x0200e848                lodepng_chunk_type_equals(unsigned char const*, char const*)
                0x0200e88c                lodepng_chunk_ancillary(unsigned char const*)
                0x0200e894                lodepng_chunk_private(unsigned char const*)
                0x0200e89c                lodepng_chunk_safetocopy(unsigned char const*)
                0x0200e8a4                lodepng_chunk_data(unsigned char*)
                0x0200e8a8                lodepng_chunk_data_const(unsigned char const*)
                0x0200e8ac                lodepng_chunk_check_crc(unsigned char const*)
                0x0200e944                lodepng_chunk_generate_crc(unsigned char*)
                0x0200e9cc                lodepng_chunk_next(unsigned char*, unsigned char*)
                0x0200ea7c                lodepng_chunk_next_const(unsigned char const*, unsigned char const*)
                0x0200eb2c                lodepng_chunk_find(unsigned char*, unsigned char*, char const*)
                0x0200ec18                lodepng_chunk_find_const(unsigned char const*, unsigned char const*, char const*)
                0x0200ed04                lodepng_chunk_append(unsigned char**, unsigned int*, unsigned char const*)
                0x0200edc4                lodepng_chunk_create(unsigned char**, unsigned int*, unsigned int, char const*, unsigned char const*)
                0x0200ef74                lodepng_color_mode_init(LodePNGColorMode*)
                0x0200ef8c                lodepng_color_mode_cleanup(LodePNGColorMode*)
                0x0200efa4                lodepng_color_mode_copy(LodePNGColorMode*, LodePNGColorMode const*)
                0x0200f050                lodepng_color_mode_make(LodePNGColorType, unsigned int)
                0x0200f064                lodepng_palette_clear(LodePNGColorMode*)
                0x0200f07c                lodepng_palette_add(LodePNGColorMode*, unsigned char, unsigned char, unsigned char, unsigned char)
                0x0200f124                lodepng_get_bpp(LodePNGColorMode const*)
                0x0200f140                lodepng_get_channels(LodePNGColorMode const*)
                0x0200f154                lodepng_is_greyscale_type(LodePNGColorMode const*)
                0x0200f160                lodepng_is_alpha_type(LodePNGColorMode const*)
                0x0200f168                lodepng_is_palette_type(LodePNGColorMode const*)
                0x0200f174                lodepng_has_palette_alpha(LodePNGColorMode const*)
                0x0200f19c                lodepng_can_have_alpha(LodePNGColorMode const*)
                0x0200f1cc                lodepng_get_raw_size(unsigned int, unsigned int, LodePNGColorMode const*)
                0x0200f1fc                lodepng_add_text(LodePNGInfo*, char const*, char const*)
                0x0200f21c                lodepng_clear_text(LodePNGInfo*)
                0x0200f268                lodepng_clear_itext(LodePNGInfo*)
                0x0200f270                lodepng_add_itext(LodePNGInfo*, char const*, char const*, char const*, char const*)
                0x0200f298                lodepng_set_icc(LodePNGInfo*, char const*, unsigned char const*, unsigned int)
                0x0200f358                lodepng_clear_icc(LodePNGInfo*)
                0x0200f37c                lodepng_info_init(LodePNGInfo*)
                0x0200f3e8                lodepng_info_cleanup(LodePNGInfo*)
                0x0200f480                lodepng_info_copy(LodePNGInfo*, LodePNGInfo const*)
                0x0200f7d4                lodepng_convert(unsigned char*, unsigned char const*, LodePNGColorMode const*, LodePNGColorMode const*, unsigned int, unsigned int)
                0x02010c04                lodepng_convert_rgb(unsigned int*, unsigned int*, unsigned int*, unsigned int, unsigned int, unsigned int, LodePNGColorMode const*, LodePNGColorMode const*)
                0x02010d00                lodepng_inspect(unsigned int*, unsigned int*, LodePNGState*, unsigned char const*, unsigned int)
                0x02011c24                lodepng_inspect_chunk(LodePNGState*, unsigned int, unsigned char const*, unsigned int)
                0x0201205c                lodepng_decode(unsigned char**, unsigned int*, unsigned int*, LodePNGState*, unsigned char const*, unsigned int)
                0x020121c8                lodepng_decode_memory(unsigned char**, unsigned int*, unsigned int*, unsigned char const*, unsigned int, LodePNGColorType, unsigned int)
                0x020124c4                lodepng_decode32(unsigned char**, unsigned int*, unsigned int*, unsigned char const*, unsigned int)
                0x020124dc                lodepng_decode24(unsigned char**, unsigned int*, unsigned int*, unsigned char const*, unsigned int)
                0x020124f4                lodepng_decoder_settings_init(LodePNGDecoderSettings*)
                0x02012510                lodepng_state_init(LodePNGState*)
                0x020125c8                lodepng_state_cleanup(LodePNGState*)
                0x020125e8                lodepng_state_copy(LodePNGState*, LodePNGState const*)
 .text          0x02012758      0x1a0 soundFifo.o
                0x02012758                micBufferHandler(int, void*)
                0x0201278c                soundEnable
                0x0201279c                soundDisable
                0x020127ac                soundPlaySampleC
                0x02012814                soundPause
                0x02012828                soundKill
                0x0201283c                soundResume
                0x02012850                soundSetVolume
                0x02012864                soundSetPan
                0x02012874                soundSetFreq
                0x02012888                soundSetWaveDuty
                0x0201289c                soundMicRecord
                0x020128e8                soundMicOff
 *fill*         0x020128f8        0x8 ff
 .text          0x02012900     0x4000 C:/devkitPro/libnds/lib\libnds9.a(dldi_stub.o)
                0x02012900                _io_dldi_stub
 .text          0x02016900      0x198 C:/devkitPro/devkitARM/bin/../lib/gcc/arm-none-eabi/13.2.0/thumb\libgcc.a(_arm_mulsf3.o)
                0x02016900                __aeabi_fmul
                0x02016900                __mulsf3
 .text          0x02016a98      0x11c C:/devkitPro/devkitARM/bin/../lib/gcc/arm-none-eabi/13.2.0/thumb\libgcc.a(_udivsi3.o)
                0x02016a98                __aeabi_uidiv
                0x02016a98                __udivsi3
                0x02016b94                __aeabi_uidivmod
 .text          0x02016bb4      0x150 C:/devkitPro/devkitARM/bin/../lib/gcc/arm-none-eabi/13.2.0/thumb\libgcc.a(_divsi3.o)
                0x02016bb4                __divsi3
                0x02016bb4                __aeabi_idiv
                0x02016ce4                __aeabi_idivmod
 .text          0x02016d04        0x4 C:/devkitPro/devkitARM/bin/../lib/gcc/arm-none-eabi/13.2.0/thumb\libgcc.a(_dvmd_tls.o)
                0x02016d04                __aeabi_idiv0
                0x02016d04                __aeabi_ldiv0
 .text          0x02016d08      0x424 C:/devkitPro/devkitARM/bin/../lib/gcc/arm-none-eabi/13.2.0/thumb\libgcc.a(_arm_addsubdf3.o)
                0x02016d08                __aeabi_drsub
                0x02016d10                __aeabi_dsub
                0x02016d10                __subdf3
                0x02016d14                __aeabi_dadd
                0x02016d14                __adddf3
                0x02017024                __floatunsidf
                0x02017024                __aeabi_ui2d
                0x02017048                __floatsidf
                0x02017048                __aeabi_i2d
                0x02017070                __aeabi_f2d
                0x02017070                __extendsfdf2
                0x020170b8                __floatundidf
                0x020170b8                __aeabi_ul2d
                0x020170cc                __floatdidf
                0x020170cc                __aeabi_l2d
 .text          0x0201712c      0x49c C:/devkitPro/devkitARM/bin/../lib/gcc/arm-none-eabi/13.2.0/thumb\libgcc.a(_arm_muldivdf3.o)
                0x0201712c                __aeabi_dmul
                0x0201712c                __muldf3
                0x020173bc                __divdf3
                0x020173bc                __aeabi_ddiv
 .text          0x020175c8      0x144 C:/devkitPro/devkitARM/bin/../lib/gcc/arm-none-eabi/13.2.0/thumb\libgcc.a(_arm_cmpdf2.o)
                0x020175c8                __gtdf2
                0x020175c8                __gedf2
                0x020175d0                __ltdf2
                0x020175d0                __ledf2
                0x020175d8                __nedf2
                0x020175d8                __eqdf2
                0x020175d8                __cmpdf2
                0x02017660                __aeabi_cdrcmple
                0x0201767c                __aeabi_cdcmpeq
                0x0201767c                __aeabi_cdcmple
                0x02017694                __aeabi_dcmpeq
                0x020176ac                __aeabi_dcmplt
                0x020176c4                __aeabi_dcmple
                0x020176dc                __aeabi_dcmpge
                0x020176f4                __aeabi_dcmpgt
 .text          0x0201770c       0x38 C:/devkitPro/devkitARM/bin/../lib/gcc/arm-none-eabi/13.2.0/thumb\libgcc.a(_arm_unorddf2.o)
                0x0201770c                __unorddf2
                0x0201770c                __aeabi_dcmpun
 .text          0x02017744       0x5c C:/devkitPro/devkitARM/bin/../lib/gcc/arm-none-eabi/13.2.0/thumb\libgcc.a(_arm_fixdfsi.o)
                0x02017744                __aeabi_d2iz
                0x02017744                __fixdfsi
 .text          0x020177a0       0xa0 C:/devkitPro/devkitARM/bin/../lib/gcc/arm-none-eabi/13.2.0/thumb\libgcc.a(_arm_truncdfsf2.o)
                0x020177a0                __truncdfsf2
                0x020177a0                __aeabi_d2f
 .text          0x02017840       0x5c C:/devkitPro/devkitARM/bin/../lib/gcc/arm-none-eabi/13.2.0/thumb\libgcc.a(_arm_fixsfsi.o)
                0x02017840                __aeabi_f2iz
                0x02017840                __fixsfsi
 .text          0x0201789c       0xd4 C:/devkitPro/devkitARM/bin/../lib/gcc/arm-none-eabi/13.2.0/thumb\libgcc.a(_aeabi_ldivmod.o)
                0x0201789c                __aeabi_ldivmod
 .text          0x02017970      0x1d8 C:/devkitPro/devkitARM/bin/../lib/gcc/arm-none-eabi/13.2.0/thumb\libgcc.a(libunwind.o)
                0x02017970                __restore_core_regs
                0x02017970                restore_core_regs
                0x0201798c                __gnu_Unwind_Restore_VFP
                0x02017994                __gnu_Unwind_Save_VFP
                0x0201799c                __gnu_Unwind_Restore_VFP_D
                0x020179a4                __gnu_Unwind_Save_VFP_D
                0x020179ac                __gnu_Unwind_Restore_VFP_D_16_to_31
                0x020179b4                __gnu_Unwind_Save_VFP_D_16_to_31
                0x020179bc                __gnu_Unwind_Restore_WMMXD
                0x02017a00                __gnu_Unwind_Save_WMMXD
                0x02017a44                __gnu_Unwind_Restore_WMMXC
                0x02017a58                __gnu_Unwind_Save_WMMXC
                0x02017a6c                ___Unwind_RaiseException
                0x02017a6c                _Unwind_RaiseException
                0x02017a98                _Unwind_Resume
                0x02017a98                ___Unwind_Resume
                0x02017ac4                _Unwind_Resume_or_Rethrow
                0x02017ac4                ___Unwind_Resume_or_Rethrow
                0x02017af0                _Unwind_ForcedUnwind
                0x02017af0                ___Unwind_ForcedUnwind
                0x02017b1c                ___Unwind_Backtrace
                0x02017b1c                _Unwind_Backtrace
 .text          0x02017b48       0x28 C:/devkitPro/devkitARM/bin/../lib/gcc/arm-none-eabi/13.2.0/thumb\libgcc.a(_clzdi2.o)
                0x02017b48                __clzdi2
 .text          0x02017b70       0x48 C:/devkitPro/devkitARM/bin/../lib/gcc/arm-none-eabi/13.2.0/thumb\libgcc.a(_clzsi2.o)
                0x02017b70                __clzsi2
 .text          0x02017bb8      0x224 C:/devkitPro/devkitARM/bin/../lib/gcc/arm-none-eabi/13.2.0/../../../../arm-none-eabi/lib/thumb\libg.a(libc_a-strcmp.o)
                0x02017bb8                strcmp
 .text          0x02017ddc       0x14 C:/devkitPro/devkitARM/bin/../lib/gcc/arm-none-eabi/13.2.0/thumb\libgcc.a(_thumb1_case_uqi.o)
                0x02017ddc                __gnu_thumb1_case_uqi
 .text          0x02017df0       0x14 C:/devkitPro/devkitARM/bin/../lib/gcc/arm-none-eabi/13.2.0/thumb\libgcc.a(_thumb1_case_uhi.o)
                0x02017df0                __gnu_thumb1_case_uhi
 .text          0x02017e04       0x54 C:/devkitPro/devkitARM/bin/../lib/gcc/arm-none-eabi/13.2.0/thumb\libgcc.a(_arm_fixunsdfsi.o)
                0x02017e04                __aeabi_d2uiz
                0x02017e04                __fixunsdfsi
 .text          0x02017e58       0x3c C:/devkitPro/devkitARM/bin/../lib/gcc/arm-none-eabi/13.2.0/thumb\libgcc.a(_aeabi_uldivmod.o)
                0x02017e58                __aeabi_uldivmod
 *(EXCLUDE_FILE(*.twl* *.vectors* *.itcm*) .stub)
 *(EXCLUDE_FILE(*.twl* *.vectors* *.itcm*) .text.*)
 .text.__do_global_dtors_aux
                0x02017e94       0x2c C:/devkitPro/devkitARM/bin/../lib/gcc/arm-none-eabi/13.2.0/thumb/crtbegin.o
 .text.frame_dummy
                0x02017ec0       0x24 C:/devkitPro/devkitARM/bin/../lib/gcc/arm-none-eabi/13.2.0/thumb/crtbegin.o
 .text.hot      0x02017ee4       0xf8 Draw.o
                0x02017ee4                PutBitmap3(RECT*, int, int, RECT*, int)
 .text.startup  0x02017fdc       0x94 System.o
                0x02017fdc                main
 .text.startup  0x02018070      0x3f0 fopen.o
 .text.hot      0x02018460      0x154 gl2d.o
                0x02018460                glSprite(int, int, RECT*, int, int, int)
 .text.fatMount.part.0
                0x020185b4       0xa0 C:/devkitPro/libnds/lib\libfat.a(libfat.o)
 .text.fatMount
                0x02018654       0x3c C:/devkitPro/libnds/lib\libfat.a(libfat.o)
                0x02018654                fatMount
 .text.fatInit  0x02018690      0x130 C:/devkitPro/libnds/lib\libfat.a(libfat.o)
                0x02018690                fatInit
 .text.fatInitDefault
                0x020187c0        0xc C:/devkitPro/libnds/lib\libfat.a(libfat.o)
                0x020187c0                fatInitDefault
 .text._FAT_check_position_for_next_cluster.part.0
                0x020187cc       0x68 C:/devkitPro/libnds/lib\libfat.a(fatfile.o)
 .text._FAT_syncToDisc.part.0
                0x02018834       0xd4 C:/devkitPro/libnds/lib\libfat.a(fatfile.o)
 .text._FAT_file_extend_r
                0x02018908      0x208 C:/devkitPro/libnds/lib\libfat.a(fatfile.o)
 .text._FAT_open_r
                0x02018b10      0x2d4 C:/devkitPro/libnds/lib\libfat.a(fatfile.o)
                0x02018b10                _FAT_open_r
 .text._FAT_close_r
                0x02018de4       0x74 C:/devkitPro/libnds/lib\libfat.a(fatfile.o)
                0x02018de4                _FAT_close_r
 .text._FAT_read_r
                0x02018e58      0x398 C:/devkitPro/libnds/lib\libfat.a(fatfile.o)
                0x02018e58                _FAT_read_r
 .text._FAT_write_r
                0x020191f0      0x53c C:/devkitPro/libnds/lib\libfat.a(fatfile.o)
                0x020191f0                _FAT_write_r
 .text._FAT_seek_r
                0x0201972c      0x194 C:/devkitPro/libnds/lib\libfat.a(fatfile.o)
                0x0201972c                _FAT_seek_r
 .text._FAT_fstat_r
                0x020198c0       0x8c C:/devkitPro/libnds/lib\libfat.a(fatfile.o)
                0x020198c0                _FAT_fstat_r
 .text._FAT_ftruncate_r
                0x0201994c      0x16c C:/devkitPro/libnds/lib\libfat.a(fatfile.o)
                0x0201994c                _FAT_ftruncate_r
 .text._FAT_fsync_r
                0x02019ab8       0x44 C:/devkitPro/libnds/lib\libfat.a(fatfile.o)
                0x02019ab8                _FAT_fsync_r
 .text._FAT_cache_getPage
                0x02019afc       0xf0 C:/devkitPro/libnds/lib\libfat.a(cache.o)
 .text._FAT_cache_constructor
                0x02019bec       0x90 C:/devkitPro/libnds/lib\libfat.a(cache.o)
                0x02019bec                _FAT_cache_constructor
 .text._FAT_cache_readSectors
                0x02019c7c       0x60 C:/devkitPro/libnds/lib\libfat.a(cache.o)
                0x02019c7c                _FAT_cache_readSectors
 .text._FAT_cache_readPartialSector
                0x02019cdc       0x3c C:/devkitPro/libnds/lib\libfat.a(cache.o)
                0x02019cdc                _FAT_cache_readPartialSector
 .text._FAT_cache_readLittleEndianValue
                0x02019d18       0x70 C:/devkitPro/libnds/lib\libfat.a(cache.o)
                0x02019d18                _FAT_cache_readLittleEndianValue
 .text._FAT_cache_writePartialSector
                0x02019d88       0x4c C:/devkitPro/libnds/lib\libfat.a(cache.o)
                0x02019d88                _FAT_cache_writePartialSector
 .text._FAT_cache_writeLittleEndianValue
                0x02019dd4       0x8c C:/devkitPro/libnds/lib\libfat.a(cache.o)
                0x02019dd4                _FAT_cache_writeLittleEndianValue
 .text._FAT_cache_eraseWritePartialSector
                0x02019e60       0x60 C:/devkitPro/libnds/lib\libfat.a(cache.o)
                0x02019e60                _FAT_cache_eraseWritePartialSector
 .text._FAT_cache_writeSectors
                0x02019ec0       0x80 C:/devkitPro/libnds/lib\libfat.a(cache.o)
                0x02019ec0                _FAT_cache_writeSectors
 .text._FAT_cache_flush
                0x02019f40       0x40 C:/devkitPro/libnds/lib\libfat.a(cache.o)
                0x02019f40                _FAT_cache_flush
 .text._FAT_stat_r
                0x02019f80       0x90 C:/devkitPro/libnds/lib\libfat.a(fatdir.o)
                0x02019f80                _FAT_stat_r
 .text._FAT_link_r
                0x0201a010        0xc C:/devkitPro/libnds/lib\libfat.a(fatdir.o)
                0x0201a010                _FAT_link_r
 .text._FAT_unlink_r
                0x0201a01c      0x184 C:/devkitPro/libnds/lib\libfat.a(fatdir.o)
                0x0201a01c                _FAT_unlink_r
 .text._FAT_chdir_r
                0x0201a1a0       0x70 C:/devkitPro/libnds/lib\libfat.a(fatdir.o)
                0x0201a1a0                _FAT_chdir_r
 .text._FAT_rename_r
                0x0201a210      0x1c4 C:/devkitPro/libnds/lib\libfat.a(fatdir.o)
                0x0201a210                _FAT_rename_r
 .text._FAT_mkdir_r
                0x0201a3d4      0x244 C:/devkitPro/libnds/lib\libfat.a(fatdir.o)
                0x0201a3d4                _FAT_mkdir_r
 .text._FAT_statvfs_r
                0x0201a618       0x78 C:/devkitPro/libnds/lib\libfat.a(fatdir.o)
                0x0201a618                _FAT_statvfs_r
 .text._FAT_diropen_r
                0x0201a690       0xb0 C:/devkitPro/libnds/lib\libfat.a(fatdir.o)
                0x0201a690                _FAT_diropen_r
 .text._FAT_dirreset_r
                0x0201a740       0x4c C:/devkitPro/libnds/lib\libfat.a(fatdir.o)
                0x0201a740                _FAT_dirreset_r
 .text._FAT_dirnext_r
                0x0201a78c       0x7c C:/devkitPro/libnds/lib\libfat.a(fatdir.o)
                0x0201a78c                _FAT_dirnext_r
 .text._FAT_dirclose_r
                0x0201a808       0x20 C:/devkitPro/libnds/lib\libfat.a(fatdir.o)
                0x0201a808                _FAT_dirclose_r
 .text._FAT_directory_entryGetAlias
                0x0201a828       0xc8 C:/devkitPro/libnds/lib\libfat.a(directory.o)
 .text._FAT_directory_incrementDirEntryPosition
                0x0201a8f0       0x80 C:/devkitPro/libnds/lib\libfat.a(directory.o)
 .text._FAT_directory_mbsncasecmp
                0x0201a970       0xa8 C:/devkitPro/libnds/lib\libfat.a(directory.o)
 .text._FAT_directory_ucs2tombs.constprop.0
                0x0201aa18       0x90 C:/devkitPro/libnds/lib\libfat.a(directory.o)
 .text._FAT_directory_entryGetCluster
                0x0201aaa8       0x20 C:/devkitPro/libnds/lib\libfat.a(directory.o)
                0x0201aaa8                _FAT_directory_entryGetCluster
 .text._FAT_directory_getNextEntry
                0x0201aac8      0x23c C:/devkitPro/libnds/lib\libfat.a(directory.o)
                0x0201aac8                _FAT_directory_getNextEntry
 .text._FAT_directory_entryExists
                0x0201ad04       0x80 C:/devkitPro/libnds/lib\libfat.a(directory.o)
 .text._FAT_directory_getFirstEntry
                0x0201ad84       0x20 C:/devkitPro/libnds/lib\libfat.a(directory.o)
                0x0201ad84                _FAT_directory_getFirstEntry
 .text._FAT_directory_getRootEntry
                0x0201ada4       0x60 C:/devkitPro/libnds/lib\libfat.a(directory.o)
                0x0201ada4                _FAT_directory_getRootEntry
 .text._FAT_directory_entryFromPosition
                0x0201ae04      0x150 C:/devkitPro/libnds/lib\libfat.a(directory.o)
                0x0201ae04                _FAT_directory_entryFromPosition
 .text._FAT_directory_entryFromPath
                0x0201af54      0x248 C:/devkitPro/libnds/lib\libfat.a(directory.o)
                0x0201af54                _FAT_directory_entryFromPath
 .text._FAT_directory_removeEntry
                0x0201b19c       0xd8 C:/devkitPro/libnds/lib\libfat.a(directory.o)
                0x0201b19c                _FAT_directory_removeEntry
 .text._FAT_directory_addEntry
                0x0201b274      0x808 C:/devkitPro/libnds/lib\libfat.a(directory.o)
                0x0201b274                _FAT_directory_addEntry
 .text._FAT_directory_chdir
                0x0201ba7c       0x3c C:/devkitPro/libnds/lib\libfat.a(directory.o)
                0x0201ba7c                _FAT_directory_chdir
 .text._FAT_directory_entryStat
                0x0201bab8       0xe4 C:/devkitPro/libnds/lib\libfat.a(directory.o)
                0x0201bab8                _FAT_directory_entryStat
 .text.isValidMBR
                0x0201bb9c       0x5c C:/devkitPro/libnds/lib\libfat.a(partition.o)
 .text._FAT_updateFS_INFO
                0x0201bbf8       0x54 C:/devkitPro/libnds/lib\libfat.a(partition.o)
 .text.FindFirstValidPartition_buf.part.0
                0x0201bc4c      0x11c C:/devkitPro/libnds/lib\libfat.a(partition.o)
 .text._FAT_partition_getPartitionFromPath
                0x0201bd68       0x10 C:/devkitPro/libnds/lib\libfat.a(partition.o)
                0x0201bd68                _FAT_partition_getPartitionFromPath
 .text._FAT_partition_createFSinfo
                0x0201bd78       0x50 C:/devkitPro/libnds/lib\libfat.a(partition.o)
                0x0201bd78                _FAT_partition_createFSinfo
 .text._FAT_partition_readFSinfo.part.0
                0x0201bdc8       0x74 C:/devkitPro/libnds/lib\libfat.a(partition.o)
 .text._FAT_partition_constructor_buf
                0x0201be3c      0x2e8 C:/devkitPro/libnds/lib\libfat.a(partition.o)
                0x0201be3c                _FAT_partition_constructor_buf
 .text._FAT_partition_constructor
                0x0201c124       0x40 C:/devkitPro/libnds/lib\libfat.a(partition.o)
                0x0201c124                _FAT_partition_constructor
 .text._FAT_partition_readFSinfo
                0x0201c164       0x10 C:/devkitPro/libnds/lib\libfat.a(partition.o)
                0x0201c164                _FAT_partition_readFSinfo
 .text._FAT_lock_init
                0x0201c174        0x4 C:/devkitPro/libnds/lib\libfat.a(lock.o)
                0x0201c174                _FAT_lock_init
 .text._FAT_lock
                0x0201c178        0x4 C:/devkitPro/libnds/lib\libfat.a(lock.o)
                0x0201c178                _FAT_lock
 .text._FAT_unlock
                0x0201c17c        0x4 C:/devkitPro/libnds/lib\libfat.a(lock.o)
                0x0201c17c                _FAT_unlock
 .text._FAT_filetime_getTimeFromRTC
                0x0201c180       0x44 C:/devkitPro/libnds/lib\libfat.a(filetime.o)
                0x0201c180                _FAT_filetime_getTimeFromRTC
 .text._FAT_filetime_getDateFromRTC
                0x0201c1c4       0x44 C:/devkitPro/libnds/lib\libfat.a(filetime.o)
                0x0201c1c4                _FAT_filetime_getDateFromRTC
 .text._FAT_filetime_to_time_t
                0x0201c208       0x38 C:/devkitPro/libnds/lib\libfat.a(filetime.o)
                0x0201c208                _FAT_filetime_to_time_t
 .text._FAT_fat_writeFatEntry.part.0.isra.0
                0x0201c240      0x12c C:/devkitPro/libnds/lib\libfat.a(file_allocation_table.o)
 .text._FAT_fat_nextCluster
                0x0201c36c      0x108 C:/devkitPro/libnds/lib\libfat.a(file_allocation_table.o)
                0x0201c36c                _FAT_fat_nextCluster
 .text._FAT_fat_linkFreeCluster
                0x0201c474       0xac C:/devkitPro/libnds/lib\libfat.a(file_allocation_table.o)
                0x0201c474                _FAT_fat_linkFreeCluster
 .text._FAT_fat_linkFreeClusterCleared
                0x0201c520       0x68 C:/devkitPro/libnds/lib\libfat.a(file_allocation_table.o)
                0x0201c520                _FAT_fat_linkFreeClusterCleared
 .text._FAT_fat_clearLinks
                0x0201c588       0x7c C:/devkitPro/libnds/lib\libfat.a(file_allocation_table.o)
                0x0201c588                _FAT_fat_clearLinks
 .text._FAT_fat_trimChain
                0x0201c604       0x80 C:/devkitPro/libnds/lib\libfat.a(file_allocation_table.o)
                0x0201c604                _FAT_fat_trimChain
 .text._FAT_fat_lastCluster
                0x0201c684       0x34 C:/devkitPro/libnds/lib\libfat.a(file_allocation_table.o)
                0x0201c684                _FAT_fat_lastCluster
 .text._FAT_fat_freeClusterCount
                0x0201c6b8       0x2c C:/devkitPro/libnds/lib\libfat.a(file_allocation_table.o)
                0x0201c6b8                _FAT_fat_freeClusterCount
 .text.DynamicArrayInit
                0x0201c6e4       0x18 C:/devkitPro/libnds/lib\libnds9.a(dynamicArray.o)
                0x0201c6e4                DynamicArrayInit
 .text.DynamicArrayGet
                0x0201c6fc       0x18 C:/devkitPro/libnds/lib\libnds9.a(dynamicArray.o)
                0x0201c6fc                DynamicArrayGet
 .text.DynamicArraySet
                0x0201c714       0x48 C:/devkitPro/libnds/lib\libnds9.a(dynamicArray.o)
                0x0201c714                DynamicArraySet
 .text.tanLerp  0x0201c75c       0xb0 C:/devkitPro/libnds/lib\libnds9.a(trig.o)
                0x0201c75c                tanLerp
 .text.vramRestorePrimaryBanks
                0x0201c80c        0xc C:/devkitPro/libnds/lib\libnds9.a(video.o)
                0x0201c80c                vramRestorePrimaryBanks
 .text.vramRestoreBanks_EFG
                0x0201c818        0xc C:/devkitPro/libnds/lib\libnds9.a(video.o)
                0x0201c818                vramRestoreBanks_EFG
 .text.vramDefault
                0x0201c824       0xd0 C:/devkitPro/libnds/lib\libnds9.a(video.o)
                0x0201c824                vramDefault
 .text.touchRead
                0x0201c8f4       0x24 C:/devkitPro/libnds/lib\libnds9.a(touch.o)
                0x0201c8f4                touchRead
 .text.vramBlock__deallocateBlock.part.0
                0x0201c918      0x190 C:/devkitPro/libnds/lib\libnds9.a(videoGL.o)
 .text.glMaterialf
                0x0201caa8       0x7c C:/devkitPro/libnds/lib\libnds9.a(videoGL.o)
                0x0201caa8                glMaterialf
 .text.vramBlock_init
                0x0201cb24       0x5c C:/devkitPro/libnds/lib\libnds9.a(videoGL.o)
                0x0201cb24                vramBlock_init
 .text.vramBlock__allocateBlock
                0x0201cb80      0x178 C:/devkitPro/libnds/lib\libnds9.a(videoGL.o)
                0x0201cb80                vramBlock__allocateBlock
 .text.vramBlock_examineSpecial
                0x0201ccf8      0x238 C:/devkitPro/libnds/lib\libnds9.a(videoGL.o)
                0x0201ccf8                vramBlock_examineSpecial
 .text.vramBlock_allocateSpecial
                0x0201cf30       0x6c C:/devkitPro/libnds/lib\libnds9.a(videoGL.o)
                0x0201cf30                vramBlock_allocateSpecial
 .text.vramBlock_allocateBlock
                0x0201cf9c       0x30 C:/devkitPro/libnds/lib\libnds9.a(videoGL.o)
                0x0201cf9c                vramBlock_allocateBlock
 .text.vramBlock_deallocateBlock
                0x0201cfcc       0x48 C:/devkitPro/libnds/lib\libnds9.a(videoGL.o)
                0x0201cfcc                vramBlock_deallocateBlock
 .text.glInit_C
                0x0201d014      0x1cc C:/devkitPro/libnds/lib\libnds9.a(videoGL.o)
                0x0201d014                glInit_C
 .text.glGenTextures
                0x0201d1e0       0x80 C:/devkitPro/libnds/lib\libnds9.a(videoGL.o)
                0x0201d1e0                glGenTextures
 .text.vramGetBank
                0x0201d260       0xb8 C:/devkitPro/libnds/lib\libnds9.a(videoGL.o)
                0x0201d260                vramGetBank
 .text.glBindTexture
                0x0201d318       0x60 C:/devkitPro/libnds/lib\libnds9.a(videoGL.o)
                0x0201d318                glBindTexture
 .text.glGetTexturePointer
                0x0201d378       0x1c C:/devkitPro/libnds/lib\libnds9.a(videoGL.o)
                0x0201d378                glGetTexturePointer
 .text.glTexImage2D
                0x0201d394      0x40c C:/devkitPro/libnds/lib\libnds9.a(videoGL.o)
                0x0201d394                glTexImage2D
 .text.oamInit  0x0201d7a0      0x114 C:/devkitPro/libnds/lib\libnds9.a(sprite.o)
                0x0201d7a0                oamInit
 .text.oamUpdate
                0x0201d8b4       0x60 C:/devkitPro/libnds/lib\libnds9.a(sprite.o)
                0x0201d8b4                oamUpdate
 .text.scanKeys
                0x0201d914       0x8c C:/devkitPro/libnds/lib\libnds9.a(keys.o)
                0x0201d914                scanKeys
 .text.keysHeld
                0x0201d9a0        0xc C:/devkitPro/libnds/lib\libnds9.a(keys.o)
                0x0201d9a0                keysHeld
 .text.keysDown
                0x0201d9ac       0x14 C:/devkitPro/libnds/lib\libnds9.a(keys.o)
                0x0201d9ac                keysDown
 .text.dldiGetInternal
                0x0201d9c0       0x34 C:/devkitPro/libnds/lib\libnds9.a(dldi.o)
                0x0201d9c0                dldiGetInternal
 .text.get_io_dsisd
                0x0201d9f4       0x24 C:/devkitPro/libnds/lib\libnds9.a(dldi.o)
                0x0201d9f4                get_io_dsisd
 .text.__syscall_gettod_r
                0x0201da18       0x28 C:/devkitPro/libnds/lib\libnds9.a(initSystem.o)
                0x0201da18                __syscall_gettod_r
 .text.__syscall_exit
                0x0201da40        0x8 C:/devkitPro/libnds/lib\libnds9.a(initSystem.o)
                0x0201da40                __syscall_exit
 .text.initSystem
                0x0201da48      0x180 C:/devkitPro/libnds/lib\libnds9.a(initSystem.o)
                0x0201da48                initSystem
 .text.irqDummy
                0x0201dbc8        0x4 C:/devkitPro/libnds/lib\libnds9.a(interrupts.o)
                0x0201dbc8                irqDummy
 .text.irqSet   0x0201dbcc       0x6c C:/devkitPro/libnds/lib\libnds9.a(interrupts.o)
                0x0201dbcc                irqSet
 .text.irqInit  0x0201dc38       0x50 C:/devkitPro/libnds/lib\libnds9.a(interrupts.o)
                0x0201dc38                irqInit
 .text.irqEnable
                0x0201dc88       0x64 C:/devkitPro/libnds/lib\libnds9.a(interrupts.o)
                0x0201dc88                irqEnable
 .text.systemErrorExit
                0x0201dcec        0x4 C:/devkitPro/libnds/lib\libnds9.a(libnds_exit.arm.o)
                0x0201dcec                systemErrorExit
 .text.__libnds_exit
                0x0201dcf0       0x5c C:/devkitPro/libnds/lib\libnds9.a(libnds_exit.arm.o)
                0x0201dcf0                __libnds_exit
 .text.fifo_queueBlock
                0x0201dd4c       0x44 C:/devkitPro/libnds/lib\libnds9.a(fifosystem.o)
 .text.fifo_waitBlock
                0x0201dd90       0x80 C:/devkitPro/libnds/lib\libnds9.a(fifosystem.o)
 .text.fifoInternalSend.part.0
                0x0201de10       0xd4 C:/devkitPro/libnds/lib\libnds9.a(fifosystem.o)
 .text.fifoInternalSendInterrupt
                0x0201dee4       0xb0 C:/devkitPro/libnds/lib\libnds9.a(fifosystem.o)
 .text.fifoSetValue32Handler
                0x0201df94       0xd4 C:/devkitPro/libnds/lib\libnds9.a(fifosystem.o)
                0x0201df94                fifoSetValue32Handler
 .text.fifoSendValue32
                0x0201e068       0x4c C:/devkitPro/libnds/lib\libnds9.a(fifosystem.o)
                0x0201e068                fifoSendValue32
 .text.fifoSendDatamsg
                0x0201e0b4       0x90 C:/devkitPro/libnds/lib\libnds9.a(fifosystem.o)
                0x0201e0b4                fifoSendDatamsg
 .text.fifoGetValue32
                0x0201e144       0x70 C:/devkitPro/libnds/lib\libnds9.a(fifosystem.o)
                0x0201e144                fifoGetValue32
 .text.fifoGetDatamsg
                0x0201e1b4       0xf4 C:/devkitPro/libnds/lib\libnds9.a(fifosystem.o)
                0x0201e1b4                fifoGetDatamsg
 .text.fifoInternalRecvInterrupt
                0x0201e2a8      0x37c C:/devkitPro/libnds/lib\libnds9.a(fifosystem.o)
 .text.fifoSetDatamsgHandler
                0x0201e624       0x9c C:/devkitPro/libnds/lib\libnds9.a(fifosystem.o)
                0x0201e624                fifoSetDatamsgHandler
 .text.fifoCheckValue32
                0x0201e6c0       0x24 C:/devkitPro/libnds/lib\libnds9.a(fifosystem.o)
                0x0201e6c0                fifoCheckValue32
 .text.fifoInit
                0x0201e6e4      0x108 C:/devkitPro/libnds/lib\libnds9.a(fifosystem.o)
                0x0201e6e4                fifoInit
 .text.DC_FlushRange
                0x0201e7ec       0x24 C:/devkitPro/libnds/lib\libnds9.a(dcache.o)
                0x0201e7ec                DC_FlushRange
 .text.__libnds_mpu_setup
                0x0201e810      0x174 C:/devkitPro/libnds/lib\libnds9.a(mpu_setup.o)
                0x0201e810                __libnds_mpu_setup
 .text.memUncached
                0x0201e984       0x20 C:/devkitPro/libnds/lib\libnds9.a(mpu_setup.o)
                0x0201e984                memUncached
 .text.swiWaitForVBlank
                0x0201e9a4        0x8 C:/devkitPro/libnds/lib\libnds9.a(IntrWait.o)
                0x0201e9a4                swiWaitForVBlank
 .text.swiIntrWait
                0x0201e9ac       0x70 C:/devkitPro/libnds/lib\libnds9.a(IntrWait.o)
                0x0201e9ac                swiIntrWait
 .text.setCpuClock
                0x0201ea1c       0x50 C:/devkitPro/libnds/lib\libnds9.a(cpu_clock.o)
                0x0201ea1c                setCpuClock
 .text.swiDelay
                0x0201ea6c        0x4 C:/devkitPro/libnds/lib\libnds9.a(biosCalls.o)
                0x0201ea6c                swiDelay
 .text.swiCopy  0x0201ea70        0x4 C:/devkitPro/libnds/lib\libnds9.a(biosCalls.o)
                0x0201ea70                swiCopy
 .text.swiSoftReset
                0x0201ea74       0x2c C:/devkitPro/libnds/lib\libnds9.a(swiSoftReset.o)
                0x0201ea74                swiSoftReset
 .text.oamAllocReset
                0x0201eaa0       0x1c C:/devkitPro/libnds/lib\libnds9.a(sprite_alloc.o)
                0x0201eaa0                oamAllocReset
 .text.systemValueHandler
                0x0201eabc       0x48 C:/devkitPro/libnds/lib\libnds9.a(system.o)
                0x0201eabc                systemValueHandler
 .text.systemMsgHandler
                0x0201eb04       0x60 C:/devkitPro/libnds/lib\libnds9.a(system.o)
                0x0201eb04                systemMsgHandler
 .text.powerOn  0x0201eb64       0x2c C:/devkitPro/libnds/lib\libnds9.a(system.o)
                0x0201eb64                powerOn
 .text._ZdlPvj  0x0201eb90        0xc C:/devkitPro/devkitARM/bin/../lib/gcc/arm-none-eabi/13.2.0/../../../../arm-none-eabi/lib/thumb\libstdc++.a(del_ops.o)
                0x0201eb90                operator delete(void*, unsigned int)
 .text._ZdaPv   0x0201eb9c        0xc C:/devkitPro/devkitARM/bin/../lib/gcc/arm-none-eabi/13.2.0/../../../../arm-none-eabi/lib/thumb\libstdc++.a(del_opv.o)
                0x0201eb9c                operator delete[](void*)
 .text._Znwj    0x0201eba8       0x48 C:/devkitPro/devkitARM/bin/../lib/gcc/arm-none-eabi/13.2.0/../../../../arm-none-eabi/lib/thumb\libstdc++.a(new_op.o)
                0x0201eba8                operator new(unsigned int)
 .text._Znaj    0x0201ebf0        0xc C:/devkitPro/devkitARM/bin/../lib/gcc/arm-none-eabi/13.2.0/../../../../arm-none-eabi/lib/thumb\libstdc++.a(new_opv.o)
                0x0201ebf0                operator new[](unsigned int)
 .text._ZNKSt9bad_alloc4whatEv
                0x0201ebfc        0x8 C:/devkitPro/devkitARM/bin/../lib/gcc/arm-none-eabi/13.2.0/../../../../arm-none-eabi/lib/thumb\libstdc++.a(bad_alloc.o)
                0x0201ebfc                std::bad_alloc::what() const
 .text._ZNSt9bad_allocD2Ev
                0x0201ec04       0x18 C:/devkitPro/devkitARM/bin/../lib/gcc/arm-none-eabi/13.2.0/../../../../arm-none-eabi/lib/thumb\libstdc++.a(bad_alloc.o)
                0x0201ec04                std::bad_alloc::~bad_alloc()
                0x0201ec04                std::bad_alloc::~bad_alloc()
 .text._ZNSt9bad_allocD0Ev
                0x0201ec1c       0x20 C:/devkitPro/devkitARM/bin/../lib/gcc/arm-none-eabi/13.2.0/../../../../arm-none-eabi/lib/thumb\libstdc++.a(bad_alloc.o)
                0x0201ec1c                std::bad_alloc::~bad_alloc()
 .text._ZdlPv   0x0201ec3c        0xc C:/devkitPro/devkitARM/bin/../lib/gcc/arm-none-eabi/13.2.0/../../../../arm-none-eabi/lib/thumb\libstdc++.a(del_op.o)
                0x0201ec3c                operator delete(void*)
 .text._ZNK9__gnu_cxx24__concurrence_lock_error4whatEv
                0x0201ec48        0x8 C:/devkitPro/devkitARM/bin/../lib/gcc/arm-none-eabi/13.2.0/../../../../arm-none-eabi/lib/thumb\libstdc++.a(eh_alloc.o)
                0x0201ec48                __gnu_cxx::__concurrence_lock_error::what() const
 .text._ZNK9__gnu_cxx26__concurrence_unlock_error4whatEv
                0x0201ec50        0x8 C:/devkitPro/devkitARM/bin/../lib/gcc/arm-none-eabi/13.2.0/../../../../arm-none-eabi/lib/thumb\libstdc++.a(eh_alloc.o)
                0x0201ec50                __gnu_cxx::__concurrence_unlock_error::what() const
 .text._ZN9__gnu_cxx24__concurrence_lock_errorD2Ev
                0x0201ec58       0x18 C:/devkitPro/devkitARM/bin/../lib/gcc/arm-none-eabi/13.2.0/../../../../arm-none-eabi/lib/thumb\libstdc++.a(eh_alloc.o)
                0x0201ec58                __gnu_cxx::__concurrence_lock_error::~__concurrence_lock_error()
                0x0201ec58                __gnu_cxx::__concurrence_lock_error::~__concurrence_lock_error()
 .text._ZN9__gnu_cxx24__concurrence_lock_errorD0Ev
                0x0201ec70       0x20 C:/devkitPro/devkitARM/bin/../lib/gcc/arm-none-eabi/13.2.0/../../../../arm-none-eabi/lib/thumb\libstdc++.a(eh_alloc.o)
                0x0201ec70                __gnu_cxx::__concurrence_lock_error::~__concurrence_lock_error()
 .text._ZN9__gnu_cxx26__concurrence_unlock_errorD2Ev
                0x0201ec90       0x18 C:/devkitPro/devkitARM/bin/../lib/gcc/arm-none-eabi/13.2.0/../../../../arm-none-eabi/lib/thumb\libstdc++.a(eh_alloc.o)
                0x0201ec90                __gnu_cxx::__concurrence_unlock_error::~__concurrence_unlock_error()
                0x0201ec90                __gnu_cxx::__concurrence_unlock_error::~__concurrence_unlock_error()
 .text._ZN9__gnu_cxx26__concurrence_unlock_errorD0Ev
                0x0201eca8       0x20 C:/devkitPro/devkitARM/bin/../lib/gcc/arm-none-eabi/13.2.0/../../../../arm-none-eabi/lib/thumb\libstdc++.a(eh_alloc.o)
                0x0201eca8                __gnu_cxx::__concurrence_unlock_error::~__concurrence_unlock_error()
 .text.unlikely._ZN9__gnu_cxx30__throw_concurrence_lock_errorEv
                0x0201ecc8       0x20 C:/devkitPro/devkitARM/bin/../lib/gcc/arm-none-eabi/13.2.0/../../../../arm-none-eabi/lib/thumb\libstdc++.a(eh_alloc.o)
                0x0201ecc8                __gnu_cxx::__throw_concurrence_lock_error()
 .text.unlikely._ZN9__gnu_cxx32__throw_concurrence_unlock_errorEv
                0x0201ece8       0x20 C:/devkitPro/devkitARM/bin/../lib/gcc/arm-none-eabi/13.2.0/../../../../arm-none-eabi/lib/thumb\libstdc++.a(eh_alloc.o)
                0x0201ece8                __gnu_cxx::__throw_concurrence_unlock_error()
 .text._ZN12_GLOBAL__N_14pool4freeEPv.constprop.0
                0x0201ed08       0xa8 C:/devkitPro/devkitARM/bin/../lib/gcc/arm-none-eabi/13.2.0/../../../../arm-none-eabi/lib/thumb\libstdc++.a(eh_alloc.o)
 .text._ZN12_GLOBAL__N_14pool8allocateEj.constprop.0
                0x0201edb0       0x84 C:/devkitPro/devkitARM/bin/../lib/gcc/arm-none-eabi/13.2.0/../../../../arm-none-eabi/lib/thumb\libstdc++.a(eh_alloc.o)
 .text.__cxa_allocate_exception
                0x0201ee34       0x30 C:/devkitPro/devkitARM/bin/../lib/gcc/arm-none-eabi/13.2.0/../../../../arm-none-eabi/lib/thumb\libstdc++.a(eh_alloc.o)
                0x0201ee34                __cxa_allocate_exception
 .text.__cxa_free_exception
                0x0201ee64       0x28 C:/devkitPro/devkitARM/bin/../lib/gcc/arm-none-eabi/13.2.0/../../../../arm-none-eabi/lib/thumb\libstdc++.a(eh_alloc.o)
                0x0201ee64                __cxa_free_exception
 .text.startup._GLOBAL__sub_I__ZN9__gnu_cxx9__freeresEv
                0x0201ee8c      0x120 C:/devkitPro/devkitARM/bin/../lib/gcc/arm-none-eabi/13.2.0/../../../../arm-none-eabi/lib/thumb\libstdc++.a(eh_alloc.o)
 .text._ZNSt9exceptionD2Ev
                0x0201efac        0x4 C:/devkitPro/devkitARM/bin/../lib/gcc/arm-none-eabi/13.2.0/../../../../arm-none-eabi/lib/thumb\libstdc++.a(eh_exception.o)
                0x0201efac                std::exception::~exception()
                0x0201efac                std::exception::~exception()
 .text._ZNSt13bad_exceptionD2Ev
                0x0201efb0        0x4 C:/devkitPro/devkitARM/bin/../lib/gcc/arm-none-eabi/13.2.0/../../../../arm-none-eabi/lib/thumb\libstdc++.a(eh_exception.o)
                0x0201efb0                std::bad_exception::~bad_exception()
                0x0201efb0                std::bad_exception::~bad_exception()
 .text._ZNKSt9exception4whatEv
                0x0201efb4        0x8 C:/devkitPro/devkitARM/bin/../lib/gcc/arm-none-eabi/13.2.0/../../../../arm-none-eabi/lib/thumb\libstdc++.a(eh_exception.o)
                0x0201efb4                std::exception::what() const
                0x0201efb4                transaction clone for std::exception::what() const
 .text._ZNKSt13bad_exception4whatEv
                0x0201efbc        0x8 C:/devkitPro/devkitARM/bin/../lib/gcc/arm-none-eabi/13.2.0/../../../../arm-none-eabi/lib/thumb\libstdc++.a(eh_exception.o)
                0x0201efbc                std::bad_exception::what() const
                0x0201efbc                transaction clone for std::bad_exception::what() const
 .text._ZNSt13bad_exceptionD0Ev
                0x0201efc4       0x14 C:/devkitPro/devkitARM/bin/../lib/gcc/arm-none-eabi/13.2.0/../../../../arm-none-eabi/lib/thumb\libstdc++.a(eh_exception.o)
                0x0201efc4                std::bad_exception::~bad_exception()
 .text._ZL28read_encoded_value_with_basehjPKhPj
                0x0201efd8      0x104 C:/devkitPro/devkitARM/bin/../lib/gcc/arm-none-eabi/13.2.0/../../../../arm-none-eabi/lib/thumb\libstdc++.a(eh_personality.o)
 .text._ZL21base_of_encoded_valuehP15_Unwind_Context
                0x0201f0dc       0x44 C:/devkitPro/devkitARM/bin/../lib/gcc/arm-none-eabi/13.2.0/../../../../arm-none-eabi/lib/thumb\libstdc++.a(eh_personality.o)
 .text._ZL17parse_lsda_headerP15_Unwind_ContextPKhP16lsda_header_info
                0x0201f120       0x94 C:/devkitPro/devkitARM/bin/../lib/gcc/arm-none-eabi/13.2.0/../../../../arm-none-eabi/lib/thumb\libstdc++.a(eh_personality.o)
 .text.__gxx_personality_v0
                0x0201f1b4      0x490 C:/devkitPro/devkitARM/bin/../lib/gcc/arm-none-eabi/13.2.0/../../../../arm-none-eabi/lib/thumb\libstdc++.a(eh_personality.o)
                0x0201f1b4                __gxx_personality_v0
 .text._ZN10__cxxabiv111__terminateEPFvvE
                0x0201f644       0x14 C:/devkitPro/devkitARM/bin/../lib/gcc/arm-none-eabi/13.2.0/../../../../arm-none-eabi/lib/thumb\libstdc++.a(eh_terminate.o)
                0x0201f644                __cxxabiv1::__terminate(void (*)())
 .text._ZSt13get_terminatev
                0x0201f658       0x40 C:/devkitPro/devkitARM/bin/../lib/gcc/arm-none-eabi/13.2.0/../../../../arm-none-eabi/lib/thumb\libstdc++.a(eh_terminate.o)
                0x0201f658                std::get_terminate()
 .text._ZSt9terminatev
                0x0201f698        0xc C:/devkitPro/devkitARM/bin/../lib/gcc/arm-none-eabi/13.2.0/../../../../arm-none-eabi/lib/thumb\libstdc++.a(eh_terminate.o)
                0x0201f698                std::terminate()
 .text._ZN10__cxxabiv112__unexpectedEPFvvE
                0x0201f6a4        0xc C:/devkitPro/devkitARM/bin/../lib/gcc/arm-none-eabi/13.2.0/../../../../arm-none-eabi/lib/thumb\libstdc++.a(eh_terminate.o)
                0x0201f6a4                __cxxabiv1::__unexpected(void (*)())
 .text._ZSt14get_unexpectedv
                0x0201f6b0       0x40 C:/devkitPro/devkitARM/bin/../lib/gcc/arm-none-eabi/13.2.0/../../../../arm-none-eabi/lib/thumb\libstdc++.a(eh_terminate.o)
                0x0201f6b0                std::get_unexpected()
 .text._ZSt10unexpectedv
                0x0201f6f0        0xc C:/devkitPro/devkitARM/bin/../lib/gcc/arm-none-eabi/13.2.0/../../../../arm-none-eabi/lib/thumb\libstdc++.a(eh_terminate.o)
                0x0201f6f0                std::unexpected()
 .text.startup._GLOBAL__sub_I__ZN10__cxxabiv111__terminateEPFvvE
                0x0201f6fc       0x18 C:/devkitPro/devkitARM/bin/../lib/gcc/arm-none-eabi/13.2.0/../../../../arm-none-eabi/lib/thumb\libstdc++.a(eh_terminate.o)
 .text._ZL23__gxx_exception_cleanup19_Unwind_Reason_CodeP21_Unwind_Control_Block
                0x0201f714       0x58 C:/devkitPro/devkitARM/bin/../lib/gcc/arm-none-eabi/13.2.0/../../../../arm-none-eabi/lib/thumb\libstdc++.a(eh_throw.o)
 .text.__cxa_init_primary_exception
                0x0201f76c       0x50 C:/devkitPro/devkitARM/bin/../lib/gcc/arm-none-eabi/13.2.0/../../../../arm-none-eabi/lib/thumb\libstdc++.a(eh_throw.o)
                0x0201f76c                __cxa_init_primary_exception
 .text.__cxa_throw
                0x0201f7bc       0x34 C:/devkitPro/devkitARM/bin/../lib/gcc/arm-none-eabi/13.2.0/../../../../arm-none-eabi/lib/thumb\libstdc++.a(eh_throw.o)
                0x0201f7bc                __cxa_throw
 .text.__cxa_rethrow
                0x0201f7f0       0x70 C:/devkitPro/devkitARM/bin/../lib/gcc/arm-none-eabi/13.2.0/../../../../arm-none-eabi/lib/thumb\libstdc++.a(eh_throw.o)
                0x0201f7f0                __cxa_rethrow
 .text._ZSt15get_new_handlerv
                0x0201f860       0x40 C:/devkitPro/devkitARM/bin/../lib/gcc/arm-none-eabi/13.2.0/../../../../arm-none-eabi/lib/thumb\libstdc++.a(new_handler.o)
                0x0201f860                std::get_new_handler()
 .text.startup._GLOBAL__sub_I__ZSt7nothrow
                0x0201f8a0       0x18 C:/devkitPro/devkitARM/bin/../lib/gcc/arm-none-eabi/13.2.0/../../../../arm-none-eabi/lib/thumb\libstdc++.a(new_handler.o)
 .text._ZN10__cxxabiv120__si_class_type_infoD2Ev
                0x0201f8b8       0x18 C:/devkitPro/devkitARM/bin/../lib/gcc/arm-none-eabi/13.2.0/../../../../arm-none-eabi/lib/thumb\libstdc++.a(si_class_type_info.o)
                0x0201f8b8                __cxxabiv1::__si_class_type_info::~__si_class_type_info()
                0x0201f8b8                __cxxabiv1::__si_class_type_info::~__si_class_type_info()
 .text._ZN10__cxxabiv120__si_class_type_infoD0Ev
                0x0201f8d0       0x20 C:/devkitPro/devkitARM/bin/../lib/gcc/arm-none-eabi/13.2.0/../../../../arm-none-eabi/lib/thumb\libstdc++.a(si_class_type_info.o)
                0x0201f8d0                __cxxabiv1::__si_class_type_info::~__si_class_type_info()
 .text._ZNK10__cxxabiv120__si_class_type_info12__do_dyncastEiNS_17__class_type_info10__sub_kindEPKS1_PKvS4_S6_RNS1_16__dyncast_resultE
                0x0201f8f0       0xd8 C:/devkitPro/devkitARM/bin/../lib/gcc/arm-none-eabi/13.2.0/../../../../arm-none-eabi/lib/thumb\libstdc++.a(si_class_type_info.o)
                0x0201f8f0                __cxxabiv1::__si_class_type_info::__do_dyncast(int, __cxxabiv1::__class_type_info::__sub_kind, __cxxabiv1::__class_type_info const*, void const*, __cxxabiv1::__class_type_info const*, void const*, __cxxabiv1::__class_type_info::__dyncast_result&) const
 .text._ZNK10__cxxabiv120__si_class_type_info20__do_find_public_srcEiPKvPKNS_17__class_type_infoES2_
                0x0201f9c8       0x5c C:/devkitPro/devkitARM/bin/../lib/gcc/arm-none-eabi/13.2.0/../../../../arm-none-eabi/lib/thumb\libstdc++.a(si_class_type_info.o)
                0x0201f9c8                __cxxabiv1::__si_class_type_info::__do_find_public_src(int, void const*, __cxxabiv1::__class_type_info const*, void const*) const
 .text._ZNK10__cxxabiv120__si_class_type_info11__do_upcastEPKNS_17__class_type_infoEPKvRNS1_15__upcast_resultE
                0x0201fa24       0x2c C:/devkitPro/devkitARM/bin/../lib/gcc/arm-none-eabi/13.2.0/../../../../arm-none-eabi/lib/thumb\libstdc++.a(si_class_type_info.o)
                0x0201fa24                __cxxabiv1::__si_class_type_info::__do_upcast(__cxxabiv1::__class_type_info const*, void const*, __cxxabiv1::__class_type_info::__upcast_result&) const
 .text._ZNSt9type_infoD2Ev
                0x0201fa50        0x4 C:/devkitPro/devkitARM/bin/../lib/gcc/arm-none-eabi/13.2.0/../../../../arm-none-eabi/lib/thumb\libstdc++.a(tinfo.o)
                0x0201fa50                std::type_info::~type_info()
                0x0201fa50                std::type_info::~type_info()
 .text._ZNKSt9type_info14__is_pointer_pEv
                0x0201fa54        0x4 C:/devkitPro/devkitARM/bin/../lib/gcc/arm-none-eabi/13.2.0/../../../../arm-none-eabi/lib/thumb\libstdc++.a(tinfo.o)
                0x0201fa54                std::type_info::__is_pointer_p() const
                0x0201fa54                std::type_info::__is_function_p() const
 .text._ZN9__gnu_cxx18__exchange_and_addEPVii
                0x0201fa58       0x9c C:/devkitPro/devkitARM/bin/../lib/gcc/arm-none-eabi/13.2.0/../../../../arm-none-eabi/lib/thumb\libstdc++.a(atomicity.o)
                0x0201fa58                __gnu_cxx::__exchange_and_add(int volatile*, int)
 .text._ZNK10__cxxabiv117__class_type_info11__do_upcastEPKS0_PPv
                0x0201faf4       0x3c C:/devkitPro/devkitARM/bin/../lib/gcc/arm-none-eabi/13.2.0/../../../../arm-none-eabi/lib/thumb\libstdc++.a(class_type_info.o)
                0x0201faf4                __cxxabiv1::__class_type_info::__do_upcast(__cxxabiv1::__class_type_info const*, void**) const
 .text._ZNK10__cxxabiv117__class_type_info20__do_find_public_srcEiPKvPKS0_S2_
                0x0201fb30       0x14 C:/devkitPro/devkitARM/bin/../lib/gcc/arm-none-eabi/13.2.0/../../../../arm-none-eabi/lib/thumb\libstdc++.a(class_type_info.o)
                0x0201fb30                __cxxabiv1::__class_type_info::__do_find_public_src(int, void const*, __cxxabiv1::__class_type_info const*, void const*) const
 .text._ZN10__cxxabiv117__class_type_infoD2Ev
                0x0201fb44       0x18 C:/devkitPro/devkitARM/bin/../lib/gcc/arm-none-eabi/13.2.0/../../../../arm-none-eabi/lib/thumb\libstdc++.a(class_type_info.o)
                0x0201fb44                __cxxabiv1::__class_type_info::~__class_type_info()
                0x0201fb44                __cxxabiv1::__class_type_info::~__class_type_info()
 .text._ZN10__cxxabiv117__class_type_infoD0Ev
                0x0201fb5c       0x20 C:/devkitPro/devkitARM/bin/../lib/gcc/arm-none-eabi/13.2.0/../../../../arm-none-eabi/lib/thumb\libstdc++.a(class_type_info.o)
                0x0201fb5c                __cxxabiv1::__class_type_info::~__class_type_info()
 .text._ZNK10__cxxabiv117__class_type_info11__do_upcastEPKS0_PKvRNS0_15__upcast_resultE
                0x0201fb7c       0x3c C:/devkitPro/devkitARM/bin/../lib/gcc/arm-none-eabi/13.2.0/../../../../arm-none-eabi/lib/thumb\libstdc++.a(class_type_info.o)
                0x0201fb7c                __cxxabiv1::__class_type_info::__do_upcast(__cxxabiv1::__class_type_info const*, void const*, __cxxabiv1::__class_type_info::__upcast_result&) const
 .text._ZNK10__cxxabiv117__class_type_info10__do_catchEPKSt9type_infoPPvj
                0x0201fbb8       0x54 C:/devkitPro/devkitARM/bin/../lib/gcc/arm-none-eabi/13.2.0/../../../../arm-none-eabi/lib/thumb\libstdc++.a(class_type_info.o)
                0x0201fbb8                __cxxabiv1::__class_type_info::__do_catch(std::type_info const*, void**, unsigned int) const
 .text._ZNK10__cxxabiv117__class_type_info12__do_dyncastEiNS0_10__sub_kindEPKS0_PKvS3_S5_RNS0_16__dyncast_resultE
                0x0201fc0c       0x80 C:/devkitPro/devkitARM/bin/../lib/gcc/arm-none-eabi/13.2.0/../../../../arm-none-eabi/lib/thumb\libstdc++.a(class_type_info.o)
                0x0201fc0c                __cxxabiv1::__class_type_info::__do_dyncast(int, __cxxabiv1::__class_type_info::__sub_kind, __cxxabiv1::__class_type_info const*, void const*, __cxxabiv1::__class_type_info const*, void const*, __cxxabiv1::__class_type_info::__dyncast_result&) const
 .text.__cxa_end_cleanup
                0x0201fc8c        0xc C:/devkitPro/devkitARM/bin/../lib/gcc/arm-none-eabi/13.2.0/../../../../arm-none-eabi/lib/thumb\libstdc++.a(eh_arm.o)
                0x0201fc8c                __cxa_end_cleanup
 .text.__cxa_type_match
                0x0201fc98       0xcc C:/devkitPro/devkitARM/bin/../lib/gcc/arm-none-eabi/13.2.0/../../../../arm-none-eabi/lib/thumb\libstdc++.a(eh_arm.o)
                0x0201fc98                __cxa_type_match
 .text.__cxa_begin_cleanup
                0x0201fd64       0x64 C:/devkitPro/devkitARM/bin/../lib/gcc/arm-none-eabi/13.2.0/../../../../arm-none-eabi/lib/thumb\libstdc++.a(eh_arm.o)
                0x0201fd64                __cxa_begin_cleanup
 .text.__gnu_end_cleanup
                0x0201fdc8       0x74 C:/devkitPro/devkitARM/bin/../lib/gcc/arm-none-eabi/13.2.0/../../../../arm-none-eabi/lib/thumb\libstdc++.a(eh_arm.o)
                0x0201fdc8                __gnu_end_cleanup
 .text._ZN10__cxxabiv1L24__is_gxx_exception_classEPc
                0x0201fe3c       0x3c C:/devkitPro/devkitARM/bin/../lib/gcc/arm-none-eabi/13.2.0/../../../../arm-none-eabi/lib/thumb\libstdc++.a(eh_call.o)
 .text.__cxa_call_terminate
                0x0201fe78       0x20 C:/devkitPro/devkitARM/bin/../lib/gcc/arm-none-eabi/13.2.0/../../../../arm-none-eabi/lib/thumb\libstdc++.a(eh_call.o)
                0x0201fe78                __cxa_call_terminate
 .text.unlikely.__cxa_call_unexpected
                0x0201fe98      0x104 C:/devkitPro/devkitARM/bin/../lib/gcc/arm-none-eabi/13.2.0/../../../../arm-none-eabi/lib/thumb\libstdc++.a(eh_call.o)
                0x0201fe98                __cxa_call_unexpected
 .text.__cxa_begin_catch
                0x0201ff9c       0x78 C:/devkitPro/devkitARM/bin/../lib/gcc/arm-none-eabi/13.2.0/../../../../arm-none-eabi/lib/thumb\libstdc++.a(eh_catch.o)
                0x0201ff9c                __cxa_begin_catch
 .text.__cxa_end_catch
                0x02020014       0x94 C:/devkitPro/devkitARM/bin/../lib/gcc/arm-none-eabi/13.2.0/../../../../arm-none-eabi/lib/thumb\libstdc++.a(eh_catch.o)
                0x02020014                __cxa_end_catch
 .text._ZL15eh_globals_dtorPv
                0x020200a8       0x28 C:/devkitPro/devkitARM/bin/../lib/gcc/arm-none-eabi/13.2.0/../../../../arm-none-eabi/lib/thumb\libstdc++.a(eh_globals.o)
 .text.__cxa_get_globals_fast
                0x020200d0       0x28 C:/devkitPro/devkitARM/bin/../lib/gcc/arm-none-eabi/13.2.0/../../../../arm-none-eabi/lib/thumb\libstdc++.a(eh_globals.o)
                0x020200d0                __cxa_get_globals_fast
 .text.__cxa_get_globals
                0x020200f8       0x50 C:/devkitPro/devkitARM/bin/../lib/gcc/arm-none-eabi/13.2.0/../../../../arm-none-eabi/lib/thumb\libstdc++.a(eh_globals.o)
                0x020200f8                __cxa_get_globals
 .text.startup._GLOBAL__sub_I__ZN17__eh_globals_init7_S_initE
                0x02020148       0x30 C:/devkitPro/devkitARM/bin/../lib/gcc/arm-none-eabi/13.2.0/../../../../arm-none-eabi/lib/thumb\libstdc++.a(eh_globals.o)
 .text.exit._GLOBAL__sub_D__ZN17__eh_globals_init7_S_initE
                0x02020178       0x28 C:/devkitPro/devkitARM/bin/../lib/gcc/arm-none-eabi/13.2.0/../../../../arm-none-eabi/lib/thumb\libstdc++.a(eh_globals.o)
 .text._ZNK9__gnu_cxx29__concurrence_broadcast_error4whatEv
                0x020201a0        0x8 C:/devkitPro/devkitARM/bin/../lib/gcc/arm-none-eabi/13.2.0/../../../../arm-none-eabi/lib/thumb\libstdc++.a(guard.o)
                0x020201a0                __gnu_cxx::__concurrence_broadcast_error::what() const
 .text._ZNK9__gnu_cxx24__concurrence_wait_error4whatEv
                0x020201a8        0x8 C:/devkitPro/devkitARM/bin/../lib/gcc/arm-none-eabi/13.2.0/../../../../arm-none-eabi/lib/thumb\libstdc++.a(guard.o)
                0x020201a8                __gnu_cxx::__concurrence_wait_error::what() const
 .text._ZN12_GLOBAL__N_1L4initEv
                0x020201b0       0x20 C:/devkitPro/devkitARM/bin/../lib/gcc/arm-none-eabi/13.2.0/../../../../arm-none-eabi/lib/thumb\libstdc++.a(guard.o)
 .text._ZN12_GLOBAL__N_1L16init_static_condEv
                0x020201d0       0x18 C:/devkitPro/devkitARM/bin/../lib/gcc/arm-none-eabi/13.2.0/../../../../arm-none-eabi/lib/thumb\libstdc++.a(guard.o)
 .text._ZN9__gnu_cxx24__concurrence_wait_errorD2Ev
                0x020201e8       0x18 C:/devkitPro/devkitARM/bin/../lib/gcc/arm-none-eabi/13.2.0/../../../../arm-none-eabi/lib/thumb\libstdc++.a(guard.o)
                0x020201e8                __gnu_cxx::__concurrence_wait_error::~__concurrence_wait_error()
                0x020201e8                __gnu_cxx::__concurrence_wait_error::~__concurrence_wait_error()
 .text._ZN9__gnu_cxx24__concurrence_wait_errorD0Ev
                0x02020200       0x20 C:/devkitPro/devkitARM/bin/../lib/gcc/arm-none-eabi/13.2.0/../../../../arm-none-eabi/lib/thumb\libstdc++.a(guard.o)
                0x02020200                __gnu_cxx::__concurrence_wait_error::~__concurrence_wait_error()
 .text._ZN9__gnu_cxx29__concurrence_broadcast_errorD2Ev
                0x02020220       0x18 C:/devkitPro/devkitARM/bin/../lib/gcc/arm-none-eabi/13.2.0/../../../../arm-none-eabi/lib/thumb\libstdc++.a(guard.o)
                0x02020220                __gnu_cxx::__concurrence_broadcast_error::~__concurrence_broadcast_error()
                0x02020220                __gnu_cxx::__concurrence_broadcast_error::~__concurrence_broadcast_error()
 .text._ZN9__gnu_cxx29__concurrence_broadcast_errorD0Ev
                0x02020238       0x20 C:/devkitPro/devkitARM/bin/../lib/gcc/arm-none-eabi/13.2.0/../../../../arm-none-eabi/lib/thumb\libstdc++.a(guard.o)
                0x02020238                __gnu_cxx::__concurrence_broadcast_error::~__concurrence_broadcast_error()
 .text.unlikely._ZN9__gnu_cxx35__throw_concurrence_broadcast_errorEv
                0x02020258       0x20 C:/devkitPro/devkitARM/bin/../lib/gcc/arm-none-eabi/13.2.0/../../../../arm-none-eabi/lib/thumb\libstdc++.a(guard.o)
                0x02020258                __gnu_cxx::__throw_concurrence_broadcast_error()
 .text.__cxa_guard_acquire
                0x02020278      0x12c C:/devkitPro/devkitARM/bin/../lib/gcc/arm-none-eabi/13.2.0/../../../../arm-none-eabi/lib/thumb\libstdc++.a(guard.o)
                0x02020278                __cxa_guard_acquire
 .text.__cxa_guard_release
                0x020203a4       0x80 C:/devkitPro/devkitARM/bin/../lib/gcc/arm-none-eabi/13.2.0/../../../../arm-none-eabi/lib/thumb\libstdc++.a(guard.o)
                0x020203a4                __cxa_guard_release
 .text._ZN9__gnu_cxx20recursive_init_errorD2Ev
                0x02020424       0x18 C:/devkitPro/devkitARM/bin/../lib/gcc/arm-none-eabi/13.2.0/../../../../arm-none-eabi/lib/thumb\libstdc++.a(guard_error.o)
                0x02020424                __gnu_cxx::recursive_init_error::~recursive_init_error()
                0x02020424                __gnu_cxx::recursive_init_error::~recursive_init_error()
 .text._ZN9__gnu_cxx20recursive_init_errorD0Ev
                0x0202043c       0x20 C:/devkitPro/devkitARM/bin/../lib/gcc/arm-none-eabi/13.2.0/../../../../arm-none-eabi/lib/thumb\libstdc++.a(guard_error.o)
                0x0202043c                __gnu_cxx::recursive_init_error::~recursive_init_error()
 .text._ZN9__gnu_cxx20recursive_init_errorC2Ev
                0x0202045c        0xc C:/devkitPro/devkitARM/bin/../lib/gcc/arm-none-eabi/13.2.0/../../../../arm-none-eabi/lib/thumb\libstdc++.a(guard_error.o)
                0x0202045c                __gnu_cxx::recursive_init_error::recursive_init_error()
                0x0202045c                __gnu_cxx::recursive_init_error::recursive_init_error()
 .text.exp      0x02020468       0x74 C:/devkitPro/devkitARM/bin/../lib/gcc/arm-none-eabi/13.2.0/../../../../arm-none-eabi/lib/thumb\libm.a(libm_a-w_exp.o)
                0x02020468                exp
 .text.__ieee754_exp
                0x020204dc      0x350 C:/devkitPro/devkitARM/bin/../lib/gcc/arm-none-eabi/13.2.0/../../../../arm-none-eabi/lib/thumb\libm.a(libm_a-e_exp.o)
                0x020204dc                __ieee754_exp
 .text.finite   0x0202082c       0x14 C:/devkitPro/devkitARM/bin/../lib/gcc/arm-none-eabi/13.2.0/../../../../arm-none-eabi/lib/thumb\libm.a(libm_a-s_finite.o)
                0x0202082c                finite
 .text.with_errno
                0x02020840       0x18 C:/devkitPro/devkitARM/bin/../lib/gcc/arm-none-eabi/13.2.0/../../../../arm-none-eabi/lib/thumb\libm.a(libm_a-math_err.o)
 .text.xflow    0x02020858       0x30 C:/devkitPro/devkitARM/bin/../lib/gcc/arm-none-eabi/13.2.0/../../../../arm-none-eabi/lib/thumb\libm.a(libm_a-math_err.o)
 .text.__math_uflow
                0x02020888       0x14 C:/devkitPro/devkitARM/bin/../lib/gcc/arm-none-eabi/13.2.0/../../../../arm-none-eabi/lib/thumb\libm.a(libm_a-math_err.o)
                0x02020888                __math_uflow
 .text.__math_oflow
                0x0202089c       0x14 C:/devkitPro/devkitARM/bin/../lib/gcc/arm-none-eabi/13.2.0/../../../../arm-none-eabi/lib/thumb\libm.a(libm_a-math_err.o)
                0x0202089c                __math_oflow
 .text.__muldi3
                0x020208b0       0x64 C:/devkitPro/devkitARM/bin/../lib/gcc/arm-none-eabi/13.2.0/thumb\libgcc.a(_muldi3.o)
                0x020208b0                __muldi3
                0x020208b0                __aeabi_lmul
 .text.__udivmoddi4
                0x02020914      0x19c C:/devkitPro/devkitARM/bin/../lib/gcc/arm-none-eabi/13.2.0/thumb\libgcc.a(_udivmoddi4.o)
                0x02020914                __udivmoddi4
 .text.selfrel_offset31
                0x02020ab0       0x18 C:/devkitPro/devkitARM/bin/../lib/gcc/arm-none-eabi/13.2.0/thumb\libgcc.a(unwind-arm.o)
 .text.search_EIT_table
                0x02020ac8       0x74 C:/devkitPro/devkitARM/bin/../lib/gcc/arm-none-eabi/13.2.0/thumb\libgcc.a(unwind-arm.o)
 .text.__gnu_unwind_get_pr_addr
                0x02020b3c       0x28 C:/devkitPro/devkitARM/bin/../lib/gcc/arm-none-eabi/13.2.0/thumb\libgcc.a(unwind-arm.o)
 .text.get_eit_entry
                0x02020b64       0x98 C:/devkitPro/devkitARM/bin/../lib/gcc/arm-none-eabi/13.2.0/thumb\libgcc.a(unwind-arm.o)
 .text.restore_non_core_regs
                0x02020bfc       0x60 C:/devkitPro/devkitARM/bin/../lib/gcc/arm-none-eabi/13.2.0/thumb\libgcc.a(unwind-arm.o)
 .text._Unwind_decode_typeinfo_ptr.constprop.0
                0x02020c5c        0xc C:/devkitPro/devkitARM/bin/../lib/gcc/arm-none-eabi/13.2.0/thumb\libgcc.a(unwind-arm.o)
 .text._Unwind_DebugHook
                0x02020c68        0x4 C:/devkitPro/devkitARM/bin/../lib/gcc/arm-none-eabi/13.2.0/thumb\libgcc.a(unwind-arm.o)
 .text.unwind_phase2
                0x02020c6c       0x40 C:/devkitPro/devkitARM/bin/../lib/gcc/arm-none-eabi/13.2.0/thumb\libgcc.a(unwind-arm.o)
 .text.unwind_phase2_forced
                0x02020cac       0xd8 C:/devkitPro/devkitARM/bin/../lib/gcc/arm-none-eabi/13.2.0/thumb\libgcc.a(unwind-arm.o)
 .text.__gnu_Unwind_RaiseException
                0x02020d84       0x58 C:/devkitPro/devkitARM/bin/../lib/gcc/arm-none-eabi/13.2.0/thumb\libgcc.a(unwind-arm.o)
                0x02020d84                __gnu_Unwind_RaiseException
 .text.__gnu_Unwind_ForcedUnwind
                0x02020ddc       0x18 C:/devkitPro/devkitARM/bin/../lib/gcc/arm-none-eabi/13.2.0/thumb\libgcc.a(unwind-arm.o)
                0x02020ddc                __gnu_Unwind_ForcedUnwind
 .text.__gnu_Unwind_Resume
                0x02020df4       0x4c C:/devkitPro/devkitARM/bin/../lib/gcc/arm-none-eabi/13.2.0/thumb\libgcc.a(unwind-arm.o)
                0x02020df4                __gnu_Unwind_Resume
 .text.__gnu_Unwind_Resume_or_Rethrow
                0x02020e40       0x20 C:/devkitPro/devkitARM/bin/../lib/gcc/arm-none-eabi/13.2.0/thumb\libgcc.a(unwind-arm.o)
                0x02020e40                __gnu_Unwind_Resume_or_Rethrow
 .text._Unwind_Complete
                0x02020e60        0x4 C:/devkitPro/devkitARM/bin/../lib/gcc/arm-none-eabi/13.2.0/thumb\libgcc.a(unwind-arm.o)
                0x02020e60                _Unwind_Complete
 .text._Unwind_DeleteException
                0x02020e64       0x18 C:/devkitPro/devkitARM/bin/../lib/gcc/arm-none-eabi/13.2.0/thumb\libgcc.a(unwind-arm.o)
                0x02020e64                _Unwind_DeleteException
 .text._Unwind_VRS_Get
                0x02020e7c       0x44 C:/devkitPro/devkitARM/bin/../lib/gcc/arm-none-eabi/13.2.0/thumb\libgcc.a(unwind-arm.o)
                0x02020e7c                _Unwind_VRS_Get
 .text._Unwind_GetGR
                0x02020ec0       0x1c C:/devkitPro/devkitARM/bin/../lib/gcc/arm-none-eabi/13.2.0/thumb\libgcc.a(unwind-arm.o)
 .text._Unwind_VRS_Set
                0x02020edc       0x44 C:/devkitPro/devkitARM/bin/../lib/gcc/arm-none-eabi/13.2.0/thumb\libgcc.a(unwind-arm.o)
                0x02020edc                _Unwind_VRS_Set
 .text._Unwind_SetGR
                0x02020f20       0x1c C:/devkitPro/devkitARM/bin/../lib/gcc/arm-none-eabi/13.2.0/thumb\libgcc.a(unwind-arm.o)
 .text.__gnu_Unwind_Backtrace
                0x02020f3c       0x78 C:/devkitPro/devkitARM/bin/../lib/gcc/arm-none-eabi/13.2.0/thumb\libgcc.a(unwind-arm.o)
                0x02020f3c                __gnu_Unwind_Backtrace
 .text.__gnu_unwind_pr_common
                0x02020fb4      0x2e8 C:/devkitPro/devkitARM/bin/../lib/gcc/arm-none-eabi/13.2.0/thumb\libgcc.a(unwind-arm.o)
 .text.__aeabi_unwind_cpp_pr0
                0x0202129c       0x10 C:/devkitPro/devkitARM/bin/../lib/gcc/arm-none-eabi/13.2.0/thumb\libgcc.a(unwind-arm.o)
                0x0202129c                __aeabi_unwind_cpp_pr0
 .text.__aeabi_unwind_cpp_pr1
                0x020212ac       0x10 C:/devkitPro/devkitARM/bin/../lib/gcc/arm-none-eabi/13.2.0/thumb\libgcc.a(unwind-arm.o)
                0x020212ac                __aeabi_unwind_cpp_pr1
 .text.__aeabi_unwind_cpp_pr2
                0x020212bc       0x10 C:/devkitPro/devkitARM/bin/../lib/gcc/arm-none-eabi/13.2.0/thumb\libgcc.a(unwind-arm.o)
                0x020212bc                __aeabi_unwind_cpp_pr2
 .text._Unwind_VRS_Pop
                0x020212cc      0x2b4 C:/devkitPro/devkitARM/bin/../lib/gcc/arm-none-eabi/13.2.0/thumb\libgcc.a(unwind-arm.o)
                0x020212cc                _Unwind_VRS_Pop
 .text.next_unwind_byte
                0x02021580       0x34 C:/devkitPro/devkitARM/bin/../lib/gcc/arm-none-eabi/13.2.0/thumb\libgcc.a(pr-support.o)
 .text._Unwind_GetGR.constprop.0
                0x020215b4       0x1c C:/devkitPro/devkitARM/bin/../lib/gcc/arm-none-eabi/13.2.0/thumb\libgcc.a(pr-support.o)
 .text.unwind_UCB_from_context
                0x020215d0        0xc C:/devkitPro/devkitARM/bin/../lib/gcc/arm-none-eabi/13.2.0/thumb\libgcc.a(pr-support.o)
 .text.__gnu_unwind_execute
                0x020215dc      0x310 C:/devkitPro/devkitARM/bin/../lib/gcc/arm-none-eabi/13.2.0/thumb\libgcc.a(pr-support.o)
                0x020215dc                __gnu_unwind_execute
 .text.__gnu_unwind_frame
                0x020218ec       0x2c C:/devkitPro/devkitARM/bin/../lib/gcc/arm-none-eabi/13.2.0/thumb\libgcc.a(pr-support.o)
                0x020218ec                __gnu_unwind_frame
 .text._Unwind_GetRegionStart
                0x02021918       0x10 C:/devkitPro/devkitARM/bin/../lib/gcc/arm-none-eabi/13.2.0/thumb\libgcc.a(pr-support.o)
                0x02021918                _Unwind_GetRegionStart
 .text._Unwind_GetLanguageSpecificData
                0x02021928       0x18 C:/devkitPro/devkitARM/bin/../lib/gcc/arm-none-eabi/13.2.0/thumb\libgcc.a(pr-support.o)
                0x02021928                _Unwind_GetLanguageSpecificData
 .text.unlikely._Unwind_GetDataRelBase
                0x02021940        0x6 C:/devkitPro/devkitARM/bin/../lib/gcc/arm-none-eabi/13.2.0/thumb\libgcc.a(pr-support.o)
                0x02021940                _Unwind_GetDataRelBase
 .text.unlikely._Unwind_GetTextRelBase
                0x02021946        0x6 C:/devkitPro/devkitARM/bin/../lib/gcc/arm-none-eabi/13.2.0/thumb\libgcc.a(pr-support.o)
                0x02021946                _Unwind_GetTextRelBase
 .text.towlower
                0x0202194c       0x10 C:/devkitPro/devkitARM/bin/../lib/gcc/arm-none-eabi/13.2.0/../../../../arm-none-eabi/lib/thumb\libg.a(libc_a-towlower.o)
                0x0202194c                towlower
 .text._mbrtowc_r
                0x0202195c       0x90 C:/devkitPro/devkitARM/bin/../lib/gcc/arm-none-eabi/13.2.0/../../../../arm-none-eabi/lib/thumb\libg.a(libc_a-mbrtowc.o)
                0x0202195c                _mbrtowc_r
 .text.mbrtowc  0x020219ec       0x94 C:/devkitPro/devkitARM/bin/../lib/gcc/arm-none-eabi/13.2.0/../../../../arm-none-eabi/lib/thumb\libg.a(libc_a-mbrtowc.o)
                0x020219ec                mbrtowc
 .text._wcrtomb_r
                0x02021a80       0x84 C:/devkitPro/devkitARM/bin/../lib/gcc/arm-none-eabi/13.2.0/../../../../arm-none-eabi/lib/thumb\libg.a(libc_a-wcrtomb.o)
                0x02021a80                _wcrtomb_r
 .text.wcrtomb  0x02021b04       0x88 C:/devkitPro/devkitARM/bin/../lib/gcc/arm-none-eabi/13.2.0/../../../../arm-none-eabi/lib/thumb\libg.a(libc_a-wcrtomb.o)
                0x02021b04                wcrtomb
 .text.towupper
                0x02021b8c       0x10 C:/devkitPro/devkitARM/bin/../lib/gcc/arm-none-eabi/13.2.0/../../../../arm-none-eabi/lib/thumb\libg.a(libc_a-towupper.o)
                0x02021b8c                towupper
 .text.printf   0x02021b9c       0x24 C:/devkitPro/devkitARM/bin/../lib/gcc/arm-none-eabi/13.2.0/../../../../arm-none-eabi/lib/thumb\libg.a(libc_a-printf.o)
                0x02021b9c                printf
 .text.mbsrtowcs
                0x02021bc0       0x28 C:/devkitPro/devkitARM/bin/../lib/gcc/arm-none-eabi/13.2.0/../../../../arm-none-eabi/lib/thumb\libg.a(libc_a-mbsrtowcs.o)
                0x02021bc0                mbsrtowcs
 .text.wctob    0x02021be8       0x58 C:/devkitPro/devkitARM/bin/../lib/gcc/arm-none-eabi/13.2.0/../../../../arm-none-eabi/lib/thumb\libg.a(libc_a-wctob.o)
                0x02021be8                wctob
 .text.towctrans
                0x02021c40       0x28 C:/devkitPro/devkitARM/bin/../lib/gcc/arm-none-eabi/13.2.0/../../../../arm-none-eabi/lib/thumb\libg.a(libc_a-towctrans.o)
                0x02021c40                towctrans
 .text.sprintf  0x02021c68       0x40 C:/devkitPro/devkitARM/bin/../lib/gcc/arm-none-eabi/13.2.0/../../../../arm-none-eabi/lib/thumb\libg.a(libc_a-sprintf.o)
                0x02021c68                sprintf
 .text.abort    0x02021ca8       0x10 C:/devkitPro/devkitARM/bin/../lib/gcc/arm-none-eabi/13.2.0/../../../../arm-none-eabi/lib/thumb\libg.a(libc_a-abort.o)
                0x02021ca8                abort
 .text.sscanf   0x02021cb8       0x4c C:/devkitPro/devkitARM/bin/../lib/gcc/arm-none-eabi/13.2.0/../../../../arm-none-eabi/lib/thumb\libg.a(libc_a-sscanf.o)
                0x02021cb8                sscanf
 .text.__sread  0x02021d04       0x34 C:/devkitPro/devkitARM/bin/../lib/gcc/arm-none-eabi/13.2.0/../../../../arm-none-eabi/lib/thumb\libg.a(libc_a-stdio.o)
                0x02021d04                __sread
 .text.__seofread
                0x02021d38        0x4 C:/devkitPro/devkitARM/bin/../lib/gcc/arm-none-eabi/13.2.0/../../../../arm-none-eabi/lib/thumb\libg.a(libc_a-stdio.o)
                0x02021d38                __seofread
 .text.__swrite
                0x02021d3c       0x4c C:/devkitPro/devkitARM/bin/../lib/gcc/arm-none-eabi/13.2.0/../../../../arm-none-eabi/lib/thumb\libg.a(libc_a-stdio.o)
                0x02021d3c                __swrite
 .text.__sseek  0x02021d88       0x44 C:/devkitPro/devkitARM/bin/../lib/gcc/arm-none-eabi/13.2.0/../../../../arm-none-eabi/lib/thumb\libg.a(libc_a-stdio.o)
                0x02021d88                __sseek
 .text.__sclose
                0x02021dcc       0x10 C:/devkitPro/devkitARM/bin/../lib/gcc/arm-none-eabi/13.2.0/../../../../arm-none-eabi/lib/thumb\libg.a(libc_a-stdio.o)
                0x02021dcc                __sclose
 .text.calloc   0x02021ddc       0x18 C:/devkitPro/devkitARM/bin/../lib/gcc/arm-none-eabi/13.2.0/../../../../arm-none-eabi/lib/thumb\libg.a(libc_a-calloc.o)
                0x02021ddc                calloc
 .text._calloc_r
                0x02021df4       0xb8 C:/devkitPro/devkitARM/bin/../lib/gcc/arm-none-eabi/13.2.0/../../../../arm-none-eabi/lib/thumb\libg.a(libc_a-callocr.o)
                0x02021df4                _calloc_r
 .text.strchr   0x02021eac       0xc8 C:/devkitPro/devkitARM/bin/../lib/gcc/arm-none-eabi/13.2.0/../../../../arm-none-eabi/lib/thumb\libg.a(libc_a-strchr.o)
                0x02021eac                strchr
 .text.memcmp   0x02021f74       0x4c C:/devkitPro/devkitARM/bin/../lib/gcc/arm-none-eabi/13.2.0/../../../../arm-none-eabi/lib/thumb\libg.a(libc_a-memcmp.o)
                0x02021f74                memcmp
 .text._fclose_r
                0x02021fc0       0xd8 C:/devkitPro/devkitARM/bin/../lib/gcc/arm-none-eabi/13.2.0/../../../../arm-none-eabi/lib/thumb\libg.a(libc_a-fclose.o)
                0x02021fc0                _fclose_r
 .text.fclose   0x02022098       0x14 C:/devkitPro/devkitARM/bin/../lib/gcc/arm-none-eabi/13.2.0/../../../../arm-none-eabi/lib/thumb\libg.a(libc_a-fclose.o)
                0x02022098                fclose
 .text.get_arg  0x020220ac      0x434 C:/devkitPro/devkitARM/bin/../lib/gcc/arm-none-eabi/13.2.0/../../../../arm-none-eabi/lib/thumb\libg.a(libc_a-svfprintf.o)
 .text._svfprintf_r
                0x020224e0     0x2314 C:/devkitPro/devkitARM/bin/../lib/gcc/arm-none-eabi/13.2.0/../../../../arm-none-eabi/lib/thumb\libg.a(libc_a-svfprintf.o)
                0x020224e0                _svfprintf_r
 .text.malloc   0x020247f4       0x14 C:/devkitPro/devkitARM/bin/../lib/gcc/arm-none-eabi/13.2.0/../../../../arm-none-eabi/lib/thumb\libg.a(libc_a-malloc.o)
                0x020247f4                malloc
 .text.free     0x02024808       0x14 C:/devkitPro/devkitARM/bin/../lib/gcc/arm-none-eabi/13.2.0/../../../../arm-none-eabi/lib/thumb\libg.a(libc_a-malloc.o)
                0x02024808                free
 .text.get_arg  0x0202481c       0x3e C:/devkitPro/devkitARM/bin/../lib/gcc/arm-none-eabi/13.2.0/../../../../arm-none-eabi/lib/thumb\libg.a(libc_a-svfscanf.o)
 *fill*         0x0202485a        0x2 ff
 .text.__ssvfscanf_r
                0x0202485c     0x20b8 C:/devkitPro/devkitARM/bin/../lib/gcc/arm-none-eabi/13.2.0/../../../../arm-none-eabi/lib/thumb\libg.a(libc_a-svfscanf.o)
                0x0202485c                __ssvfscanf_r
 .text._malloc_r
                0x02026914      0x558 C:/devkitPro/devkitARM/bin/../lib/gcc/arm-none-eabi/13.2.0/../../../../arm-none-eabi/lib/thumb\libg.a(libc_a-mallocr.o)
                0x02026914                _malloc_r
 .text.getenv   0x02026e6c       0x1c C:/devkitPro/devkitARM/bin/../lib/gcc/arm-none-eabi/13.2.0/../../../../arm-none-eabi/lib/thumb\libg.a(libc_a-getenv.o)
                0x02026e6c                getenv
 .text.memmove  0x02026e88       0xbc C:/devkitPro/devkitARM/bin/../lib/gcc/arm-none-eabi/13.2.0/../../../../arm-none-eabi/lib/thumb\libg.a(libc_a-memmove.o)
                0x02026e88                memmove
 .text._findenv_r
                0x02026f44       0x94 C:/devkitPro/devkitARM/bin/../lib/gcc/arm-none-eabi/13.2.0/../../../../arm-none-eabi/lib/thumb\libg.a(libc_a-getenv_r.o)
                0x02026f44                _findenv_r
 .text._getenv_r
                0x02026fd8       0x10 C:/devkitPro/devkitARM/bin/../lib/gcc/arm-none-eabi/13.2.0/../../../../arm-none-eabi/lib/thumb\libg.a(libc_a-getenv_r.o)
                0x02026fd8                _getenv_r
 .text.memset   0x02026fe8       0xb0 C:/devkitPro/devkitARM/bin/../lib/gcc/arm-none-eabi/13.2.0/../../../../arm-none-eabi/lib/thumb\libg.a(libc_a-memset.o)
                0x02026fe8                memset
 .text.__malloc_lock
                0x02027098       0x14 C:/devkitPro/devkitARM/bin/../lib/gcc/arm-none-eabi/13.2.0/../../../../arm-none-eabi/lib/thumb\libg.a(libc_a-mlock.o)
                0x02027098                __malloc_lock
 .text.__malloc_unlock
                0x020270ac       0x14 C:/devkitPro/devkitARM/bin/../lib/gcc/arm-none-eabi/13.2.0/../../../../arm-none-eabi/lib/thumb\libg.a(libc_a-mlock.o)
                0x020270ac                __malloc_unlock